W/WifiStateTracker(  189): getNetworkInfo : NetworkInfo: type: WIFI[], state: CONNECTED/CONNECTED, reason: (unspecified), extra: (none), roaming: false, failover: false, isAvailable: true

W/WifiStateTracker(  189): getNetworkInfo : NetworkInfo: type: WIFI[], state: CONNECTED/CONNECTED, reason: (unspecified), extra: (none), roaming: false, failover: false, isAvailable: true

W/WifiStateTracker(  189): getNetworkInfo : NetworkInfo: type: WIFI[], state: CONNECTED/CONNECTED, reason: (unspecified), extra: (none), roaming: false, failover: false, isAvailable: true

W/WifiStateTracker(  189): getNetworkInfo : NetworkInfo: type: WIFI[], state: CONNECTED/CONNECTED, reason: (unspecified), extra: (none), roaming: false, failover: false, isAvailable: true

W/WifiStateTracker(  189): getNetworkInfo : NetworkInfo: type: WIFI[], state: CONNECTED/CONNECTED, reason: (unspecified), extra: (none), roaming: false, failover: false, isAvailable: true

W/WifiStateTracker(  189): getNetworkInfo : NetworkInfo: type: WIFI[], state: CONNECTED/CONNECTED, reason: (unspecified), extra: (none), roaming: false, failover: false, isAvailable: true

W/WifiStateTracker(  189): getNetworkInfo : NetworkInfo: type: WIFI[], state: CONNECTED/CONNECTED, reason: (unspecified), extra: (none), roaming: false, failover: false, isAvailable: true

W/WifiStateTracker(  189): getNetworkInfo : NetworkInfo: type: WIFI[], state: CONNECTED/CONNECTED, reason: (unspecified), extra: (none), roaming: false, failover: false, isAvailable: true

W/WifiStateTracker(  189): getNetworkInfo : NetworkInfo: type: WIFI[], state: CONNECTED/CONNECTED, reason: (unspecified), extra: (none), roaming: false, failover: false, isAvailable: true

W/WifiStateTracker(  189): getNetworkInfo : NetworkInfo: type: WIFI[], state: CONNECTED/CONNECTED, reason: (unspecified), extra: (none), roaming: false, failover: false, isAvailable: true

W/WifiStateTracker(  189): getNetworkInfo : NetworkInfo: type: WIFI[], state: CONNECTED/CONNECTED, reason: (unspecified), extra: (none), roaming: false, failover: false, isAvailable: true

W/WifiStateTracker(  189): getNetworkInfo : NetworkInfo: type: WIFI[], state: CONNECTED/CONNECTED, reason: (unspecified), extra: (none), roaming: false, failover: false, isAvailable: true

W/WifiStateTracker(  189): getNetworkInfo : NetworkInfo: type: WIFI[], state: CONNECTED/CONNECTED, reason: (unspecified), extra: (none), roaming: false, failover: false, isAvailable: true

W/WifiStateTracker(  189): getNetworkInfo : NetworkInfo: type: WIFI[], state: CONNECTED/CONNECTED, reason: (unspecified), extra: (none), roaming: false, failover: false, isAvailable: true

W/WifiStateTracker(  189): getNetworkInfo : NetworkInfo: type: WIFI[], state: CONNECTED/CONNECTED, reason: (unspecified), extra: (none), roaming: false, failover: false, isAvailable: true

W/WifiStateTracker(  189): getNetworkInfo : NetworkInfo: type: WIFI[], state: CONNECTED/CONNECTED, reason: (unspecified), extra: (none), roaming: false, failover: false, isAvailable: true

W/WifiStateTracker(  189): getNetworkInfo : NetworkInfo: type: WIFI[], state: CONNECTED/CONNECTED, reason: (unspecified), extra: (none), roaming: false, failover: false, isAvailable: true

W/WifiStateTracker(  189): getNetworkInfo : NetworkInfo: type: WIFI[], state: CONNECTED/CONNECTED, reason: (unspecified), extra: (none), roaming: false, failover: false, isAvailable: true

W/WifiStateTracker(  189): getNetworkInfo : NetworkInfo: type: WIFI[], state: CONNECTED/CONNECTED, reason: (unspecified), extra: (none), roaming: false, failover: false, isAvailable: true

W/WifiStateTracker(  189): getNetworkInfo : NetworkInfo: type: WIFI[], state: CONNECTED/CONNECTED, reason: (unspecified), extra: (none), roaming: false, failover: false, isAvailable: true

W/WifiStateTracker(  189): getNetworkInfo : NetworkInfo: type: WIFI[], state: CONNECTED/CONNECTED, reason: (unspecified), extra: (none), roaming: false, failover: false, isAvailable: true

W/WifiStateTracker(  189): getNetworkInfo : NetworkInfo: type: WIFI[], state: CONNECTED/CONNECTED, reason: (unspecified), extra: (none), roaming: false, failover: false, isAvailable: true

W/WifiStateTracker(  189): getNetworkInfo : NetworkInfo: type: WIFI[], state: CONNECTED/CONNECTED, reason: (unspecified), extra: (none), roaming: false, failover: false, isAvailable: true

W/WifiStateTracker(  189): getNetworkInfo : NetworkInfo: type: WIFI[], state: CONNECTED/CONNECTED, reason: (unspecified), extra: (none), roaming: false, failover: false, isAvailable: true

W/WifiStateTracker(  189): getNetworkInfo : NetworkInfo: type: WIFI[], state: CONNECTED/CONNECTED, reason: (unspecified), extra: (none), roaming: false, failover: false, isAvailable: true

W/WifiStateTracker(  189): getNetworkInfo : NetworkInfo: type: WIFI[], state: CONNECTED/CONNECTED, reason: (unspecified), extra: (none), roaming: false, failover: false, isAvailable: true

W/WifiStateTracker(  189): getNetworkInfo : NetworkInfo: type: WIFI[], state: CONNECTED/CONNECTED, reason: (unspecified), extra: (none), roaming: false, failover: false, isAvailable: true

W/WifiStateTracker(  189): getNetworkInfo : NetworkInfo: type: WIFI[], state: CONNECTED/CONNECTED, reason: (unspecified), extra: (none), roaming: false, failover: false, isAvailable: true

W/WifiStateTracker(  189): getNetworkInfo : NetworkInfo: type: WIFI[], state: CONNECTED/CONNECTED, reason: (unspecified), extra: (none), roaming: false, failover: false, isAvailable: true

W/WifiStateTracker(  189): getNetworkInfo : NetworkInfo: type: WIFI[], state: CONNECTED/CONNECTED, reason: (unspecified), extra: (none), roaming: false, failover: false, isAvailable: true

W/WifiStateTracker(  189): getNetworkInfo : NetworkInfo: type: WIFI[], state: CONNECTED/CONNECTED, reason: (unspecified), extra: (none), roaming: false, failover: false, isAvailable: true

W/WifiStateTracker(  189): getNetworkInfo : NetworkInfo: type: WIFI[], state: CONNECTED/CONNECTED, reason: (unspecified), extra: (none), roaming: false, failover: false, isAvailable: true

W/WifiStateTracker(  189): getNetworkInfo : NetworkInfo: type: WIFI[], state: CONNECTED/CONNECTED, reason: (unspecified), extra: (none), roaming: false, failover: false, isAvailable: true

W/WifiStateTracker(  189): getNetworkInfo : NetworkInfo: type: WIFI[], state: CONNECTED/CONNECTED, reason: (unspecified), extra: (none), roaming: false, failover: false, isAvailable: true

W/WifiStateTracker(  189): getNetworkInfo : NetworkInfo: type: WIFI[], state: CONNECTED/CONNECTED, reason: (unspecified), extra: (none), roaming: false, failover: false, isAvailable: true

W/WifiStateTracker(  189): getNetworkInfo : NetworkInfo: type: WIFI[], state: CONNECTED/CONNECTED, reason: (unspecified), extra: (none), roaming: false, failover: false, isAvailable: true

W/WifiStateTracker(  189): getNetworkInfo : NetworkInfo: type: WIFI[], state: CONNECTED/CONNECTED, reason: (unspecified), extra: (none), roaming: false, failover: false, isAvailable: true

W/WifiStateTracker(  189): getNetworkInfo : NetworkInfo: type: WIFI[], state: CONNECTED/CONNECTED, reason: (unspecified), extra: (none), roaming: false, failover: false, isAvailable: true

W/WifiStateTracker(  189): getNetworkInfo : NetworkInfo: type: WIFI[], state: CONNECTED/CONNECTED, reason: (unspecified), extra: (none), roaming: false, failover: false, isAvailable: true

W/WifiStateTracker(  189): getNetworkInfo : NetworkInfo: type: WIFI[], state: CONNECTED/CONNECTED, reason: (unspecified), extra: (none), roaming: false, failover: false, isAvailable: true

W/WifiStateTracker(  189): getNetworkInfo : NetworkInfo: type: WIFI[], state: CONNECTED/CONNECTED, reason: (unspecified), extra: (none), roaming: false, failover: false, isAvailable: true

W/WifiStateTracker(  189): getNetworkInfo : NetworkInfo: type: WIFI[], state: CONNECTED/CONNECTED, reason: (unspecified), extra: (none), roaming: false, failover: false, isAvailable: true

W/WifiStateTracker(  189): getNetworkInfo : NetworkInfo: type: WIFI[], state: CONNECTED/CONNECTED, reason: (unspecified), extra: (none), roaming: false, failover: false, isAvailable: true

W/WifiStateTracker(  189): getNetworkInfo : NetworkInfo: type: WIFI[], state: CONNECTED/CONNECTED, reason: (unspecified), extra: (none), roaming: false, failover: false, isAvailable: true

W/WifiStateTracker(  189): getNetworkInfo : NetworkInfo: type: WIFI[], state: CONNECTED/CONNECTED, reason: (unspecified), extra: (none), roaming: false, failover: false, isAvailable: true

W/WifiStateTracker(  189): getNetworkInfo : NetworkInfo: type: WIFI[], state: CONNECTED/CONNECTED, reason: (unspecified), extra: (none), roaming: false, failover: false, isAvailable: true

W/WifiStateTracker(  189): getNetworkInfo : NetworkInfo: type: WIFI[], state: CONNECTED/CONNECTED, reason: (unspecified), extra: (none), roaming: false, failover: false, isAvailable: true

W/WifiStateTracker(  189): getNetworkInfo : NetworkInfo: type: WIFI[], state: CONNECTED/CONNECTED, reason: (unspecified), extra: (none), roaming: false, failover: false, isAvailable: true

W/WifiStateTracker(  189): getNetworkInfo : NetworkInfo: type: WIFI[], state: CONNECTED/CONNECTED, reason: (unspecified), extra: (none), roaming: false, failover: false, isAvailable: true

W/WifiStateTracker(  189): getNetworkInfo : NetworkInfo: type: WIFI[], state: CONNECTED/CONNECTED, reason: (unspecified), extra: (none), roaming: false, failover: false, isAvailable: true

W/WifiStateTracker(  189): getNetworkInfo : NetworkInfo: type: WIFI[], state: CONNECTED/CONNECTED, reason: (unspecified), extra: (none), roaming: false, failover: false, isAvailable: true

W/WifiStateTracker(  189): getNetworkInfo : NetworkInfo: type: WIFI[], state: CONNECTED/CONNECTED, reason: (unspecified), extra: (none), roaming: false, failover: false, isAvailable: true

W/WifiStateTracker(  189): getNetworkInfo : NetworkInfo: type: WIFI[], state: CONNECTED/CONNECTED, reason: (unspecified), extra: (none), roaming: false, failover: false, isAvailable: true

W/WifiStateTracker(  189): getNetworkInfo : NetworkInfo: type: WIFI[], state: CONNECTED/CONNECTED, reason: (unspecified), extra: (none), roaming: false, failover: false, isAvailable: true

W/WifiStateTracker(  189): getNetworkInfo : NetworkInfo: type: WIFI[], state: CONNECTED/CONNECTED, reason: (unspecified), extra: (none), roaming: false, failover: false, isAvailable: true

W/WifiStateTracker(  189): getNetworkInfo : NetworkInfo: type: WIFI[], state: CONNECTED/CONNECTED, reason: (unspecified), extra: (none), roaming: false, failover: false, isAvailable: true

W/WifiStateTracker(  189): getNetworkInfo : NetworkInfo: type: WIFI[], state: CONNECTED/CONNECTED, reason: (unspecified), extra: (none), roaming: false, failover: false, isAvailable: true

W/WifiStateTracker(  189): getNetworkInfo : NetworkInfo: type: WIFI[], state: CONNECTED/CONNECTED, reason: (unspecified), extra: (none), roaming: false, failover: false, isAvailable: true

W/WifiStateTracker(  189): getNetworkInfo : NetworkInfo: type: WIFI[], state: CONNECTED/CONNECTED, reason: (unspecified), extra: (none), roaming: false, failover: false, isAvailable: true

W/WifiStateTracker(  189): getNetworkInfo : NetworkInfo: type: WIFI[], state: CONNECTED/CONNECTED, reason: (unspecified), extra: (none), roaming: false, failover: false, isAvailable: true

W/WifiStateTracker(  189): getNetworkInfo : NetworkInfo: type: WIFI[], state: CONNECTED/CONNECTED, reason: (unspecified), extra: (none), roaming: false, failover: false, isAvailable: true

W/WifiStateTracker(  189): getNetworkInfo : NetworkInfo: type: WIFI[], state: CONNECTED/CONNECTED, reason: (unspecified), extra: (none), roaming: false, failover: false, isAvailable: true

W/WifiStateTracker(  189): getNetworkInfo : NetworkInfo: type: WIFI[], state: CONNECTED/CONNECTED, reason: (unspecified), extra: (none), roaming: false, failover: false, isAvailable: true

W/WifiStateTracker(  189): getNetworkInfo : NetworkInfo: type: WIFI[], state: CONNECTED/CONNECTED, reason: (unspecified), extra: (none), roaming: false, failover: false, isAvailable: true

W/WifiStateTracker(  189): getNetworkInfo : NetworkInfo: type: WIFI[], state: CONNECTED/CONNECTED, reason: (unspecified), extra: (none), roaming: false, failover: false, isAvailable: true

W/WifiStateTracker(  189): getNetworkInfo : NetworkInfo: type: WIFI[], state: CONNECTED/CONNECTED, reason: (unspecified), extra: (none), roaming: false, failover: false, isAvailable: true

W/WifiStateTracker(  189): getNetworkInfo : NetworkInfo: type: WIFI[], state: CONNECTED/CONNECTED, reason: (unspecified), extra: (none), roaming: false, failover: false, isAvailable: true

W/WifiStateTracker(  189): getNetworkInfo : NetworkInfo: type: WIFI[], state: CONNECTED/CONNECTED, reason: (unspecified), extra: (none), roaming: false, failover: false, isAvailable: true

W/WifiStateTracker(  189): getNetworkInfo : NetworkInfo: type: WIFI[], state: CONNECTED/CONNECTED, reason: (unspecified), extra: (none), roaming: false, failover: false, isAvailable: true

W/WifiStateTracker(  189): getNetworkInfo : NetworkInfo: type: WIFI[], state: CONNECTED/CONNECTED, reason: (unspecified), extra: (none), roaming: false, failover: false, isAvailable: true

W/WifiStateTracker(  189): getNetworkInfo : NetworkInfo: type: WIFI[], state: CONNECTED/CONNECTED, reason: (unspecified), extra: (none), roaming: false, failover: false, isAvailable: true

W/WifiStateTracker(  189): getNetworkInfo : NetworkInfo: type: WIFI[], state: CONNECTED/CONNECTED, reason: (unspecified), extra: (none), roaming: false, failover: false, isAvailable: true

W/WifiStateTracker(  189): getNetworkInfo : NetworkInfo: type: WIFI[], state: CONNECTED/CONNECTED, reason: (unspecified), extra: (none), roaming: false, failover: false, isAvailable: true

W/WifiStateTracker(  189): getNetworkInfo : NetworkInfo: type: WIFI[], state: CONNECTED/CONNECTED, reason: (unspecified), extra: (none), roaming: false, failover: false, isAvailable: true

W/WifiStateTracker(  189): getNetworkInfo : NetworkInfo: type: WIFI[], state: CONNECTED/CONNECTED, reason: (unspecified), extra: (none), roaming: false, failover: false, isAvailable: true

W/WifiStateTracker(  189): getNetworkInfo : NetworkInfo: type: WIFI[], state: CONNECTED/CONNECTED, reason: (unspecified), extra: (none), roaming: false, failover: false, isAvailable: true

W/WifiStateTracker(  189): getNetworkInfo : NetworkInfo: type: WIFI[], state: CONNECTED/CONNECTED, reason: (unspecified), extra: (none), roaming: false, failover: false, isAvailable: true

W/WifiStateTracker(  189): getNetworkInfo : NetworkInfo: type: WIFI[], state: CONNECTED/CONNECTED, reason: (unspecified), extra: (none), roaming: false, failover: false, isAvailable: true

W/WifiStateTracker(  189): getNetworkInfo : NetworkInfo: type: WIFI[], state: CONNECTED/CONNECTED, reason: (unspecified), extra: (none), roaming: false, failover: false, isAvailable: true

W/WifiStateTracker(  189): getNetworkInfo : NetworkInfo: type: WIFI[], state: CONNECTED/CONNECTED, reason: (unspecified), extra: (none), roaming: false, failover: false, isAvailable: true

W/WifiStateTracker(  189): getNetworkInfo : NetworkInfo: type: WIFI[], state: CONNECTED/CONNECTED, reason: (unspecified), extra: (none), roaming: false, failover: false, isAvailable: true

W/WifiStateTracker(  189): getNetworkInfo : NetworkInfo: type: WIFI[], state: CONNECTED/CONNECTED, reason: (unspecified), extra: (none), roaming: false, failover: false, isAvailable: true

W/WifiStateTracker(  189): getNetworkInfo : NetworkInfo: type: WIFI[], state: CONNECTED/CONNECTED, reason: (unspecified), extra: (none), roaming: false, failover: false, isAvailable: true

W/WifiStateTracker(  189): getNetworkInfo : NetworkInfo: type: WIFI[], state: CONNECTED/CONNECTED, reason: (unspecified), extra: (none), roaming: false, failover: false, isAvailable: true

W/WifiStateTracker(  189): getNetworkInfo : NetworkInfo: type: WIFI[], state: CONNECTED/CONNECTED, reason: (unspecified), extra: (none), roaming: false, failover: false, isAvailable: true

W/WifiStateTracker(  189): getNetworkInfo : NetworkInfo: type: WIFI[], state: CONNECTED/CONNECTED, reason: (unspecified), extra: (none), roaming: false, failover: false, isAvailable: true

W/WifiStateTracker(  189): getNetworkInfo : NetworkInfo: type: WIFI[], state: CONNECTED/CONNECTED, reason: (unspecified), extra: (none), roaming: false, failover: false, isAvailable: true

W/WifiStateTracker(  189): getNetworkInfo : NetworkInfo: type: WIFI[], state: CONNECTED/CONNECTED, reason: (unspecified), extra: (none), roaming: false, failover: false, isAvailable: true

W/WifiStateTracker(  189): getNetworkInfo : NetworkInfo: type: WIFI[], state: CONNECTED/CONNECTED, reason: (unspecified), extra: (none), roaming: false, failover: false, isAvailable: true

W/WifiStateTracker(  189): getNetworkInfo : NetworkInfo: type: WIFI[], state: CONNECTED/CONNECTED, reason: (unspecified), extra: (none), roaming: false, failover: false, isAvailable: true

W/WifiStateTracker(  189): getNetworkInfo : NetworkInfo: type: WIFI[], state: CONNECTED/CONNECTED, reason: (unspecified), extra: (none), roaming: false, failover: false, isAvailable: true

W/WifiStateTracker(  189): getNetworkInfo : NetworkInfo: type: WIFI[], state: CONNECTED/CONNECTED, reason: (unspecified), extra: (none), roaming: false, failover: false, isAvailable: true

W/WifiStateTracker(  189): getNetworkInfo : NetworkInfo: type: WIFI[], state: CONNECTED/CONNECTED, reason: (unspecified), extra: (none), roaming: false, failover: false, isAvailable: true

W/WifiStateTracker(  189): getNetworkInfo : NetworkInfo: type: WIFI[], state: CONNECTED/CONNECTED, reason: (unspecified), extra: (none), roaming: false, failover: false, isAvailable: true

W/WifiStateTracker(  189): getNetworkInfo : NetworkInfo: type: WIFI[], state: CONNECTED/CONNECTED, reason: (unspecified), extra: (none), roaming: false, failover: false, isAvailable: true

W/WifiStateTracker(  189): getNetworkInfo : NetworkInfo: type: WIFI[], state: CONNECTED/CONNECTED, reason: (unspecified), extra: (none), roaming: false, failover: false, isAvailable: true

W/WifiStateTracker(  189): getNetworkInfo : NetworkInfo: type: WIFI[], state: CONNECTED/CONNECTED, reason: (unspecified), extra: (none), roaming: false, failover: false, isAvailable: true

W/WifiStateTracker(  189): getNetworkInfo : NetworkInfo: type: WIFI[], state: CONNECTED/CONNECTED, reason: (unspecified), extra: (none), roaming: false, failover: false, isAvailable: true

W/WifiStateTracker(  189): getNetworkInfo : NetworkInfo: type: WIFI[], state: CONNECTED/CONNECTED, reason: (unspecified), extra: (none), roaming: false, failover: false, isAvailable: true

W/WifiStateTracker(  189): getNetworkInfo : NetworkInfo: type: WIFI[], state: CONNECTED/CONNECTED, reason: (unspecified), extra: (none), roaming: false, failover: false, isAvailable: true

W/WifiStateTracker(  189): getNetworkInfo : NetworkInfo: type: WIFI[], state: CONNECTED/CONNECTED, reason: (unspecified), extra: (none), roaming: false, failover: false, isAvailable: true

W/WifiStateTracker(  189): getNetworkInfo : NetworkInfo: type: WIFI[], state: CONNECTED/CONNECTED, reason: (unspecified), extra: (none), roaming: false, failover: false, isAvailable: true

W/WifiStateTracker(  189): getNetworkInfo : NetworkInfo: type: WIFI[], state: CONNECTED/CONNECTED, reason: (unspecified), extra: (none), roaming: false, failover: false, isAvailable: true

W/WifiStateTracker(  189): getNetworkInfo : NetworkInfo: type: WIFI[], state: CONNECTED/CONNECTED, reason: (unspecified), extra: (none), roaming: false, failover: false, isAvailable: true

W/WifiStateTracker(  189): getNetworkInfo : NetworkInfo: type: WIFI[], state: CONNECTED/CONNECTED, reason: (unspecified), extra: (none), roaming: false, failover: false, isAvailable: true

W/WifiStateTracker(  189): getNetworkInfo : NetworkInfo: type: WIFI[], state: CONNECTED/CONNECTED, reason: (unspecified), extra: (none), roaming: false, failover: false, isAvailable: true

W/WifiStateTracker(  189): getNetworkInfo : NetworkInfo: type: WIFI[], state: CONNECTED/CONNECTED, reason: (unspecified), extra: (none), roaming: false, failover: false, isAvailable: true

W/WifiStateTracker(  189): getNetworkInfo : NetworkInfo: type: WIFI[], state: CONNECTED/CONNECTED, reason: (unspecified), extra: (none), roaming: false, failover: false, isAvailable: true

W/WifiStateTracker(  189): getNetworkInfo : NetworkInfo: type: WIFI[], state: CONNECTED/CONNECTED, reason: (unspecified), extra: (none), roaming: false, failover: false, isAvailable: true

W/WifiStateTracker(  189): getNetworkInfo : NetworkInfo: type: WIFI[], state: CONNECTED/CONNECTED, reason: (unspecified), extra: (none), roaming: false, failover: false, isAvailable: true

W/WifiStateTracker(  189): getNetworkInfo : NetworkInfo: type: WIFI[], state: CONNECTED/CONNECTED, reason: (unspecified), extra: (none), roaming: false, failover: false, isAvailable: true

W/WifiStateTracker(  189): getNetworkInfo : NetworkInfo: type: WIFI[], state: CONNECTED/CONNECTED, reason: (unspecified), extra: (none), roaming: false, failover: false, isAvailable: true

W/WifiStateTracker(  189): getNetworkInfo : NetworkInfo: type: WIFI[], state: CONNECTED/CONNECTED, reason: (unspecified), extra: (none), roaming: false, failover: false, isAvailable: true

W/WifiStateTracker(  189): getNetworkInfo : NetworkInfo: type: WIFI[], state: CONNECTED/CONNECTED, reason: (unspecified), extra: (none), roaming: false, failover: false, isAvailable: true

W/WifiStateTracker(  189): getNetworkInfo : NetworkInfo: type: WIFI[], state: CONNECTED/CONNECTED, reason: (unspecified), extra: (none), roaming: false, failover: false, isAvailable: true

W/WifiStateTracker(  189): getNetworkInfo : NetworkInfo: type: WIFI[], state: CONNECTED/CONNECTED, reason: (unspecified), extra: (none), roaming: false, failover: false, isAvailable: true

W/WifiStateTracker(  189): getNetworkInfo : NetworkInfo: type: WIFI[], state: CONNECTED/CONNECTED, reason: (unspecified), extra: (none), roaming: false, failover: false, isAvailable: true

W/WifiStateTracker(  189): getNetworkInfo : NetworkInfo: type: WIFI[], state: CONNECTED/CONNECTED, reason: (unspecified), extra: (none), roaming: false, failover: false, isAvailable: true

W/WifiStateTracker(  189): getNetworkInfo : NetworkInfo: type: WIFI[], state: CONNECTED/CONNECTED, reason: (unspecified), extra: (none), roaming: false, failover: false, isAvailable: true

W/WifiStateTracker(  189): getNetworkInfo : NetworkInfo: type: WIFI[], state: CONNECTED/CONNECTED, reason: (unspecified), extra: (none), roaming: false, failover: false, isAvailable: true

W/WifiStateTracker(  189): getNetworkInfo : NetworkInfo: type: WIFI[], state: CONNECTED/CONNECTED, reason: (unspecified), extra: (none), roaming: false, failover: false, isAvailable: true

W/WifiStateTracker(  189): getNetworkInfo : NetworkInfo: type: WIFI[], state: CONNECTED/CONNECTED, reason: (unspecified), extra: (none), roaming: false, failover: false, isAvailable: true

W/WifiStateTracker(  189): getNetworkInfo : NetworkInfo: type: WIFI[], state: CONNECTED/CONNECTED, reason: (unspecified), extra: (none), roaming: false, failover: false, isAvailable: true

W/WifiStateTracker(  189): getNetworkInfo : NetworkInfo: type: WIFI[], state: CONNECTED/CONNECTED, reason: (unspecified), extra: (none), roaming: false, failover: false, isAvailable: true

V/AlarmManager(  189): waitForAlarm result :8

D/LocationManagerService(  189): passive location requested by an application

V/AlarmManager(  189): waitForAlarm result :4

V/AlarmManager(  189): trigger WAKEUP Alarm{416a9540 type 2 com.google.android.apps.maps}

D/WifiService(  189): acquireWifiLockLocked: WifiLock{NetworkLocationLocator type=2 binder=android.os.BinderProxy@41669888}

W/WifiStateTracker(  189): getNetworkInfo : NetworkInfo: type: WIFI[], state: CONNECTED/CONNECTED, reason: (unspecified), extra: (none), roaming: false, failover: false, isAvailable: true

W/WifiStateTracker(  189): getNetworkInfo : NetworkInfo: type: WIFI[], state: CONNECTED/CONNECTED, reason: (unspecified), extra: (none), roaming: false, failover: false, isAvailable: true

V/AlarmManager(  189): waitForAlarm result :4

V/AlarmManager(  189): trigger WAKEUP Alarm{423edad0 type 2 android}

V/AlarmManager(  189): waitForAlarm result :4

V/AlarmManager(  189): trigger WAKEUP Alarm{41584938 type 2 com.google.android.apps.maps}

V/AlarmManager(  189): waitForAlarm result :4

V/AlarmManager(  189): trigger WAKEUP Alarm{41b538b8 type 2 com.google.android.apps.maps}

V/AlarmManager(  189): waitForAlarm result :1

V/AlarmManager(  189): trigger WAKEUP Alarm{41fc4d88 type 0 com.android.vending}

W/ActivityManager(  189): Timeout of broadcast BroadcastRecord{423aa3a0 android.intent.action.SCREEN_OFF} - receiver=android.os.BinderProxy@4235d560, started 20000ms ago

W/ActivityManager(  189): Receiver during timeout: BroadcastFilter{42036058 ReceiverList{4222e290 8291 com.google.process.gapps/10006 remote:4235d560}}

D/WifiService(  189): releaseWifiLockLocked: WifiLock{NetworkLocationLocator type=2 binder=android.os.BinderProxy@41669888}

V/AlarmManager(  189): ClockReceiver onReceive() ACTION_TIME_TICK

D/STATUSBAR-Clock(  272): onReceive() - ACTION_TIME_TICK

D/STATUSBAR-Clock(  272): updateClock :16:01

D/STATUSBAR-Clock(  272): onReceive() - ACTION_TIME_TICK

D/STATUSBAR-Clock(  272): updateClock :16:01

I/ActivityManager(  189): Start proc app.processName for service hostingNameStr: pid=8391 uid=10006 gids={3003, 1015, 1007, 2001, 3006, 1006, 3002, 3001}

I/ActivityManager(  189): Start proc app.processName for broadcast hostingNameStr: pid=8401 uid=10021 gids={3003, 1015}

W/ActivityManager(  189): Permission denied: checkComponentPermission() owningUid=10006

W/ActivityManager(  189): Permission Denial: broadcasting Intent { act=com.google.android.location.internal.server.ACTION_RESTARTED flg=0x10 } from r.callerPackage (pid=8366, uid=10021) is not exported from uid 10006 due to receiver info.activityInfo.packageName/info.activityInfo.name

E/ActivityManager(  189): act=com.google.android.gms.ads.identifier.service.START pkg=com.google.android.gmsLoad: 4.3 / 2.33 / 1.53

E/ActivityManager(  189): CPU usage from 5595ms to 0ms ago:

E/ActivityManager(  189):   68% 8350/com.google.android.gms: 67% user + 0.7% kernel / faults: 74 minor

E/ActivityManager(  189):   67% 8340/com.google.android.gms.persistent: 66% user + 0.8% kernel / faults: 119 minor

E/ActivityManager(  189):   58% 8291/com.google.process.gapps: 56% user + 1.6% kernel / faults: 130 minor

E/ActivityManager(  189):   2.8% 8366/com.google.android.apps.maps:GoogleLocationService: 2.5% user + 0.3% kernel / faults: 441 minor

E/ActivityManager(  189):   0.7% 188/flush-179:0: 0% user + 0.7% kernel

E/ActivityManager(  189):   0.7% 189/system_server: 0.1% user + 0.5% kernel / faults: 87 minor

E/ActivityManager(  189):   0.3% 545/android.process.acore: 0.2% user + 0% kernel / faults: 69 minor

E/ActivityManager(  189):   0.5% 78/mmcqd/0: 0% user + 0.5% kernel

E/ActivityManager(  189):   0.3% 5057/com.android.vending: 0.3% user + 0% kernel / faults: 28 minor

E/ActivityManager(  189):   0% 26/kswapd0: 0% user + 0% kernel

E/ActivityManager(  189): 100% TOTAL: 97% user + 2.4% kernel

E/ActivityManager(  189): CPU usage from 2187ms to 2732ms later:

E/ActivityManager(  189):   7.2% 189/system_server: 0% user + 7.2% kernel / faults: 3 minor

E/ActivityManager(  189):     7.2% 206/ActivityManager: 0% user + 7.2% kernel

E/ActivityManager(  189):   1.8% 78/mmcqd/0: 0% user + 1.8% kernel

E/ActivityManager(  189):   0.9% 152/kworker/0:2: 0% user + 0.9% kernel

E/ActivityManager(  189):   1.3% 8291/com.google.process.gapps: 1.3% user + 0% kernel / faults: 2 minor

E/ActivityManager(  189):     1.3% 8291/e.process.gapps: 1.3% user + 0% kernel

E/ActivityManager(  189): 55% TOTAL: 0% user + 6.7% kernel + 48% iowait

W/ActivityManager(  189): Killing ProcessRecord{4200cdc0 8291:com.google.process.gapps/10006}: background ANR

D/WifiService(  189): acquireWifiLockLocked: WifiLock{NetworkLocationCacheUpdater type=2 binder=android.os.BinderProxy@41e469c8}

I/ActivityManager(  189): Process app.processName (pid 8291) (adj 0) has died.

I/ActivityThread( 8310): Removing dead content provider: com.google.android.providers.talk

W/ActivityManager(  189): Scheduling restart of crashed service r.shortName in 5000ms

W/ActivityManager(  189): Scheduling restart of crashed service r.shortName in 15000ms

I/ActivityManager(  189): Kill capp.processName (pid 8310): provider cpr.info.name in dying process proc.processName

I/ActivityThread( 8366): Removing dead content provider: com.google.settings

I/ActivityManager(  189): Kill capp.processName (pid 8366): provider cpr.info.name in dying process proc.processName

D/WifiService(  189): releaseWifiLockLocked: WifiLock{NetworkLocationCacheUpdater type=2 binder=android.os.BinderProxy@41e469c8}

D/LocationManagerService(  189): Location requesting stopped by an application

I/ActivityManager(  189): Process app.processName (pid 8366) (adj 0) has died.

W/ActivityManager(  189): Scheduling restart of crashed service r.shortName in 24966ms

I/ActivityManager(  189): Process app.processName (pid 8310) (adj 9) has died.

W/ActivityManager(  189): Failure sending broadcast Intent { act=com.google.android.apps.maps.nlp.ALARM_WAKEUP_LOCATOR flg=0x14 (has extras) }

W/ActivityManager(  189): android.os.DeadObjectException

W/ActivityManager(  189): 	at android.os.BinderProxy.transact(Native Method)

W/ActivityManager(  189): 	at android.content.IIntentReceiver$Stub$Proxy.performReceive(IIntentReceiver.java:121)

W/ActivityManager(  189): 	at com.android.server.am.ActivityManagerService.performReceiveLocked(ActivityManagerService.java:13291)

W/ActivityManager(  189): 	at com.android.server.am.ActivityManagerService.deliverToRegisteredReceiverLocked(ActivityManagerService.java:13362)

W/ActivityManager(  189): 	at com.android.server.am.ActivityManagerService.processNextBroadcast(ActivityManagerService.java:13569)

W/ActivityManager(  189): 	at com.android.server.am.ActivityManagerService.access$100(ActivityManagerService.java:177)

W/ActivityManager(  189): 	at com.android.server.am.ActivityManagerService$2.handleMessage(ActivityManagerService.java:1097)

W/ActivityManager(  189): 	at android.os.Handler.dispatchMessage(Handler.java:99)

W/ActivityManager(  189): 	at android.os.Looper.loop(Looper.java:137)

W/ActivityManager(  189): 	at com.android.server.am.ActivityManagerService$AThread.run(ActivityManagerService.java:1529)

I/ActivityManager(  189): Start proc app.processName for broadcast hostingNameStr: pid=8420 uid=10006 gids={3003, 1015, 1007, 2001, 3006, 1006, 3002, 3001}

D/PowerManagerService(  189): enableUserActivity false

I/TabletStatusBar(  272): DISABLE_EXPAND: yes

E/TabletStatusBar(  272): closing mini mode apps panel

V/WindowManager(  189): rotationForOrientationLw(orient=4, last=0); user=0 USER_ROTATION_LOCKED mLidOpen=-1 mDockMode=0 mHdmiPlugged=false mAccelerometerDefault=0 sensorRotation=-1

I/TabletStatusBar(  272): DISABLE_CLOCK: yes

E/TabletStatusBar(  272): closing mini mode apps panel

W/WifiStateTracker(  189): getNetworkInfo : NetworkInfo: type: WIFI[], state: CONNECTED/CONNECTED, reason: (unspecified), extra: (none), roaming: false, failover: false, isAvailable: true

W/WifiStateTracker(  189): getNetworkInfo : NetworkInfo: type: WIFI[], state: CONNECTED/CONNECTED, reason: (unspecified), extra: (none), roaming: false, failover: false, isAvailable: true

W/WifiStateTracker(  189): getNetworkInfo : NetworkInfo: type: WIFI[], state: CONNECTED/CONNECTED, reason: (unspecified), extra: (none), roaming: false, failover: false, isAvailable: true

W/WifiStateTracker(  189): getNetworkInfo : NetworkInfo: type: WIFI[], state: CONNECTED/CONNECTED, reason: (unspecified), extra: (none), roaming: false, failover: false, isAvailable: true

W/ActivityManager(  189): Timeout executing service: ServiceRecord{424b9ff8 com.google.android.gms/.fitness.sync.FitnessSyncAdapterService}

D/ConnectivityService(  189): handleInetConditionHoldEnd: net=1, condition=100, published condition=100

W/WifiStateTracker(  189): getNetworkInfo : NetworkInfo: type: WIFI[], state: CONNECTED/CONNECTED, reason: (unspecified), extra: (none), roaming: false, failover: false, isAvailable: true

E/ActivityManager(  189): ANR in com.google.android.gms.persistent

E/ActivityManager(  189): Reason: Executing service com.google.android.gms/.fitness.sync.FitnessSyncAdapterService

E/ActivityManager(  189): Load: 4.03 / 2.31 / 1.53

E/ActivityManager(  189): CPU usage from 6997ms to 0ms ago with 99% awake:

E/ActivityManager(  189):   30% 189/system_server: 22% user + 8.2% kernel / faults: 8506 minor 24 major

E/ActivityManager(  189):   16% 8350/com.google.android.gms: 15% user + 0.8% kernel / faults: 373 minor

E/ActivityManager(  189):   10% 8340/com.google.android.gms.persistent: 7.7% user + 2.5% kernel / faults: 279 minor

E/ActivityManager(  189):   5.1% 78/mmcqd/0: 0% user + 5.1% kernel

E/ActivityManager(  189):   2.7% 26/kswapd0: 0% user + 2.7% kernel

E/ActivityManager(  189):   0.7% 272/com.android.systemui: 0.4% user + 0.3% kernel / faults: 492 minor 3 major

E/ActivityManager(  189):   2.2% 545/android.process.acore: 1.1% user + 1.1% kernel / faults: 350 minor 22 major

E/ActivityManager(  189):   1% 2697/com.android.sec.gallery3d: 0.7% user + 0.2% kernel / faults: 38 minor

E/ActivityManager(  189):   0.6% 268/dhd_dpc: 0% user + 0.6% kernel

E/ActivityManager(  189):   0.2% 110/surfaceflinger: 0.1% user + 0% kernel / faults: 40 minor 2 major

E/ActivityManager(  189):   0.3% 120/sdcard: 0% user + 0.3% kernel

E/ActivityManager(  189):   0.7% 5057/com.android.vending: 0.5% user + 0.1% kernel / faults: 378 minor 9 major

E/ActivityManager(  189):   0.3% 270/ksdioirqd/mmc1: 0% user + 0.3% kernel

E/ActivityManager(  189):   0% 111/zygote: 0% user + 0% kernel / faults: 304 minor

E/ActivityManager(  189):   0% 380/com.android.phone: 0% user + 0% kernel / faults: 187 minor 1 major

E/ActivityManager(  189):   0% 3/ksoftirqd/0: 0% user + 0% kernel

E/ActivityManager(  189):   0% 95/jbd2/mmcblk0p8-: 0% user + 0% kernel

E/ActivityManager(  189):   0% 100/servicemanager: 0% user + 0% kernel / faults: 19 minor 2 major

E/ActivityManager(  189):   0% 152/kworker/0:2: 0% user + 0% kernel

E/ActivityManager(  189):   0% 267/dhd_watchdog: 0% user + 0% kernel

E/ActivityManager(  189):   0% 414/com.sec.android.app.launcher: 0% user + 0% kernel / faults: 199 minor 1 major

E/ActivityManager(  189):   0% 1220/com.sec.android.socialhub:service: 0% user + 0% kernel / faults: 372 minor

E/ActivityManager(  189):   0% 1351/com.sec.android.widgetapp.newswidget: 0% user + 0% kernel / faults: 320 minor 1 major

E/ActivityManager(  189):   0% 1737/irq/178-host_sp: 0% user + 0% kernel

E/ActivityManager(  189):   0% 4002/com.google.android.apps.maps:LocationFriendService: 0% user + 0% kernel / faults: 355 minor

E/ActivityManager(  189):   0% 8066/kworker/1:0: 0% user + 0% kernel

E/ActivityManager(  189):  +0% 8391/com.google.android.gsf.login: 0% user + 0% kernel

E/ActivityManager(  189):  +0% 8401/com.google.android.apps.maps:FriendService: 0% user + 0% kernel

E/ActivityManager(  189):  +0% 8420/com.google.process.gapps: 0% user + 0% kernel

E/ActivityManager(  189):  +0% 8434/dexopt: 0% user + 0% kernel

E/ActivityManager(  189): 83% TOTAL: 42% user + 14% kernel + 26% iowait + 0.4% softirq

E/ActivityManager(  189): CPU usage from 581ms to 1123ms later:

E/ActivityManager(  189):   7.4% 189/system_server: 1.8% user + 5.5% kernel

E/ActivityManager(  189):     7.4% 206/ActivityManager: 1.8% user + 5.5% kernel

E/ActivityManager(  189):   1% 78/mmcqd/0: 0% user + 1% kernel

E/ActivityManager(  189):   1% 188/flush-179:0: 0% user + 1% kernel

E/ActivityManager(  189):   1.2% 2697/com.android.sec.gallery3d: 0% user + 1.2% kernel

E/ActivityManager(  189): 51% TOTAL: 0.9% user + 3.8% kernel + 47% iowait

W/ActivityManager(  189): Killing ProcessRecord{419a98f8 8340:com.google.android.gms.persistent/10006}: background ANR

D/STATUSBAR-NetworkController(  272): onReceive() - CONNECTIVITY_ACTION, INET_CONDITION_ACTION

D/STATUSBAR-NetworkController(  272): updateDataIcon: mDataState=0

D/STATUSBAR-NetworkController(  272): updateDataIcon: mSimState=ABSENTupdateDataIcon: mDataActivity=0

I/ActivityManager(  189): Process app.processName (pid 8340) (adj 0) has died.

W/ActivityManager(  189): Scheduling restart of crashed service r.shortName in 5000ms

W/ActivityManager(  189): Scheduling restart of crashed service r.shortName in 29538ms

D/STATUSBAR-NetworkController(  272): updateDataIcon: mDataDirectionIconId=2130837681updateDataIcon: mDataConnected=false

W/PowerManagerService(  189): Timer 0x0->0x0|0x0

V/AlarmManager(  189): waitForAlarm result :4

V/AlarmManager(  189): trigger WAKEUP Alarm{414ca638 type 2 com.google.android.apps.maps}

D/BatteryService(  189): update start

D/BatteryService(  189): level:89 scale:100 status:3 health:2 present:true voltage: 4098 temperature: 215 technology: Li-ion AC powered:false USB powered:true icon:17302819 invalid charger:0

D/WifiService(  189): ACTION_BATTERY_CHANGED pluggedType: 2

D/UiModeManager(  189): mLastBroadcastState = 0mCarModeEnabled = falseisDeskDockState(mDockState) = false

V/UiModeManager(  189): updateLocked: null action, mDockState=0, firing homeIntent: null

D/UiModeManager(  189): updateConfigurationLocked: mDockState=0; mCarMode=false; mNightMode=0; uiMode=17

D/STATUSBAR-BatteryController(  272): onReceive() - ACTION_BATTERY_CHANGED

D/STATUSBAR-BatteryController(  272): onReceive() - level:89

D/STATUSBAR-BatteryController(  272): onReceive() - plugged:2

D/STATUSBAR-BatteryController(  272): onReceive() - BATTERY_STATUS_DISCHARGING: tw_stat_sys_battery_usb_not_charge

D/TabletStatusBar(  272): ACTION_BATTERY_CHANGED

D/TabletStatusBar(  272): NORMAL_BATTERY

I/ActivityManager(  189): Start proc app.processName for service hostingNameStr: pid=8449 uid=10006 gids={3003, 1015, 1007, 2001, 3006, 1006, 3002, 3001}

W/WifiStateTracker(  189): getNetworkInfo : NetworkInfo: type: WIFI[], state: CONNECTED/CONNECTED, reason: (unspecified), extra: (none), roaming: false, failover: false, isAvailable: true

W/WifiStateTracker(  189): getNetworkInfo : NetworkInfo: type: WIFI[], state: CONNECTED/CONNECTED, reason: (unspecified), extra: (none), roaming: false, failover: false, isAvailable: true

W/WifiStateTracker(  189): getNetworkInfo : NetworkInfo: type: WIFI[], state: CONNECTED/CONNECTED, reason: (unspecified), extra: (none), roaming: false, failover: false, isAvailable: true

W/WifiStateTracker(  189): getNetworkInfo : NetworkInfo: type: WIFI[], state: CONNECTED/CONNECTED, reason: (unspecified), extra: (none), roaming: false, failover: false, isAvailable: true

W/WifiStateTracker(  189): getNetworkInfo : NetworkInfo: type: WIFI[], state: CONNECTED/CONNECTED, reason: (unspecified), extra: (none), roaming: false, failover: false, isAvailable: true

W/WifiStateTracker(  189): getNetworkInfo : NetworkInfo: type: WIFI[], state: CONNECTED/CONNECTED, reason: (unspecified), extra: (none), roaming: false, failover: false, isAvailable: true

W/WifiStateTracker(  189): getNetworkInfo : NetworkInfo: type: WIFI[], state: CONNECTED/CONNECTED, reason: (unspecified), extra: (none), roaming: false, failover: false, isAvailable: true

W/WifiStateTracker(  189): getNetworkInfo : NetworkInfo: type: WIFI[], state: CONNECTED/CONNECTED, reason: (unspecified), extra: (none), roaming: false, failover: false, isAvailable: true

W/WifiStateTracker(  189): getNetworkInfo : NetworkInfo: type: WIFI[], state: CONNECTED/CONNECTED, reason: (unspecified), extra: (none), roaming: false, failover: false, isAvailable: true

W/WifiStateTracker(  189): getNetworkInfo : NetworkInfo: type: WIFI[], state: CONNECTED/CONNECTED, reason: (unspecified), extra: (none), roaming: false, failover: false, isAvailable: true

W/WifiStateTracker(  189): getNetworkInfo : NetworkInfo: type: WIFI[], state: CONNECTED/CONNECTED, reason: (unspecified), extra: (none), roaming: false, failover: false, isAvailable: true

W/WifiStateTracker(  189): getNetworkInfo : NetworkInfo: type: WIFI[], state: CONNECTED/CONNECTED, reason: (unspecified), extra: (none), roaming: false, failover: false, isAvailable: true

W/WifiStateTracker(  189): getNetworkInfo : NetworkInfo: type: WIFI[], state: CONNECTED/CONNECTED, reason: (unspecified), extra: (none), roaming: false, failover: false, isAvailable: true

W/WifiStateTracker(  189): getNetworkInfo : NetworkInfo: type: WIFI[], state: CONNECTED/CONNECTED, reason: (unspecified), extra: (none), roaming: false, failover: false, isAvailable: true

W/WifiStateTracker(  189): getNetworkInfo : NetworkInfo: type: WIFI[], state: CONNECTED/CONNECTED, reason: (unspecified), extra: (none), roaming: false, failover: false, isAvailable: true

W/WifiStateTracker(  189): getNetworkInfo : NetworkInfo: type: WIFI[], state: CONNECTED/CONNECTED, reason: (unspecified), extra: (none), roaming: false, failover: false, isAvailable: true

W/WifiStateTracker(  189): getNetworkInfo : NetworkInfo: type: WIFI[], state: CONNECTED/CONNECTED, reason: (unspecified), extra: (none), roaming: false, failover: false, isAvailable: true

W/WifiStateTracker(  189): getNetworkInfo : NetworkInfo: type: WIFI[], state: CONNECTED/CONNECTED, reason: (unspecified), extra: (none), roaming: false, failover: false, isAvailable: true

W/WifiStateTracker(  189): getNetworkInfo : NetworkInfo: type: WIFI[], state: CONNECTED/CONNECTED, reason: (unspecified), extra: (none), roaming: false, failover: false, isAvailable: true

W/WifiStateTracker(  189): getNetworkInfo : NetworkInfo: type: WIFI[], state: CONNECTED/CONNECTED, reason: (unspecified), extra: (none), roaming: false, failover: false, isAvailable: true

W/WifiStateTracker(  189): getNetworkInfo : NetworkInfo: type: WIFI[], state: CONNECTED/CONNECTED, reason: (unspecified), extra: (none), roaming: false, failover: false, isAvailable: true

W/WifiStateTracker(  189): getNetworkInfo : NetworkInfo: type: WIFI[], state: CONNECTED/CONNECTED, reason: (unspecified), extra: (none), roaming: false, failover: false, isAvailable: true

W/WifiStateTracker(  189): getNetworkInfo : NetworkInfo: type: WIFI[], state: CONNECTED/CONNECTED, reason: (unspecified), extra: (none), roaming: false, failover: false, isAvailable: true

W/WifiStateTracker(  189): getNetworkInfo : NetworkInfo: type: WIFI[], state: CONNECTED/CONNECTED, reason: (unspecified), extra: (none), roaming: false, failover: false, isAvailable: true

W/WifiStateTracker(  189): getNetworkInfo : NetworkInfo: type: WIFI[], state: CONNECTED/CONNECTED, reason: (unspecified), extra: (none), roaming: false, failover: false, isAvailable: true

W/WifiStateTracker(  189): getNetworkInfo : NetworkInfo: type: WIFI[], state: CONNECTED/CONNECTED, reason: (unspecified), extra: (none), roaming: false, failover: false, isAvailable: true

I/ActivityManager(  189): Start proc app.processName for broadcast hostingNameStr: pid=8487 uid=10090 gids={3003, 1015, 1006, 3002}

W/WifiStateTracker(  189): getNetworkInfo : NetworkInfo: type: WIFI[], state: CONNECTED/CONNECTED, reason: (unspecified), extra: (none), roaming: false, failover: false, isAvailable: true

W/WifiStateTracker(  189): getNetworkInfo : NetworkInfo: type: WIFI[], state: CONNECTED/CONNECTED, reason: (unspecified), extra: (none), roaming: false, failover: false, isAvailable: true

W/WifiStateTracker(  189): getNetworkInfo : NetworkInfo: type: WIFI[], state: CONNECTED/CONNECTED, reason: (unspecified), extra: (none), roaming: false, failover: false, isAvailable: true

W/WifiStateTracker(  189): getNetworkInfo : NetworkInfo: type: WIFI[], state: CONNECTED/CONNECTED, reason: (unspecified), extra: (none), roaming: false, failover: false, isAvailable: true

W/WifiStateTracker(  189): getNetworkInfo : NetworkInfo: type: WIFI[], state: CONNECTED/CONNECTED, reason: (unspecified), extra: (none), roaming: false, failover: false, isAvailable: true

W/WifiStateTracker(  189): getNetworkInfo : NetworkInfo: type: WIFI[], state: CONNECTED/CONNECTED, reason: (unspecified), extra: (none), roaming: false, failover: false, isAvailable: true

W/WifiStateTracker(  189): getNetworkInfo : NetworkInfo: type: WIFI[], state: CONNECTED/CONNECTED, reason: (unspecified), extra: (none), roaming: false, failover: false, isAvailable: true

W/WifiStateTracker(  189): getNetworkInfo : NetworkInfo: type: WIFI[], state: CONNECTED/CONNECTED, reason: (unspecified), extra: (none), roaming: false, failover: false, isAvailable: true

W/WifiStateTracker(  189): getNetworkInfo : NetworkInfo: type: WIFI[], state: CONNECTED/CONNECTED, reason: (unspecified), extra: (none), roaming: false, failover: false, isAvailable: true

W/WifiStateTracker(  189): getNetworkInfo : NetworkInfo: type: WIFI[], state: CONNECTED/CONNECTED, reason: (unspecified), extra: (none), roaming: false, failover: false, isAvailable: true

W/WifiStateTracker(  189): getNetworkInfo : NetworkInfo: type: WIFI[], state: CONNECTED/CONNECTED, reason: (unspecified), extra: (none), roaming: false, failover: false, isAvailable: true

W/WifiStateTracker(  189): getNetworkInfo : NetworkInfo: type: WIFI[], state: CONNECTED/CONNECTED, reason: (unspecified), extra: (none), roaming: false, failover: false, isAvailable: true

W/WifiStateTracker(  189): getNetworkInfo : NetworkInfo: type: WIFI[], state: CONNECTED/CONNECTED, reason: (unspecified), extra: (none), roaming: false, failover: false, isAvailable: true

W/WifiStateTracker(  189): getNetworkInfo : NetworkInfo: type: WIFI[], state: CONNECTED/CONNECTED, reason: (unspecified), extra: (none), roaming: false, failover: false, isAvailable: true

W/WifiStateTracker(  189): getNetworkInfo : NetworkInfo: type: WIFI[], state: CONNECTED/CONNECTED, reason: (unspecified), extra: (none), roaming: false, failover: false, isAvailable: true

W/WifiStateTracker(  189): getNetworkInfo : NetworkInfo: type: WIFI[], state: CONNECTED/CONNECTED, reason: (unspecified), extra: (none), roaming: false, failover: false, isAvailable: true

W/WifiStateTracker(  189): getNetworkInfo : NetworkInfo: type: WIFI[], state: CONNECTED/CONNECTED, reason: (unspecified), extra: (none), roaming: false, failover: false, isAvailable: true

W/WifiStateTracker(  189): getNetworkInfo : NetworkInfo: type: WIFI[], state: CONNECTED/CONNECTED, reason: (unspecified), extra: (none), roaming: false, failover: false, isAvailable: true

W/WifiStateTracker(  189): getNetworkInfo : NetworkInfo: type: WIFI[], state: CONNECTED/CONNECTED, reason: (unspecified), extra: (none), roaming: false, failover: false, isAvailable: true

W/WifiStateTracker(  189): getNetworkInfo : NetworkInfo: type: WIFI[], state: CONNECTED/CONNECTED, reason: (unspecified), extra: (none), roaming: false, failover: false, isAvailable: true

W/WifiStateTracker(  189): getNetworkInfo : NetworkInfo: type: WIFI[], state: CONNECTED/CONNECTED, reason: (unspecified), extra: (none), roaming: false, failover: false, isAvailable: true

W/WifiStateTracker(  189): getNetworkInfo : NetworkInfo: type: WIFI[], state: CONNECTED/CONNECTED, reason: (unspecified), extra: (none), roaming: false, failover: false, isAvailable: true

W/WifiStateTracker(  189): getNetworkInfo : NetworkInfo: type: WIFI[], state: CONNECTED/CONNECTED, reason: (unspecified), extra: (none), roaming: false, failover: false, isAvailable: true

W/WifiStateTracker(  189): getNetworkInfo : NetworkInfo: type: WIFI[], state: CONNECTED/CONNECTED, reason: (unspecified), extra: (none), roaming: false, failover: false, isAvailable: true

W/WifiStateTracker(  189): getNetworkInfo : NetworkInfo: type: WIFI[], state: CONNECTED/CONNECTED, reason: (unspecified), extra: (none), roaming: false, failover: false, isAvailable: true

W/WifiStateTracker(  189): getNetworkInfo : NetworkInfo: type: WIFI[], state: CONNECTED/CONNECTED, reason: (unspecified), extra: (none), roaming: false, failover: false, isAvailable: true

W/WifiStateTracker(  189): getNetworkInfo : NetworkInfo: type: WIFI[], state: CONNECTED/CONNECTED, reason: (unspecified), extra: (none), roaming: false, failover: false, isAvailable: true

W/WifiStateTracker(  189): getNetworkInfo : NetworkInfo: type: WIFI[], state: CONNECTED/CONNECTED, reason: (unspecified), extra: (none), roaming: false, failover: false, isAvailable: true

W/WifiStateTracker(  189): getNetworkInfo : NetworkInfo: type: WIFI[], state: CONNECTED/CONNECTED, reason: (unspecified), extra: (none), roaming: false, failover: false, isAvailable: true

W/WifiStateTracker(  189): getNetworkInfo : NetworkInfo: type: WIFI[], state: CONNECTED/CONNECTED, reason: (unspecified), extra: (none), roaming: false, failover: false, isAvailable: true

W/WifiStateTracker(  189): getNetworkInfo : NetworkInfo: type: WIFI[], state: CONNECTED/CONNECTED, reason: (unspecified), extra: (none), roaming: false, failover: false, isAvailable: true

W/WifiStateTracker(  189): getNetworkInfo : NetworkInfo: type: WIFI[], state: CONNECTED/CONNECTED, reason: (unspecified), extra: (none), roaming: false, failover: false, isAvailable: true

W/WifiStateTracker(  189): getNetworkInfo : NetworkInfo: type: WIFI[], state: CONNECTED/CONNECTED, reason: (unspecified), extra: (none), roaming: false, failover: false, isAvailable: true

W/WifiStateTracker(  189): getNetworkInfo : NetworkInfo: type: WIFI[], state: CONNECTED/CONNECTED, reason: (unspecified), extra: (none), roaming: false, failover: false, isAvailable: true

W/WifiStateTracker(  189): getNetworkInfo : NetworkInfo: type: WIFI[], state: CONNECTED/CONNECTED, reason: (unspecified), extra: (none), roaming: false, failover: false, isAvailable: true

