E/NotificationService(  189): Ignoring notification with icon==0: Notification(contentView=null vibrate=null,sound=null,defaults=0x0,flags=0x62)

E/NotificationService(  189): Ignoring notification with icon==0: Notification(contentView=null vibrate=null,sound=null,defaults=0x0,flags=0x62)

V/AlarmManager(  189): waitForAlarm result :8

W/ThrottleService(  189): unable to find stats for iface rmnet0

D/BatteryService(  189): update start

D/KeyguardUpdateMonitor(  189): received broadcast android.intent.action.BATTERY_CHANGED

D/KeyguardUpdateMonitor(  189): handleBatteryUpdate

D/BatteryService(  189): level:89 scale:100 status:3 health:2 present:true voltage: 4008 temperature: 220 technology: Li-ion AC powered:false USB powered:true icon:17302819 invalid charger:0

D/WifiService(  189): ACTION_BATTERY_CHANGED pluggedType: 2

D/UiModeManager(  189): mLastBroadcastState = 0mCarModeEnabled = falseisDeskDockState(mDockState) = false

V/UiModeManager(  189): updateLocked: null action, mDockState=0, firing homeIntent: null

D/UiModeManager(  189): updateConfigurationLocked: mDockState=0; mCarMode=false; mNightMode=0; uiMode=17

D/STATUSBAR-BatteryController(  272): onReceive() - ACTION_BATTERY_CHANGED

D/STATUSBAR-BatteryController(  272): onReceive() - level:89

D/STATUSBAR-BatteryController(  272): onReceive() - plugged:2

D/STATUSBAR-BatteryController(  272): onReceive() - BATTERY_STATUS_DISCHARGING: tw_stat_sys_battery_usb_not_charge

I/RilActionService(  845): BroadcastReceiverandroid.intent.action.BATTERY_CHANGED

D/TabletStatusBar(  272): ACTION_BATTERY_CHANGED

D/TabletStatusBar(  272): NORMAL_BATTERY

D/PowerUI (  272): playSound : system/media/audio/ui/Charger_Connection.ogg

D/PowerUI (  272): RINGER_MODE_NORMAL

D/PowerUI (  272): Charger is plugged

D/PowerUI (  272): USB is plugged

E/MTPRx   ( 9069): In MtpReceiverandroid.intent.action.ACTION_POWER_CONNECTED

D/MusicAppWidgetProvider( 4575): MusicAppWidgetProvider()

D/MusicAppWidgetProvider( 4575): onReceive action : android.intent.action.ACTION_POWER_CONNECTED

D/MusicAppWidgetProvider( 4575): setPowerAction(): Now bIsPowerAction = true

E/DataRouter(  107): After the usb select

E/DataRouter(  107): Before checking the modem suspend state

E/DataRouter(  107): PDP is resumed now

E/DataRouter(  107): After checking the modem suspend state

E/DataRouter(  107): Path check     Path is 0

E/DataRouter(  107): read length is zero

E/DataRouter(  107): +

E/DataRouter(  107): -

E/DataRouter(  107): +

E/DataRouter(  107): USB Interface is open with 0x0

E/DataRouter(  107): USB interface is now configured for usb_fd = 0x0

E/DataRouter(  107): -

E/DataRouter(  107): pcsyncpathreset is called

E/DataRouter(  107): write [9] bytes of data to USB fd[0]

E/DataRouter(  107): Before the usb select

D/UsbDeviceManager(  189): USB UEVENT: {USB_STATE=DISCONNECTED, SUBSYSTEM=android_usb, DEVPATH=/devices/virtual/android_usb/android0, SEQNUM=2187, ACTION=change}

V/MediaPlayerService(  113): Client(24) constructor

V/MediaPlayerService(  113): Create new client(24) from pid 272, uid 1000,

V/MediaPlayerService(  113): player type = 3

V/MediaPlayerService(  113):  create StagefrightPlayer

V/AwesomePlayer(  113): setDefault

V/AwesomePlayer(  113): setDefault

I/AwesomePlayer(  113): reset

I/AwesomePlayer(  113): cancel player events

V/AwesomePlayer(  113): setListener

V/AwesomePlayer(  113): AwesomePlayer running on behalf of uid 1000

V/AudioSink(  113): AudioOutput(123)

V/AwesomePlayer(  113): setAudioSink

V/MediaPlayerService(  113):  setDataSource

I/AwesomePlayer(  113): cancel player events

V/MediaPlayerService(  113): [24] setLooping(0)

V/AwesomePlayer(  113): setLooping (0)

V/MediaPlayerService(  113): [24] setVideoSurfaceTexture(0x0)

V/MediaPlayerService(  113): [24] setAudioStreamType(5)

V/MediaPlayerService(  113): [24] prepareAsync

V/AwesomePlayer(  113): prepareAsync

V/AwesomePlayer(  113): onPrepareAsyncEvent

D/PowerNotiReceiver( 8983): PowerNotiReceiver Intent { act=android.intent.action.ACTION_POWER_CONNECTED flg=0x10000010 cmp=xxxx }

V/AwesomePlayer(  113): track of type 'audio/vorbis' does not publish bitrate

V/AwesomePlayer(  113): mBitrate = -1 bits/sec

V/AwesomePlayer(  113): setDataSource_l: Audio(1), Video(0)

I/AwesomePlayer(  113): initAudioDecoder start

V/AwesomePlayer(  113): notifyListner_l() msg (5-MEDIA_SET_VIDEO_SIZE), ext1 (0), ext2 (0)

V/MediaPlayerService(  113): [24] notify (0x18d148, 5, 0, 0)

V/AwesomePlayer(  113): notifyListner_l() msg (1-MEDIA_PREPARED), ext1 (0), ext2 (0)

V/MediaPlayerService(  113): [24] notify (0x18d148, 1, 0, 0)

I/AudioService(  189):  AudioFocus  requestAudioFocus() from android.media.AudioManager#413ad168

V/MediaPlayerService(  113): [24] setLooping(0)

V/AwesomePlayer(  113): setLooping (0)

V/MediaPlayerService(  113): [24] setVolume(1.000000, 1.000000)

V/AudioSink(  113): setVolume(1.000000, 1.000000)

V/MediaPlayerService(  113): [24] setAuxEffectSendLevel(0.000000)

V/AudioSink(  113): setAuxEffectSendLevel(0.000000)

V/MediaPlayerService(  113): [24] start

V/AwesomePlayer(  113): setLooping (0)

V/AwesomePlayer(  113): play

I/AwesomePlayer(  113): AwesomePlayer::play_l():: This is not a DRM content

I/AudioPlayer(  113):  Audioplayer kKeyAudioPCMFormat:1

V/AudioSink(  113): open(44100, 1, 1, 4, 123)

V/AudioSink(  113): setVolume

V/AudioSink(  113): start

I/AudioPolicyManager(  113): startOutput() output 1, stream 5, session 123

I/AudioFlinger(  113): start output streamType (0, 5) for 1

D/AudioHardware(  113): AudioStreamOutALSA::setParameters() start_output_streamtype=5

V/MediaPlayerService(  113): disconnect(23) from pid 272

I/AwesomePlayer(  113): reset

I/AwesomePlayer(  113): cancel player events

V/AudioSink(  113): stop

V/AudioSink(  113): close

I/AwesomePlayer(  113): reset

I/AwesomePlayer(  113): cancel player events

I/AwesomePlayer(  113): reset

I/AwesomePlayer(  113): cancel player events

V/AwesomePlayer(  113): ~AwesomePlayer()

V/MediaPlayerService(  113): Client(23) destructor pid = 272

V/AudioSink(  113): close

V/MediaPlayerService(  113): disconnect(23) from pid 272

E/MediaPlayer(  272): mOnVideoSizeChangedListener is null. Failed to send MEDIA_SET_VIDEO_SIZE message.

D/AudioHardware(  113): AudioHardware pcm playback is exiting standby.

V/AudioHardware(  113): open pcm_out driver

I/AudioHardware(  113): openPcmOut_l() mPcmOpenCnt: 0

E/NetworkScheduler.SR( 8420): Invalid parameter app

E/NetworkScheduler.SR( 8420): Invalid package name : Perhaps you didn't include a PendingIntent in the extras?

W/WifiStateTracker(  189): getNetworkInfo : NetworkInfo: type: WIFI[], state: CONNECTED/CONNECTED, reason: (unspecified), extra: (none), roaming: false, failover: false, isAvailable: true

W/WifiStateTracker(  189): getNetworkInfo : NetworkInfo: type: WIFI[], state: CONNECTED/CONNECTED, reason: (unspecified), extra: (none), roaming: false, failover: false, isAvailable: true

I/iu.Environment( 8350): update battery state; isPlugged? true*

D/UsbDeviceManager(  189): USB UEVENT: {USB_STATE=CONNECTED, SUBSYSTEM=android_usb, DEVPATH=/devices/virtual/android_usb/android0, SEQNUM=2188, ACTION=change}

D/UsbDeviceManager(  189): handleMessage -> MSG_UPDATE_STATE connected = 1,configured = 0

D/UsbDeviceManager(  189): updateUsbNotification : mConnected = true, mConfigured = false, mCurrentFunctions = mtp,adb

D/UsbDeviceManager(  189): updateAdbNotification : mAdbEnabled = true, mConnected = true, mAdbNotificationShown = false

D/UsbDeviceManager(  189): don't notify adb

D/UsbDeviceManager(  189): sending intent : ACTION_USB_STATE : connected = true, configured = false, functions = mtp,adb

E/MTPRx   ( 9069): In MtpReceiverandroid.hardware.usb.action.USB_STATE

E/MTPRx   ( 9069): value of boot_completed is1

E/MTPRx   ( 9069): booting is completed

E/MTPRx   ( 9069): Sd-Card path/mnt/sdcard/extStorages/SdCard

E/MTPRx   ( 9069): Status for mount/Unmount :removed

E/MTPRx   ( 9069): SDcard is not available

E/MTPRx   ( 9069): The value of first_boot is  1

E/MTPRx   ( 9069): [ 662] The value of first_boot is  1NORMAL SEQUENCE

W/MTPRx   ( 9069): value of connected isfalse

W/MTPRx   ( 9069): value of mtpEnabled istrue

W/MTPRx   ( 9069): value of ptpEnabled isfalse

E/MTPRx   ( 9069): Received USB_STATE with sdCardLaunch = 0

E/MTPRx   ( 9069): Returning connected = false

I/iu.FingerprintManager( 8350): Start processing all media

I/iu.UploadsManager( 8350): num queued entries: 0

I/iu.UploadsManager( 8350): num updated entries: 0

I/iu.SyncManager( 8350): NEXT; no task

I/iu.FingerprintManager( 8350): Start processing media store URI: content://media/external/images/media

V/AudioHardware(  113): openPcmOut_l end

V/AudioHardware(  113): openMixer_l() mMixerOpenCnt: 0

V/AudioHardware(  113): openMixer_l end

V/AudioHardware(  113): open playback normal

V/AudioHardware(  113): write() wakeup setting route SPK

I/AudioHardware(  113): mSetVolumeIndex=0, mIsMusicPlaying=0, musicvolumeindex=-2

I/iu.FingerprintManager( 8350): Start processing media store URI: content://media/external/video/media

I/iu.FingerprintManager( 8350): Start processing media store URI: content://media/phoneStorage/images/media

I/iu.FingerprintManager( 8350): Start processing media store URI: content://media/phoneStorage/video/media

I/iu.FingerprintManager( 8350): Finished generating fingerprints; 0,090 seconds

I/iu.FingerprintManager( 8350):   numSeen=1 numGenerated=1 numDeleted=0 numFailed=0

D/UsbDeviceManager(  189): USB UEVENT: {USB_STATE=CONFIGURED, SUBSYSTEM=android_usb, DEVPATH=/devices/virtual/android_usb/android0, SEQNUM=2189, ACTION=change}

D/UsbDeviceManager(  189): handleMessage -> MSG_UPDATE_STATE connected = 1,configured = 1

D/UsbDeviceManager(  189): updateUsbNotification : mConnected = true, mConfigured = true, mCurrentFunctions = mtp,adb

D/UsbDeviceManager(  189): updateAdbNotification : mAdbEnabled = true, mConnected = true, mAdbNotificationShown = false

D/UsbDeviceManager(  189): don't notify adb

D/UsbDeviceManager(  189): sending intent : ACTION_USB_STATE : connected = true, configured = true, functions = mtp,adb

E/MTPRx   ( 9069): In MtpReceiverandroid.hardware.usb.action.USB_STATE

E/MTPRx   ( 9069): value of boot_completed is1

E/MTPRx   ( 9069): booting is completed

E/MTPRx   ( 9069): Sd-Card path/mnt/sdcard/extStorages/SdCard

E/MTPRx   ( 9069): Status for mount/Unmount :removed

E/MTPRx   ( 9069): SDcard is not available

E/MTPRx   ( 9069): The value of first_boot is  1

E/MTPRx   ( 9069): [ 662] The value of first_boot is  1NORMAL SEQUENCE

W/MTPRx   ( 9069): value of connected istrue

W/MTPRx   ( 9069): value of mtpEnabled istrue

W/MTPRx   ( 9069): value of ptpEnabled isfalse

E/MTPRx   ( 9069): Received USB_STATE with sdCardLaunch = 0

E/MTPRx   ( 9069): mtpEnabled is coming again so return

D/MtpService(  351): addStorageLocked 65537 /mnt/sdcard

D/MtpService(  351): starting MTP server

E/MtpServerJNI(  351): could not open MTP driver, errno: 2

D/MtpService(  351): addStorageLocked 65537 /mnt/sdcard

E/MtpServerJNI(  351): server is null in add_storage

E/MtpServerJNI(  351): server is null in run

E/MtpServerJNI(  351): server is null in cleanup

E/OMXCodec(  113): [OMX.google.vorbis.decoder] err = -1011

D/MusicAppWidgetProvider( 4575): .MusicAppWidgetProvider:1

D/        ( 9069): written string MTP into file /sys/devices/platform/android_usb

V/AwesomePlayer(  113): MEDIA_PLAYBACK_COMPLETE

V/AwesomePlayer(  113): notifyListner_l() msg (2-MEDIA_PLAYBACK_COMPLETE), ext1 (0), ext2 (0)

V/MediaPlayerService(  113): [24] notify (0x18d148, 2, 0, 0)

V/AudioSink(  113): stop

I/AudioPolicyManager(  113): stopOutput() output 1, stream 5, session 123

I/AudioService(  189):  AudioFocus  abandonAudioFocus() from  android.media.AudioManager#413ad168

E/MTPJNIInterface( 9069): Sd-Card path/mnt/sdcard/extStorages/SdCard

E/MTPJNIInterface( 9069): Status for mount/Unmount :removed

E/MTPJNIInterface( 9069): SDcard is not available

D/        ( 9069): written string DATA_STORE_ID into file /data/hidden_volume.txt

D/        ( 9069):

D/        ( 9069): written string CACHE_STORE_ID into file /cache/hidden_volume.txt

D/        ( 9069):

I/AudioFlinger(  113): stop output streamType (0, 5) for 1

D/AudioHardware(  113): AudioStreamOutALSA::setParameters() stop_output_streamtype=5

E/MTPJNIInterface( 9069): Sd-Card path/mnt/sdcard/extStorages/SdCard

E/MTPJNIInterface( 9069): Status for mount/Unmount :removed

E/MTPJNIInterface( 9069): SDcard is not available

W/MTPRx   ( 9069): notification from stack 2

D/        ( 9069): [mtp_init_device] Going to open(): /dev/usb_mtp_gadget

E/        ( 9069): [mtp_init_device]  After open the MTP fd = 51 and line = 638...

D/        ( 9069): [mtp_init_device] IOCTL SET_MTP_USER_PID Sucesss

D/        ( 9069): *****Starting mtp_io()

W/MTPRx   ( 9069): notification from stack 3

D/        ( 9069): [mtp_start_io] source_thread Creation

D/        ( 9069): [mtp_start_io] sink_thread Creation

D/        ( 9069): [mtp_start_io:353] sink thread created so set th_sink

I/InputReader(  189): Touch event's action is 0x0 (deviceType=0) [pCnt=1, pending(waiting finished signal)=0, s=0.291 ]

I/InputDispatcher(  189): Delivering touch to current input target: action: 0x0

I/InputDispatcher(  189): Delivering touch to current input target: action: 0x0

D/ViewRootImpl(  272): playSoundEffect: Sound effect play: 18

I/AudioService(  189): playSoundEffect() type:18 volume:-1

I/AudioPolicyManagerBase(  113): getSituationVolume: isBTConnected:0 isHeadConnected:0

I/AudioPolicyManager(  113): getParamFromPolicy  deviceInt = 0, situationInt = 1, situationVolume = 0.300000

I/PowerManagerService(  189): Ulight 3->7|0

D/PowerManagerService(  189): setLightBrightness : mButtonLight : 96

I/AudioPolicyManager(  113): startOutput() output 1, stream 1, session 124

I/AudioFlinger(  113): start output streamType (0, 1) for 1

D/AudioHardware(  113): AudioStreamOutALSA::setParameters() start_output_streamtype=1

I/InputReader(  189): Touch event's action is 0x1 (deviceType=0) [pCnt=1, pending(waiting finished signal)=0, s=]

I/InputDispatcher(  189): Delivering touch to current input target: action: 0x1

I/InputDispatcher(  189): Delivering touch to current input target: action: 0x1

W/Vibrator(  189): Vibrator.cancel()

V/MediaPlayerService(  113): [13] stop

V/AwesomePlayer(  113): pause

V/MediaPlayerService(  113): disconnect(13) from pid 189

I/AwesomePlayer(  113): reset

I/AwesomePlayer(  113): cancel player events

V/AudioSink(  113): stop

V/AudioSink(  113): close

I/AwesomePlayer(  113): reset

I/AwesomePlayer(  113): cancel player events

I/AwesomePlayer(  113): reset

I/AwesomePlayer(  113): cancel player events

V/AwesomePlayer(  113): ~AwesomePlayer()

V/MediaPlayerService(  113): Client(13) destructor pid = 189

V/AudioSink(  113): close

V/MediaPlayerService(  113): disconnect(13) from pid 189

I/AudioService(  189):  AudioFocus  abandonAudioFocus() from  android.media.AudioManager#41460870

I/        (  272): SurfaceBufferHelper set buffer count 2

I/AudioPolicyManager(  113): stopOutput() output 1, stream 1, session 124

I/AudioFlinger(  113): stop output streamType (0, 1) for 1

D/AudioHardware(  113): AudioStreamOutALSA::setParameters() stop_output_streamtype=1

E/DataRouter(  107): usb connection is true

E/DataRouter(  107): InvokeOemRequestHookRaw usbstatus true is success

E/DataRouter(  107): [*] dr_smd_dsr_event_hdlr event received  is received

E/DataRouter(  107): data pin is DSR

E/DataRouter(  107): DSR pinstatus is ON

I/InputReader(  189): Touch event's action is 0x0 (deviceType=0) [pCnt=1, pending(waiting finished signal)=0, s=0.292 ]

I/InputDispatcher(  189): Delivering touch to current input target: action: 0x0

I/InputDispatcher(  189): Delivering touch to current input target: action: 0x0

I/InputReader(  189): Touch event's action is 0x1 (deviceType=0) [pCnt=1, pending(waiting finished signal)=0, s=]

I/InputDispatcher(  189): Delivering touch to current input target: action: 0x1

I/InputDispatcher(  189): Delivering touch to current input target: action: 0x1

D/BounceScrollRunnableDefault(  272): start(0.0), mBounceExtent:-159.0

D/BounceScrollRunnableDefault(  272): mBounceExtentCoef = -159.0

D/BounceScrollRunnableDefault(  272): start(0.0), mBounceExtent:-26.249325

D/BounceScrollRunnableDefault(  272): mBounceExtentCoef = -26.249325

I/InputReader(  189): Touch event's action is 0x0 (deviceType=0) [pCnt=1, pending(waiting finished signal)=0, s=0.293 ]

I/InputDispatcher(  189): Delivering touch to current input target: action: 0x0

I/InputDispatcher(  189): Delivering touch to current input target: action: 0x0

I/InputReader(  189): Touch event's action is 0x1 (deviceType=0) [pCnt=1, pending(waiting finished signal)=0, s=]

I/InputDispatcher(  189): Delivering touch to current input target: action: 0x1

I/InputDispatcher(  189): Delivering touch to current input target: action: 0x1

E/DataRouter(  107): usb connection is true

E/DataRouter(  107): DSR is ON. Don't send DTR ON.

D/OpenGLRenderer(  272): Flushing caches (mode 0)

W/InputManagerService(  189): Window already focused, ignoring focus gain of: com.android.internal.view.IInputMethodClient$Stub$Proxy@41fc8518

E/AudioHardware(  113): AudioStreamOutALSA::standby spdifenable =0

D/AudioHardware(  113): AudioHardware pcm playback is going to standby.

V/AudioHardware(  113): closeMixer_l() mMixerOpenCnt: 1

V/AudioHardware(  113): closeMixer_l mMixerOpenCnt = 0 end

I/AudioHardware(  113): closePcmOut_l() mPcmOpenCnt: 1

V/AudioHardware(  113): closePcmOut_l end

D/MPLSensor(  189): cb_onMotion:2

W/PowerManagerService(  189): Timer 0x7->0x3|0x0

I/PowerManagerService(  189): Ulight 7->3|0

D/PowerManagerService(  189): setLightBrightness : mButtonLight : 0

E/DataRouter(  107): usb connection is true

E/DataRouter(  107): DSR is ON. Don't send DTR ON.

V/AlarmManager(  189): waitForAlarm result :8

V/AlarmManager(  189): ClockReceiver onReceive() ACTION_TIME_TICK

D/KeyguardUpdateMonitor(  189): received broadcast android.intent.action.TIME_TICK

D/KeyguardUpdateMonitor(  189): handleTimeUpdate

D/STATUSBAR-Clock(  272): onReceive() - ACTION_TIME_TICK

D/STATUSBAR-Clock(  272): updateClock :16:05

D/STATUSBAR-Clock(  272): onReceive() - ACTION_TIME_TICK

D/STATUSBAR-Clock(  272): updateClock :16:05

E/DataRouter(  107): usb connection is true

E/DataRouter(  107): DSR is ON. Don't send DTR ON.

V/AlarmManager(  189): waitForAlarm result :1

V/AlarmManager(  189): trigger WAKEUP Alarm{41f75e08 type 0 com.google.android.gms}

I/iu.UploadsManager( 8350): End new media; added: 0, uploading: 0, time: 78 ms

D/dalvikvm( 8350): GC_CONCURRENT freed 1321K, 30% free 11576K/16391K, paused 5ms+8ms

E/SQLiteDatabase( 8350): close() was never explicitly called on database '/data/data/com.google.android.gms/databases/networkstatistics.sqlite'

E/SQLiteDatabase( 8350): android.database.sqlite.DatabaseObjectNotClosedException: Application did not close the cursor or database object that was opened here

E/SQLiteDatabase( 8350): 	at android.database.sqlite.SQLiteDatabase.<init>(SQLiteDatabase.java:2063)

E/SQLiteDatabase( 8350): 	at android.database.sqlite.SQLiteDatabase.openDatabase(SQLiteDatabase.java:1117)

E/SQLiteDatabase( 8350): 	at android.database.sqlite.SQLiteDatabase.openDatabase(SQLiteDatabase.java:1074)

E/SQLiteDatabase( 8350): 	at android.database.sqlite.SQLiteDatabase.openOrCreateDatabase(SQLiteDatabase.java:1161)

E/SQLiteDatabase( 8350): 	at android.app.ContextImpl.openOrCreateDatabase(ContextImpl.java:832)

E/SQLiteDatabase( 8350): 	at android.content.ContextWrapper.openOrCreateDatabase(ContextWrapper.java:228)

E/SQLiteDatabase( 8350): 	at android.content.ContextWrapper.openOrCreateDatabase(ContextWrapper.java:228)

E/SQLiteDatabase( 8350): 	at android.database.sqlite.SQLiteOpenHelper.getWritableDatabase(SQLiteOpenHelper.java:157)

E/SQLiteDatabase( 8350): 	at abgf.<init>(:com.google.android.gms:27)

E/SQLiteDatabase( 8350): 	at abgd.<init>(:com.google.android.gms:52)

E/SQLiteDatabase( 8350): 	at com.google.android.libraries.social.networkcapability.impl.NetworkCapabilityModule.a(:com.google.android.gms:25)

E/SQLiteDatabase( 8350): 	at aawr.a(:com.google.android.gms:42)

E/SQLiteDatabase( 8350): 	at aawl.d(:com.google.android.gms:381)

E/SQLiteDatabase( 8350): 	at aawl.b(:com.google.android.gms:224)

E/SQLiteDatabase( 8350): 	at aawl.a(:com.google.android.gms:192)

E/SQLiteDatabase( 8350): 	at aawl.a(:com.google.android.gms:446)

E/SQLiteDatabase( 8350): 	at abgb.<init>(:com.google.android.gms:34)

E/SQLiteDatabase( 8350): 	at com.google.android.libraries.social.networkcapability.impl.NetworkCapabilityModule.a(:com.google.android.gms:23)

E/SQLiteDatabase( 8350): 	at aawr.a(:com.google.android.gms:42)

E/SQLiteDatabase( 8350): 	at aawl.d(:com.google.android.gms:381)

E/SQLiteDatabase( 8350): 	at aawl.b(:com.google.android.gms:224)

E/SQLiteDatabase( 8350): 	at aawl.a(:com.google.android.gms:192)

E/SQLiteDatabase( 8350): 	at aawl.a(:com.google.android.gms:446)

E/SQLiteDatabase( 8350): 	at com.google.android.libraries.social.autobackup.AutoBackupEnvironmentChimera.a(:com.google.android.gms:121)

E/SQLiteDatabase( 8350): 	at com.google.android.libraries.social.autobackup.AutoBackupEnvironmentChimera.a(:com.google.android.gms:43)

E/SQLiteDatabase( 8350): 	at com.google.android.libraries.social.autobackup.AutoBackupEnvironmentChimera.<init>(:com.google.android.gms:73)

E/SQLiteDatabase( 8350): 	at com.google.android.libraries.social.autobackup.AutoBackupModule.a(:com.google.android.gms:53)

E/SQLiteDatabase( 8350): 	at aawr.a(:com.google.android.gms:42)

E/SQLiteDatabase( 8350): 	at aawl.d(:com.google.android.gms:381)

E/SQLiteDatabase( 8350): 	at aawl.b(:com.google.android.gms:224)

E/SQLiteDatabase( 8350): 	at aawl.a(:com.google.android.gms:192)

E/SQLiteDatabase( 8350): 	at aawl.a(:com.google.android.gms:446)

E/SQLiteDatabase( 8350): 	at com.google.android.libraries.social.autobackup.AutoBackupEnvironmentChimera$BatteryChimeraReceiver.onReceive(:com.google.android.gms:183)

E/SQLiteDatabase( 8350): 	at com.google.android.chimera.container.BroadcastReceiverProxy.onReceive(:com.google.android.gms:119)

E/SQLiteDatabase( 8350): 	at android.app.ActivityThread.handleReceiver(ActivityThread.java:2131)

E/SQLiteDatabase( 8350): 	at android.app.ActivityThread.access$1500(ActivityThread.java:127)

E/SQLiteDatabase( 8350): 	at android.app.ActivityThread$H.handleMessage(ActivityThread.java:1209)

E/SQLiteDatabase( 8350): 	at android.os.Handler.dispatchMessage(Handler.java:99)

E/SQLiteDatabase( 8350): 	at android.os.Looper.loop(Looper.java:137)

E/SQLiteDatabase( 8350): 	at android.app.ActivityThread.main(ActivityThread.java:4507)

E/SQLiteDatabase( 8350): 	at java.lang.reflect.Method.invokeNative(Native Method)

E/SQLiteDatabase( 8350): 	at java.lang.reflect.Method.invoke(Method.java:511)

E/SQLiteDatabase( 8350): 	at com.android.internal.os.ZygoteInit$MethodAndArgsCaller.run(ZygoteInit.java:978)

E/SQLiteDatabase( 8350): 	at com.android.internal.os.ZygoteInit.main(ZygoteInit.java:745)

E/SQLiteDatabase( 8350): 	at dalvik.system.NativeStart.main(Native Method)

E/DataRouter(  107): usb connection is true

E/DataRouter(  107): DSR is ON. Don't send DTR ON.

E/DataRouter(  107): usb connection is true

E/DataRouter(  107): DSR is ON. Don't send DTR ON.

I/InputReader(  189): Touch event's action is 0x0 (deviceType=0) [pCnt=1, pending(waiting finished signal)=0, s=0.294 ]

I/InputDispatcher(  189): Delivering touch to current input target: action: 0x0

I/InputDispatcher(  189): Delivering touch to current input target: action: 0x0

I/InputDispatcher(  189): Delivering touch to current input target: action: 0x0

I/TwDVFSBroadcastReceiver(  394): onLauncherIntent

D/PowerManager(  394): DVFSLock :  acquire : timeout : 1000

I/power   (  189): *** acquire_dvfs_lock : lockType : 1  freq : 1000000

I/PowerManagerService(  189): Ulight 3->7|0

D/PowerManagerService(  189): setLightBrightness : mButtonLight : 96

D/PowerManagerService(  189): acquireDVFSLockLocked : type : DVFS_MIN_LIMIT  frequency : 1000000  uid : 1000  pid : 394  tag : TwDVFSBroadcastReceiver

I/InputReader(  189): Touch event's action is 0x1 (deviceType=0) [pCnt=1, pending(waiting finished signal)=0, s=]

I/InputDispatcher(  189): Delivering touch to current input target: action: 0x1

I/InputDispatcher(  189): Delivering touch to current input target: action: 0x1

I/InputDispatcher(  189): Delivering touch to current input target: action: 0x1

I/AudioService(  189): playSoundEffect() type:0 volume:-1

I/AudioPolicyManagerBase(  113): getSituationVolume: isBTConnected:0 isHeadConnected:0

I/AudioPolicyManager(  113): getParamFromPolicy  deviceInt = 0, situationInt = 1, situationVolume = 0.300000

I/AudioPolicyManager(  113): startOutput() output 1, stream 1, session 125

I/AudioFlinger(  113): start output streamType (0, 1) for 1

D/AudioHardware(  113): AudioStreamOutALSA::setParameters() start_output_streamtype=1

D/Launcher.HomeFragment(  414): onPause

D/Launcher(  414): onPause

D/ProgramMonitor( 1471): START onReceive()_intent : Intent { act=com.sec.android.intent.action.HOME_PAUSE flg=0x10 cmp=xxxx }

I/ActivityManager(  189): START {intent.toShortString} from pid 414

D/PowerManagerService(  189): acquireDVFSLockLocked : type : DVFS_MIN_LIMIT  frequency : 1000000  uid : 1000  pid : 189  tag : ActivityManager

W/ActivityManager(  189): mDVFSLock.acquire()

D/AudioHardware(  113): AudioHardware pcm playback is exiting standby.

V/AudioHardware(  113): open pcm_out driver

I/AudioHardware(  113): openPcmOut_l() mPcmOpenCnt: 0

D/dalvikvm( 9175): Late-enabling CheckJNI

I/ActivityManager(  189): Start proc app.processName for activity hostingNameStr: pid=9175 uid=10108 gids={3003, 1015}

V/AudioHardware(  113): openPcmOut_l end

V/AudioHardware(  113): openMixer_l() mMixerOpenCnt: 0

V/AudioHardware(  113): openMixer_l end

V/AudioHardware(  113): open playback normal

V/AudioHardware(  113): write() wakeup setting route SPK

D/OpenGLRenderer(  414): Flushing caches (mode 1)

I/AudioHardware(  113): mSetVolumeIndex=0, mIsMusicPlaying=0, musicvolumeindex=-2

D/Launcher(  414): onTrimMemory. Level: 20

D/OpenGLRenderer(  414): Flushing caches (mode 0)

D/DEFERED_APP_VISIBILITY(  189): tweaking closing app

I/dalvikvm( 9175): Could not find method android.app.Activity.startActivityForResult, referenced from method org.apache.cordova.CordovaActivity.startActivityForResult

W/dalvikvm( 9175): VFY: unable to resolve virtual method 81: Landroid/app/Activity;.startActivityForResult (Landroid/content/Intent;ILandroid/os/Bundle;)V

D/dalvikvm( 9175): VFY: replacing opcode 0x6f at 0x0005

I/dalvikvm( 9175): Could not find method android.app.Activity.checkSelfPermission, referenced from method org.apache.cordova.CordovaInterfaceImpl.hasPermission

W/dalvikvm( 9175): VFY: unable to resolve virtual method 24: Landroid/app/Activity;.checkSelfPermission (Ljava/lang/String;)I

D/dalvikvm( 9175): VFY: replacing opcode 0x6e at 0x0009

I/dalvikvm( 9175): Could not find method android.app.Activity.requestPermissions, referenced from method org.apache.cordova.CordovaInterfaceImpl.requestPermissions

W/dalvikvm( 9175): VFY: unable to resolve virtual method 72: Landroid/app/Activity;.requestPermissions ([Ljava/lang/String;I)V

D/dalvikvm( 9175): VFY: replacing opcode 0x6e at 0x000a

I/dalvikvm( 9175): Could not find method android.webkit.WebView.setWebContentsDebuggingEnabled, referenced from method org.apache.cordova.engine.SystemWebViewEngine.enableRemoteDebugging

W/dalvikvm( 9175): VFY: unable to resolve static method 11490: Landroid/webkit/WebView;.setWebContentsDebuggingEnabled (Z)V

D/dalvikvm( 9175): VFY: replacing opcode 0x71 at 0x0001

I/dalvikvm( 9175): Could not find method android.webkit.WebSettings.setMediaPlaybackRequiresUserGesture, referenced from method org.apache.cordova.engine.SystemWebViewEngine.initWebViewSettings

W/dalvikvm( 9175): VFY: unable to resolve virtual method 11466: Landroid/webkit/WebSettings;.setMediaPlaybackRequiresUserGesture (Z)V

D/dalvikvm( 9175): VFY: replacing opcode 0x6e at 0x0080

I/webclipboard( 9175): clipservice: android.sec.clipboard.ClipboardExManager@4138ecf0

I/AudioPolicyManager(  113): stopOutput() output 1, stream 1, session 125

I/AudioFlinger(  113): stop output streamType (0, 1) for 1

D/AudioHardware(  113): AudioStreamOutALSA::setParameters() stop_output_streamtype=1

E/DataRouter(  107): usb connection is true

E/DataRouter(  107): DSR is ON. Don't send DTR ON.

I/dalvikvm( 9175): Could not find method android.webkit.CookieManager.setAcceptThirdPartyCookies, referenced from method org.apache.cordova.engine.SystemCookieManager.<init>

W/dalvikvm( 9175): VFY: unable to resolve virtual method 11425: Landroid/webkit/CookieManager;.setAcceptThirdPartyCookies (Landroid/webkit/WebView;Z)V

D/dalvikvm( 9175): VFY: replacing opcode 0x6e at 0x001b

I/dalvikvm( 9175): Could not find method android.webkit.CookieManager.flush, referenced from method org.apache.cordova.engine.SystemCookieManager.flush

W/dalvikvm( 9175): VFY: unable to resolve virtual method 11418: Landroid/webkit/CookieManager;.flush ()V

D/dalvikvm( 9175): VFY: replacing opcode 0x6e at 0x0008

I/dalvikvm-heap( 9175): Grow heap (frag case) to 9.687MB for 1048592-byte allocation

D/dalvikvm( 9175): GC_CONCURRENT freed 194K, 11% free 8020K/8967K, paused 21ms+44ms

W/dalvikvm( 9175): VFY: unable to find class referenced in signature (Landroid/webkit/ClientCertRequest;)

W/dalvikvm( 9175): VFY: unable to find class referenced in signature (Landroid/webkit/ClientCertRequest;)

I/dalvikvm( 9175): Could not find method android.webkit.WebViewClient.onReceivedClientCertRequest, referenced from method org.apache.cordova.engine.SystemWebViewClient.onReceivedClientCertRequest

W/dalvikvm( 9175): VFY: unable to resolve virtual method 11495: Landroid/webkit/WebViewClient;.onReceivedClientCertRequest (Landroid/webkit/WebView;Landroid/webkit/ClientCertRequest;)V

D/dalvikvm( 9175): VFY: replacing opcode 0x6f at 0x001a

W/dalvikvm( 9175): VFY: unable to find class referenced in signature (Landroid/webkit/PermissionRequest;)

I/dalvikvm( 9175): Could not find method android.webkit.PermissionRequest.getResources, referenced from method org.apache.cordova.engine.SystemWebChromeClient.onPermissionRequest

W/dalvikvm( 9175): VFY: unable to resolve virtual method 11439: Landroid/webkit/PermissionRequest;.getResources ()[Ljava/lang/String;

D/dalvikvm( 9175): VFY: replacing opcode 0x6e at 0x000d

I/dalvikvm( 9175): Could not find method android.webkit.WebChromeClient$FileChooserParams.createIntent, referenced from method org.apache.cordova.engine.SystemWebChromeClient.onShowFileChooser

W/dalvikvm( 9175): VFY: unable to resolve virtual method 11444: Landroid/webkit/WebChromeClient$FileChooserParams;.createIntent ()Landroid/content/Intent;

D/dalvikvm( 9175): VFY: replacing opcode 0x6e at 0x0000

D/SystemWebViewEngine( 9175): CordovaWebView is running on device made by: samsung

I/SystemWebViewEngine( 9175): Disabled addJavascriptInterface() bridge since Android version is old.

I/dalvikvm( 9175): Could not find method android.content.Context.getExternalMediaDirs, referenced from method org.apache.cordova.file.LocalFilesystem.isPublicDirectory

W/dalvikvm( 9175): VFY: unable to resolve virtual method 297: Landroid/content/Context;.getExternalMediaDirs ()[Ljava/io/File;

D/dalvikvm( 9175): VFY: replacing opcode 0x6e at 0x0008

V/StatusBar( 9175): StatusBar: initialization

D/WML_SISO( 9175): InitPasteboardJni

I/power   (  189): *** acquire_dvfs_lock : lockType : 1  freq : 1000000

D/PowerManagerService(  189): releaseDVFSLockLocked : remain DVFS_MIN_LIMIT : next : 1000000

D/libEGL  ( 9175): loaded /system/lib/egl/libEGL_tegra.so

D/libEGL  ( 9175): loaded /system/lib/egl/libGLESv1_CM_tegra.so

D/libEGL  ( 9175): loaded /system/lib/egl/libGLESv2_tegra.so

D/OpenGLRenderer( 9175): Enabling debug mode 0

I/ClipboardServiceEx(  189): Send intent for dismiss clipboard dialog inside hideCurrentInputLocked() !

W/InputManagerService(  189): Starting input on non-focused client com.android.internal.view.IInputMethodClient$Stub$Proxy@41645740 (uid=10053 pid=414)

V/InputManagerService(  189): Starting input on non-focused client mCurClient info is ClientState{41f87a40 uid 10108 pid 9175}

D/dalvikvm( 9175): GC_CONCURRENT freed 134K, 6% free 9153K/9735K, paused 2ms+2ms

D/CLIPBOARD( 9175): Hide Clipboard dialog at Starting input: finished by someone else... !

I/ActivityManager(  189): Displayed shortComponentName: +1s345ms

I/power   (  189): *** release_dvfs_lock : lockType : 1

D/PowerManagerService(  189): releaseDVFSLockLocked : all DVFS_MIN_LIMIT are released

W/ActivityManager(  189): mDVFSLock.release()

W/InputManagerService(  189): Window already focused, ignoring focus gain of: com.android.internal.view.IInputMethodClient$Stub$Proxy@4185a448

W/PowerManagerService(  189): Timer 0x7->0x3|0x0

I/PowerManagerService(  189): Ulight 7->3|0

D/PowerManagerService(  189): setLightBrightness : mButtonLight : 0

E/DataRouter(  107): usb connection is true

E/DataRouter(  107): DSR is ON. Don't send DTR ON.

E/AudioHardware(  113): AudioStreamOutALSA::standby spdifenable =0

D/AudioHardware(  113): AudioHardware pcm playback is going to standby.

V/AudioHardware(  113): closeMixer_l() mMixerOpenCnt: 1

V/AudioHardware(  113): closeMixer_l mMixerOpenCnt = 0 end

I/AudioHardware(  113): closePcmOut_l() mPcmOpenCnt: 1

V/AudioHardware(  113): closePcmOut_l end

I/ClipboardServiceEx(  189): Send intent for dismiss clipboard dialog inside hideCurrentInputLocked() !

D/Launcher.HomeFragment(  414): onStop

D/Launcher.Workspace(  414): onStop

D/Launcher(  414): onStop

D/dalvikvm( 2697): GC_CONCURRENT freed 1155K, 20% free 7248K/8967K, paused 2ms+2ms

D/JsMessageQueue( 9175): Set native->JS mode to OnlineEventsBridgeMode

I/GATE    ( 9175): <GATE-M>DEV_ACTION_COMPLETED</GATE-M>

E/DataRouter(  107): usb connection is true

E/DataRouter(  107): DSR is ON. Don't send DTR ON.

D/LocationManagerService(  189): network location requested by an application

I/GATE    ( 9175): <GATE-M>DEV_ACTION_COMPLETED</GATE-M>

D/dalvikvm( 9175): GC_CONCURRENT freed 1455K, 18% free 8954K/10887K, paused 2ms+3ms

E/DataRouter(  107): usb connection is true

E/DataRouter(  107): DSR is ON. Don't send DTR ON.

D/GLWebViewState( 9175): Disappearing white area time and Sharpening time after zooming: 1470326712862.830 milliSecs

D/Tethering(  189): getTetheredIfacePairs

E/DataRouter(  107): usb connection is true

E/DataRouter(  107): DSR is ON. Don't send DTR ON.

E/DataRouter(  107): usb connection is true

E/DataRouter(  107): DSR is ON. Don't send DTR ON.

E/DataRouter(  107): usb connection is true

E/DataRouter(  107): DSR is ON. Don't send DTR ON.

D/STATUSBAR-NetworkController(  272): onReceive() - RSSI_CHANGED_ACTION, WIFI_STATE, NETWORK_STATE

E/DataRouter(  107): usb connection is true

E/DataRouter(  107): DSR is ON. Don't send DTR ON.

I/ClearcutLoggerApiImpl( 8350): disconnect managed GoogleApiClient

E/Watchdog(  189): !@Sync 44

E/DataRouter(  107): usb connection is true

E/DataRouter(  107): DSR is ON. Don't send DTR ON.

V/AlarmManager(  189): waitForAlarm result :8

D/KeyguardUpdateMonitor(  189): received broadcast android.intent.action.BATTERY_CHANGED

D/BatteryService(  189): update start

D/BatteryService(  189): level:89 scale:100 status:3 health:2 present:true voltage: 4040 temperature: 219 technology: Li-ion AC powered:false USB powered:true icon:17302819 invalid charger:0

D/WifiService(  189): ACTION_BATTERY_CHANGED pluggedType: 2

D/UiModeManager(  189): mLastBroadcastState = 0mCarModeEnabled = falseisDeskDockState(mDockState) = false

V/UiModeManager(  189): updateLocked: null action, mDockState=0, firing homeIntent: null

D/UiModeManager(  189): updateConfigurationLocked: mDockState=0; mCarMode=false; mNightMode=0; uiMode=17

D/KeyguardUpdateMonitor(  189): handleBatteryUpdate

I/RilActionService(  845): BroadcastReceiverandroid.intent.action.BATTERY_CHANGED

D/STATUSBAR-BatteryController(  272): onReceive() - ACTION_BATTERY_CHANGED

D/STATUSBAR-BatteryController(  272): onReceive() - level:89

D/STATUSBAR-BatteryController(  272): onReceive() - plugged:2

D/STATUSBAR-BatteryController(  272): onReceive() - BATTERY_STATUS_DISCHARGING: tw_stat_sys_battery_usb_not_charge

D/TabletStatusBar(  272): ACTION_BATTERY_CHANGED

D/TabletStatusBar(  272): NORMAL_BATTERY

D/STATUSBAR-NetworkController(  272): onReceive() - RSSI_CHANGED_ACTION, WIFI_STATE, NETWORK_STATE

E/DataRouter(  107): usb connection is true

E/DataRouter(  107): DSR is ON. Don't send DTR ON.

E/DataRouter(  107): usb connection is true

E/DataRouter(  107): DSR is ON. Don't send DTR ON.

E/DataRouter(  107): usb connection is true

E/DataRouter(  107): DSR is ON. Don't send DTR ON.

W/PowerManagerService(  189): Timer 0x3->0x1|0x0

I/PowerManagerService(  189): Ulight 3->1|0

I/PowerManagerService(  189): Light Animator Finished curIntValue=20

E/DataRouter(  107): usb connection is true

E/DataRouter(  107): DSR is ON. Don't send DTR ON.

E/DataRouter(  107): usb connection is true

E/DataRouter(  107): DSR is ON. Don't send DTR ON.

E/DataRouter(  107): usb connection is true

E/DataRouter(  107): DSR is ON. Don't send DTR ON.

D/dalvikvm( 2697): GC_CONCURRENT freed 1174K, 20% free 7250K/8967K, paused 5ms+2ms

D/STATUSBAR-NetworkController(  272): onReceive() - RSSI_CHANGED_ACTION, WIFI_STATE, NETWORK_STATE

W/PowerManagerService(  189): Timer 0x1->0x0|0x0

D/PowerManagerService(  189): Screen__Off : Timeout

I/PowerManagerService(  189): Ulight 1->0|0

I/power   (  189): *** set_screen_state 0

I/PowerManagerService(  189): Light Animator Finished curIntValue=0

D/SensorManager(  189): unregisterListener:: disable all sensors for this listener,  listener = com.android.server.PowerManagerService$15@41401728

I/Sensors (  189): setDelay :: handle = 7   delay = 200000000

D/SurfaceFlinger(  110): About to give-up screen, flinger = 0x1943b18

D/PowerManagerService(  189): enableLightSensorLocked enable=false mAutoBrightessEnabled=true

D/SensorManager(  189): unregisterListener:: disable all sensors for this listener,  listener = com.android.server.PowerManagerService$16@41401858

D/Sensors (  189): Remain listener = Sending .. normal delay 200ms

I/Sensors (  189): sendDelay --- 200000000

I/Sensors (  189): setDelay :: handle = 4   delay = 200000000

D/MPLSensor(  189): setDelay : handle=4, delay=200000000

D/SensorManager(  189): JNI - sendDelay

I/SensorManager(  189): Set normal delay = true

D/MPLSensor(  189): handle : 4 en: 0

D/MPLSensor(  189):  enabled_sensors: 0 dmp_started: 1

D/MPLSensor(  189):   set_power_states > MLDmpStop()

I/        (  189): mpu3050_suspend: suspending sensors to 0000

I/        (  189): mpu3050_suspend: Will resume next to 0070

D/MPLSensor(  189):   MLSetMPUSensors: 0

D/MPLSensor(  189):   set_power_states > MLDmpStart()

I/        (  189): mpu3050_resume: Resuming to 0000

D/MPLSensor(  189):   set_power_states > MLDmpStop()

I/        (  189): mpu3050_suspend: suspending sensors to 0000

I/        (  189): mpu3050_suspend: Will resume next to 0000

D/MPLSensor(  189):   set_power_states > MLStoreCalibration()

D/dalvikvm(  189): GC_CONCURRENT freed 6396K, 71% free 13496K/45127K, paused 48ms+12ms

I/Sensors (  189): setDelay :: handle = 4   delay = 200000000

D/MPLSensor(  189): setDelay : handle=4, delay=200000000

D/KeyguardViewMediator(  189): onScreenTurnedOff(3)

D/KeyguardViewMediator(  189): setting alarm to turn off keyguard, seq = 9

W/PowerManagerService(  189): CurLockF mPS:0 mUS=0

W/PowerManagerService(  189): mPokeLocks.size=0:

D/PowerManagerService(  189): sendNotificationLocked on=false

D/PowerManagerService(  189): mNotificationTask : off

D/AudioHardware(  113): AudioHardware::setParameters() screen_state=off

D/WifiService(  189): ACTION_SCREEN_OFF

W/AudioPolicyManager(  113): FM radio recording off

W/AudioPolicyManager(  113): FM radio recording off

W/AudioPolicyManager(  113): FM radio recording off

D/VolumePanel(  189): onVolumeChanged(streamType: 3, flags: 64)

V/RecentsPanelView(  272): show:false animate:false

I/Launcher.StuckInEdit(  414): exitWidgetResizeMode State NORMAL

D/comsamsungapp( 1104): [MSC_Accu]>>> WS:57 [0:0] act:androidintentactionSCREEN_OFF

D/DateTimeIntentReceiver( 8983): Phone collapsed is received, dialog state : false

D/newswidget( 1351): [MSC]>>> APNW:310 [0:0] onReceive : actionactionwidgetnewsHOME_PAUSE

D/comsamsungapp( 1104): [MSC_Accu]>>> WWP:437 [0:0] onReceive@ widgetappweatherclockactionSERVICE_SCREEN_OFF

D/comsamsungapp( 1104): [MSC_Accu]>>> WIM:53 [0:0] AccuWeatherClockWidgetID_Length

D/comsamsungapp( 1104): [MSC_Accu]>>> WIM:54 [0:0] getPrefIDs@lngth:1

D/comsamsungapp( 1104): [MSC_Accu]>>> WIM:60 [0:0] getPrefIDs@Ids1:2

D/comsamsungapp( 1104): [MSC_Accu]>>> WWP:2561 [0:0] !!! mHandler is null !!!

D/comsamsungapp( 1104): [MSC_Accu]>>> WWP:429 [0:0] !!! refreshhandler is null !!!

E/DataRouter(  107): usb connection is true

E/DataRouter(  107): DSR is ON. Don't send DTR ON.

D/InputReader(  189): Input event: value=1

I/power   (  189): *** set_screen_state 1

D/SensorManager(  189): registerListener :: handle = 7  name= BH1721FVC Light Sensor delay= 200000 Listener= com.android.server.PowerManagerService$15@41401728

D/PowerManagerService(  189): Screen__On : userActivity  uid=1000 pid=189   myUID=1000 myPID=189 myTID=228

D/PowerManagerService(  189): reactivateScreenLocksLocked mProxIgnoredBecauseScreenTurnedOff=false

D/PowerManagerService(  189): enableLightSensorLocked enable=true mAutoBrightessEnabled=true

I/Sensors (  189): setDelay :: handle = 7   delay = 200000000

I/Sensors (  189): setDelay :: handle = 7   delay = 200000000

D/SensorManager(  189): registerListener :: handle = 4  name= KXTF9 Accelerometer Sensor delay= 200000 Listener= com.android.server.PowerManagerService$16@41401858

D/MPLSensor(  189): handle : 4 en: 1

D/MPLSensor(  189):  enabled_sensors: 16 dmp_started: 0

D/MPLSensor(  189):   MLSetMPUSensors: 70

I/MPL-ml  (  189): Actual ODR: 25 Hz

D/MPLSensor(  189):   set_power_states > MLDmpStart()

I/        (  189): mpu3050_resume: Resuming to 0070

I/        (  189): mpu3050_suspend: suspending sensors to 0000

I/        (  189): mpu3050_suspend: Will resume next to 0070

I/MPL-ml  (  189): Actual ODR: 25 Hz

I/        (  189): mpu3050_resume: Resuming to 0070

I/Sensors (  189): setDelay :: handle = 4   delay = 200000000

D/MPLSensor(  189): setDelay : handle=4, delay=200000000

I/Sensors (  189): setDelay :: handle = 4   delay = 200000000

D/MPLSensor(  189): setDelay : handle=4, delay=200000000

D/KeyguardViewMediator(  189): onScreenTurnedOn, seq = 10

D/KeyguardViewMediator(  189): notifyScreenOnLocked

D/KeyguardViewMediator(  189): handleNotifyScreenOn

D/KeyguardViewManager(  189): onScreenTurnedOn()

I/power   (  189): *** acquire_dvfs_lock : lockType : 1  freq : 1000000

D/PowerManagerService(  189): sendNotificationLocked on=true

D/PowerManagerService(  189): mNotificationTask : on

D/PowerManagerService(  189): acquireDVFSLockLocked : type : DVFS_MIN_LIMIT  frequency : 1000000  uid : 1000  pid : 189  tag : ActivityManager

W/ActivityManager(  189): mDVFSLock.acquire()

D/WifiService(  189): ACTION_SCREEN_ON

D/AudioHardware(  113): AudioHardware::setParameters() screen_state=on

I/WindowManager(  189): No lock screen!

I/PowerManagerService(  189): Ulight 3->3|1

D/STATUSBAR-NetworkController(  272): onReceive() - RSSI_CHANGED_ACTION, WIFI_STATE, NETWORK_STATE

D/InputReader(  189): Input event: value=0

W/AudioPolicyManager(  113): FM radio recording off

W/AudioPolicyManager(  113): FM radio recording off

W/AudioPolicyManager(  113): FM radio recording off

D/VolumePanel(  189): onVolumeChanged(streamType: 3, flags: 64)

D/STATUSBAR-Clock(  272): onReceive() - ACTION_SCREEN_ON

D/STATUSBAR-Clock(  272): updateClock :16:05

D/STATUSBAR-Clock(  272): onReceive() - ACTION_SCREEN_ON

D/STATUSBAR-Clock(  272): updateClock :16:05

D/comsamsungapp( 1104): [MSC_Accu]>>> WS:57 [0:0] act:androidintentactionSCREEN_ON

D/PowerManagerService(  189): lightSensorChangedLocked 100

D/PowerManagerService(  189): lcdValue 96

D/PowerManagerService(  189): buttonValue 0

D/PowerManagerService(  189): keyboardValue 0

D/PowerManagerService(  189): lightSensorChangedLocked : mKeyboardLight : 0

D/newswidget( 1351): [MSC]>>> APNW:310 [0:0] onReceive : actionactionwidgetnewsHOME_RESUME

D/newswidget( 1351): [MSC]>>> U:406 [0:0] cARS --> 0

D/comsamsungapp( 1104): [MSC_Accu]>>> WWP:437 [0:0] onReceive@ widgetappweatherclockactionSERVICE_SCREEN_ON

D/comsamsungapp( 1104): [MSC_Accu]>>> WIM:53 [0:0] AccuWeatherClockWidgetID_Length

D/comsamsungapp( 1104): [MSC_Accu]>>> WIM:54 [0:0] getPrefIDs@lngth:1

D/comsamsungapp( 1104): [MSC_Accu]>>> WIM:60 [0:0] getPrefIDs@Ids1:2

D/comsamsungapp( 1104): [MSC_Accu]>>> WWP:429 [0:0] !!! refreshhandler is null !!!

D/comsamsungapp( 1104): [MSC_Accu]>>> WWP:2446 [0:0] cityId:1245731

D/comsamsungapp( 1104): [MSC_Accu]>>> WWP:1889 [0:0] WthrDt:2 2130903101 false

D/comsamsungapp( 1104): [MSC_Accu]>>> WWP:1900 [0:0] mWthrCnt:1

D/comsamsungapp( 1104): [MSC_Accu]>>> WWP:1936 [0:0] onReceive cityId:1245731

D/comsamsungapp( 1104): [MSC_Accu]>>> WWP:2778 [0:0] mainLayoutId:4003, icon : 2, bgID : 2130837695

D/SurfaceFlinger(  110): Screen about to return, flinger = 0x1943b18

I/PowerManagerService(  189): Light Animator Finished curIntValue=96

E/DataRouter(  107): usb connection is true

E/DataRouter(  107): DSR is ON. Don't send DTR ON.

D/comsamsungapp( 1104): [MSC_Accu]>>> WWP:2179 [0:0] ApWdgId:2

W/PowerManagerService(  189): Timer 0x3->0x3|0x0

I/power   (  189): *** release_dvfs_lock : lockType : 1

D/PowerManagerService(  189): releaseDVFSLockLocked : all DVFS_MIN_LIMIT are released

W/ActivityManager(  189): mDVFSLock.release()

E/DataRouter(  107): usb connection is true

E/DataRouter(  107): DSR is ON. Don't send DTR ON.

D/KeyguardViewMediator(  189): received DELAYED_KEYGUARD_ACTION with seq = 9, mDelayedShowingSequence = 10

V/AlarmManager(  189): waitForAlarm result :4

V/AlarmManager(  189): trigger WAKEUP Alarm{424d9550 type 2 android}

D/STATUSBAR-NetworkController(  272): onReceive() - RSSI_CHANGED_ACTION, WIFI_STATE, NETWORK_STATE

E/DataRouter(  107): usb connection is true

E/DataRouter(  107): DSR is ON. Don't send DTR ON.

D/STATUSBAR-NetworkController(  272): onReceive() - RSSI_CHANGED_ACTION, WIFI_STATE, NETWORK_STATE

E/DataRouter(  107): usb connection is true

E/DataRouter(  107): DSR is ON. Don't send DTR ON.

D/Tethering(  189): getTetheredIfacePairs

D/MPLSensor(  189): cb_onMotion:2

I/InputReader(  189): Touch event's action is 0x0 (deviceType=0) [pCnt=1, pending(waiting finished signal)=0, s=0.295 ]

I/InputDispatcher(  189): Delivering touch to current input target: action: 0x0

I/InputDispatcher(  189): Delivering touch to current input target: action: 0x0

I/PowerManagerService(  189): Ulight 3->7|0

D/PowerManagerService(  189): setLightBrightness : mButtonLight : 96

E/DataRouter(  107): usb connection is true

E/DataRouter(  107): DSR is ON. Don't send DTR ON.

I/InputReader(  189): Touch event's action is 0x1 (deviceType=0) [pCnt=1, pending(waiting finished signal)=0, s=]

I/InputDispatcher(  189): Delivering touch to current input target: action: 0x1

I/InputDispatcher(  189): Delivering touch to current input target: action: 0x1

I/AudioService(  189): playSoundEffect() type:0 volume:-1

I/AudioPolicyManagerBase(  113): getSituationVolume: isBTConnected:0 isHeadConnected:0

I/AudioPolicyManager(  113): getParamFromPolicy  deviceInt = 0, situationInt = 1, situationVolume = 0.300000

I/AudioPolicyManager(  113): startOutput() output 1, stream 1, session 126

I/AudioFlinger(  113): start output streamType (0, 1) for 1

D/AudioHardware(  113): AudioStreamOutALSA::setParameters() start_output_streamtype=1

D/AudioHardware(  113): AudioHardware pcm playback is exiting standby.

V/AudioHardware(  113): open pcm_out driver

I/AudioHardware(  113): openPcmOut_l() mPcmOpenCnt: 0

W/InputManagerService(  189): Window already focused, ignoring focus gain of: com.android.internal.view.IInputMethodClient$Stub$Proxy@41b59c70

V/AudioHardware(  113): openPcmOut_l end

V/AudioHardware(  113): openMixer_l() mMixerOpenCnt: 0

V/AudioHardware(  113): openMixer_l end

V/AudioHardware(  113): open playback normal

V/AudioHardware(  113): write() wakeup setting route SPK

I/AudioHardware(  113): mSetVolumeIndex=0, mIsMusicPlaying=0, musicvolumeindex=-2

I/AudioPolicyManager(  113): stopOutput() output 1, stream 1, session 126

I/AudioFlinger(  113): stop output streamType (0, 1) for 1

D/AudioHardware(  113): AudioStreamOutALSA::setParameters() stop_output_streamtype=1

V/StatusBar( 9175): Executing action: _ready

V/StatusBar( 9175): Executing action: styleDefault

W/PowerManagerService(  189): Timer 0x7->0x3|0x0

I/PowerManagerService(  189): Ulight 7->3|0

D/PowerManagerService(  189): setLightBrightness : mButtonLight : 0

V/SQLitePlugin( 9175): Android db implementation: built-in android.database.sqlite package

V/info    ( 9175): Open sqlite db: /data/data/com.ionicframework.control299994/databases/control.db

D/dalvikvm( 9175): Trying to load lib /data/data/com.ionicframework.control299994/lib/libsqlc-native-driver.so 0x4135ce48

D/dalvikvm( 9175): Added shared lib /data/data/com.ionicframework.control299994/lib/libsqlc-native-driver.so 0x4135ce48

D/dalvikvm( 9175): No JNI_OnLoad found in /data/data/com.ionicframework.control299994/lib/libsqlc-native-driver.so 0x4135ce48, skipping init

D/GeolocationPlugin( 9175): We are entering execute

