D/BatteryService(  189): level:89 scale:100 status:3 health:2 present:true voltage: 4093 temperature: 216 technology: Li-ion AC powered:false USB powered:true icon:17302819 invalid charger:0

D/WifiService(  189): ACTION_BATTERY_CHANGED pluggedType: 2

D/UiModeManager(  189): mLastBroadcastState = 0mCarModeEnabled = falseisDeskDockState(mDockState) = false

V/UiModeManager(  189): updateLocked: null action, mDockState=0, firing homeIntent: null

D/UiModeManager(  189): updateConfigurationLocked: mDockState=0; mCarMode=false; mNightMode=0; uiMode=17

D/STATUSBAR-BatteryController(  272): onReceive() - ACTION_BATTERY_CHANGED

D/STATUSBAR-BatteryController(  272): onReceive() - level:89

D/STATUSBAR-BatteryController(  272): onReceive() - plugged:2

D/STATUSBAR-BatteryController(  272): onReceive() - BATTERY_STATUS_DISCHARGING: tw_stat_sys_battery_usb_not_charge

D/TabletStatusBar(  272): ACTION_BATTERY_CHANGED

D/TabletStatusBar(  272): NORMAL_BATTERY

V/AlarmManager(  189): waitForAlarm result :8

W/WifiStateTracker(  189): getNetworkInfo : NetworkInfo: type: WIFI[], state: CONNECTED/CONNECTED, reason: (unspecified), extra: (none), roaming: false, failover: false, isAvailable: true

W/WifiStateTracker(  189): getNetworkInfo : NetworkInfo: type: WIFI[], state: CONNECTED/CONNECTED, reason: (unspecified), extra: (none), roaming: false, failover: false, isAvailable: true

W/WifiStateTracker(  189): getNetworkInfo : NetworkInfo: type: WIFI[], state: CONNECTED/CONNECTED, reason: (unspecified), extra: (none), roaming: false, failover: false, isAvailable: true

W/WifiStateTracker(  189): getNetworkInfo : NetworkInfo: type: WIFI[], state: CONNECTED/CONNECTED, reason: (unspecified), extra: (none), roaming: false, failover: false, isAvailable: true

W/WifiStateTracker(  189): getNetworkInfo : NetworkInfo: type: WIFI[], state: CONNECTED/CONNECTED, reason: (unspecified), extra: (none), roaming: false, failover: false, isAvailable: true

W/WifiStateTracker(  189): getNetworkInfo : NetworkInfo: type: WIFI[], state: CONNECTED/CONNECTED, reason: (unspecified), extra: (none), roaming: false, failover: false, isAvailable: true

W/WifiStateTracker(  189): getNetworkInfo : NetworkInfo: type: WIFI[], state: CONNECTED/CONNECTED, reason: (unspecified), extra: (none), roaming: false, failover: false, isAvailable: true

W/WifiStateTracker(  189): getNetworkInfo : NetworkInfo: type: WIFI[], state: CONNECTED/CONNECTED, reason: (unspecified), extra: (none), roaming: false, failover: false, isAvailable: true

W/WifiStateTracker(  189): getNetworkInfo : NetworkInfo: type: WIFI[], state: CONNECTED/CONNECTED, reason: (unspecified), extra: (none), roaming: false, failover: false, isAvailable: true

W/WifiStateTracker(  189): getNetworkInfo : NetworkInfo: type: WIFI[], state: CONNECTED/CONNECTED, reason: (unspecified), extra: (none), roaming: false, failover: false, isAvailable: true

V/AlarmManager(  189): waitForAlarm result :4

V/AlarmManager(  189): trigger WAKEUP Alarm{41f748a8 type 2 android}

W/WifiStateTracker(  189): getNetworkInfo : NetworkInfo: type: WIFI[], state: CONNECTED/CONNECTED, reason: (unspecified), extra: (none), roaming: false, failover: false, isAvailable: true

W/WifiStateTracker(  189): getNetworkInfo : NetworkInfo: type: WIFI[], state: CONNECTED/CONNECTED, reason: (unspecified), extra: (none), roaming: false, failover: false, isAvailable: true

W/WifiStateTracker(  189): getNetworkInfo : NetworkInfo: type: WIFI[], state: CONNECTED/CONNECTED, reason: (unspecified), extra: (none), roaming: false, failover: false, isAvailable: true

W/WifiStateTracker(  189): getNetworkInfo : NetworkInfo: type: WIFI[], state: CONNECTED/CONNECTED, reason: (unspecified), extra: (none), roaming: false, failover: false, isAvailable: true

W/WifiStateTracker(  189): getNetworkInfo : NetworkInfo: type: WIFI[], state: CONNECTED/CONNECTED, reason: (unspecified), extra: (none), roaming: false, failover: false, isAvailable: true

D/PowerManagerService(  189): enableUserActivity false

I/TabletStatusBar(  272): DISABLE_EXPAND: yes

E/TabletStatusBar(  272): closing mini mode apps panel

V/WindowManager(  189): rotationForOrientationLw(orient=4, last=0); user=0 USER_ROTATION_LOCKED mLidOpen=-1 mDockMode=0 mHdmiPlugged=false mAccelerometerDefault=0 sensorRotation=-1

W/WifiStateTracker(  189): getNetworkInfo : NetworkInfo: type: WIFI[], state: CONNECTED/CONNECTED, reason: (unspecified), extra: (none), roaming: false, failover: false, isAvailable: true

W/WifiStateTracker(  189): getNetworkInfo : NetworkInfo: type: WIFI[], state: CONNECTED/CONNECTED, reason: (unspecified), extra: (none), roaming: false, failover: false, isAvailable: true

I/TabletStatusBar(  272): DISABLE_CLOCK: yes

E/TabletStatusBar(  272): closing mini mode apps panel

W/WifiStateTracker(  189): getNetworkInfo : NetworkInfo: type: WIFI[], state: CONNECTED/CONNECTED, reason: (unspecified), extra: (none), roaming: false, failover: false, isAvailable: true

W/WifiStateTracker(  189): getNetworkInfo : NetworkInfo: type: WIFI[], state: CONNECTED/CONNECTED, reason: (unspecified), extra: (none), roaming: false, failover: false, isAvailable: true

W/WifiStateTracker(  189): getNetworkInfo : NetworkInfo: type: WIFI[], state: CONNECTED/CONNECTED, reason: (unspecified), extra: (none), roaming: false, failover: false, isAvailable: true

W/WifiStateTracker(  189): getNetworkInfo : NetworkInfo: type: WIFI[], state: CONNECTED/CONNECTED, reason: (unspecified), extra: (none), roaming: false, failover: false, isAvailable: true

W/WifiStateTracker(  189): getNetworkInfo : NetworkInfo: type: WIFI[], state: CONNECTED/CONNECTED, reason: (unspecified), extra: (none), roaming: false, failover: false, isAvailable: true

W/WifiStateTracker(  189): getNetworkInfo : NetworkInfo: type: WIFI[], state: CONNECTED/CONNECTED, reason: (unspecified), extra: (none), roaming: false, failover: false, isAvailable: true

W/WifiStateTracker(  189): getNetworkInfo : NetworkInfo: type: WIFI[], state: CONNECTED/CONNECTED, reason: (unspecified), extra: (none), roaming: false, failover: false, isAvailable: true

W/WifiStateTracker(  189): getNetworkInfo : NetworkInfo: type: WIFI[], state: CONNECTED/CONNECTED, reason: (unspecified), extra: (none), roaming: false, failover: false, isAvailable: true

W/WifiStateTracker(  189): getNetworkInfo : NetworkInfo: type: WIFI[], state: CONNECTED/CONNECTED, reason: (unspecified), extra: (none), roaming: false, failover: false, isAvailable: true

W/WifiStateTracker(  189): getNetworkInfo : NetworkInfo: type: WIFI[], state: CONNECTED/CONNECTED, reason: (unspecified), extra: (none), roaming: false, failover: false, isAvailable: true

W/WifiStateTracker(  189): getNetworkInfo : NetworkInfo: type: WIFI[], state: CONNECTED/CONNECTED, reason: (unspecified), extra: (none), roaming: false, failover: false, isAvailable: true

W/WifiStateTracker(  189): getNetworkInfo : NetworkInfo: type: WIFI[], state: CONNECTED/CONNECTED, reason: (unspecified), extra: (none), roaming: false, failover: false, isAvailable: true

W/WifiStateTracker(  189): getNetworkInfo : NetworkInfo: type: WIFI[], state: CONNECTED/CONNECTED, reason: (unspecified), extra: (none), roaming: false, failover: false, isAvailable: true

W/WifiStateTracker(  189): getNetworkInfo : NetworkInfo: type: WIFI[], state: CONNECTED/CONNECTED, reason: (unspecified), extra: (none), roaming: false, failover: false, isAvailable: true

W/WifiStateTracker(  189): getNetworkInfo : NetworkInfo: type: WIFI[], state: CONNECTED/CONNECTED, reason: (unspecified), extra: (none), roaming: false, failover: false, isAvailable: true

W/WifiStateTracker(  189): getNetworkInfo : NetworkInfo: type: WIFI[], state: CONNECTED/CONNECTED, reason: (unspecified), extra: (none), roaming: false, failover: false, isAvailable: true

W/WifiStateTracker(  189): getNetworkInfo : NetworkInfo: type: WIFI[], state: CONNECTED/CONNECTED, reason: (unspecified), extra: (none), roaming: false, failover: false, isAvailable: true

W/WifiStateTracker(  189): getNetworkInfo : NetworkInfo: type: WIFI[], state: CONNECTED/CONNECTED, reason: (unspecified), extra: (none), roaming: false, failover: false, isAvailable: true

W/WifiStateTracker(  189): getNetworkInfo : NetworkInfo: type: WIFI[], state: CONNECTED/CONNECTED, reason: (unspecified), extra: (none), roaming: false, failover: false, isAvailable: true

W/WifiStateTracker(  189): getNetworkInfo : NetworkInfo: type: WIFI[], state: CONNECTED/CONNECTED, reason: (unspecified), extra: (none), roaming: false, failover: false, isAvailable: true

W/WifiStateTracker(  189): getNetworkInfo : NetworkInfo: type: WIFI[], state: CONNECTED/CONNECTED, reason: (unspecified), extra: (none), roaming: false, failover: false, isAvailable: true

W/WifiStateTracker(  189): getNetworkInfo : NetworkInfo: type: WIFI[], state: CONNECTED/CONNECTED, reason: (unspecified), extra: (none), roaming: false, failover: false, isAvailable: true

W/WifiStateTracker(  189): getNetworkInfo : NetworkInfo: type: WIFI[], state: CONNECTED/CONNECTED, reason: (unspecified), extra: (none), roaming: false, failover: false, isAvailable: true

W/WifiStateTracker(  189): getNetworkInfo : NetworkInfo: type: WIFI[], state: CONNECTED/CONNECTED, reason: (unspecified), extra: (none), roaming: false, failover: false, isAvailable: true

W/WifiStateTracker(  189): getNetworkInfo : NetworkInfo: type: WIFI[], state: CONNECTED/CONNECTED, reason: (unspecified), extra: (none), roaming: false, failover: false, isAvailable: true

W/WifiStateTracker(  189): getNetworkInfo : NetworkInfo: type: WIFI[], state: CONNECTED/CONNECTED, reason: (unspecified), extra: (none), roaming: false, failover: false, isAvailable: true

W/WifiStateTracker(  189): getNetworkInfo : NetworkInfo: type: WIFI[], state: CONNECTED/CONNECTED, reason: (unspecified), extra: (none), roaming: false, failover: false, isAvailable: true

W/WifiStateTracker(  189): getNetworkInfo : NetworkInfo: type: WIFI[], state: CONNECTED/CONNECTED, reason: (unspecified), extra: (none), roaming: false, failover: false, isAvailable: true

W/WifiStateTracker(  189): getNetworkInfo : NetworkInfo: type: WIFI[], state: CONNECTED/CONNECTED, reason: (unspecified), extra: (none), roaming: false, failover: false, isAvailable: true

W/WifiStateTracker(  189): getNetworkInfo : NetworkInfo: type: WIFI[], state: CONNECTED/CONNECTED, reason: (unspecified), extra: (none), roaming: false, failover: false, isAvailable: true

W/WifiStateTracker(  189): getNetworkInfo : NetworkInfo: type: WIFI[], state: CONNECTED/CONNECTED, reason: (unspecified), extra: (none), roaming: false, failover: false, isAvailable: true

W/WifiStateTracker(  189): getNetworkInfo : NetworkInfo: type: WIFI[], state: CONNECTED/CONNECTED, reason: (unspecified), extra: (none), roaming: false, failover: false, isAvailable: true

W/WifiStateTracker(  189): getNetworkInfo : NetworkInfo: type: WIFI[], state: CONNECTED/CONNECTED, reason: (unspecified), extra: (none), roaming: false, failover: false, isAvailable: true

W/WifiStateTracker(  189): getNetworkInfo : NetworkInfo: type: WIFI[], state: CONNECTED/CONNECTED, reason: (unspecified), extra: (none), roaming: false, failover: false, isAvailable: true

W/WifiStateTracker(  189): getNetworkInfo : NetworkInfo: type: WIFI[], state: CONNECTED/CONNECTED, reason: (unspecified), extra: (none), roaming: false, failover: false, isAvailable: true

W/WifiStateTracker(  189): getNetworkInfo : NetworkInfo: type: WIFI[], state: CONNECTED/CONNECTED, reason: (unspecified), extra: (none), roaming: false, failover: false, isAvailable: true

W/WifiStateTracker(  189): getNetworkInfo : NetworkInfo: type: WIFI[], state: CONNECTED/CONNECTED, reason: (unspecified), extra: (none), roaming: false, failover: false, isAvailable: true

W/WifiStateTracker(  189): getNetworkInfo : NetworkInfo: type: WIFI[], state: CONNECTED/CONNECTED, reason: (unspecified), extra: (none), roaming: false, failover: false, isAvailable: true

W/WifiStateTracker(  189): getNetworkInfo : NetworkInfo: type: WIFI[], state: CONNECTED/CONNECTED, reason: (unspecified), extra: (none), roaming: false, failover: false, isAvailable: true

W/WifiStateTracker(  189): getNetworkInfo : NetworkInfo: type: WIFI[], state: CONNECTED/CONNECTED, reason: (unspecified), extra: (none), roaming: false, failover: false, isAvailable: true

W/WifiStateTracker(  189): getNetworkInfo : NetworkInfo: type: WIFI[], state: CONNECTED/CONNECTED, reason: (unspecified), extra: (none), roaming: false, failover: false, isAvailable: true

W/WifiStateTracker(  189): getNetworkInfo : NetworkInfo: type: WIFI[], state: CONNECTED/CONNECTED, reason: (unspecified), extra: (none), roaming: false, failover: false, isAvailable: true

W/WifiStateTracker(  189): getNetworkInfo : NetworkInfo: type: WIFI[], state: CONNECTED/CONNECTED, reason: (unspecified), extra: (none), roaming: false, failover: false, isAvailable: true

W/WifiStateTracker(  189): getNetworkInfo : NetworkInfo: type: WIFI[], state: CONNECTED/CONNECTED, reason: (unspecified), extra: (none), roaming: false, failover: false, isAvailable: true

W/WifiStateTracker(  189): getNetworkInfo : NetworkInfo: type: WIFI[], state: CONNECTED/CONNECTED, reason: (unspecified), extra: (none), roaming: false, failover: false, isAvailable: true

W/WifiStateTracker(  189): getNetworkInfo : NetworkInfo: type: WIFI[], state: CONNECTED/CONNECTED, reason: (unspecified), extra: (none), roaming: false, failover: false, isAvailable: true

W/WifiStateTracker(  189): getNetworkInfo : NetworkInfo: type: WIFI[], state: CONNECTED/CONNECTED, reason: (unspecified), extra: (none), roaming: false, failover: false, isAvailable: true

W/WifiStateTracker(  189): getNetworkInfo : NetworkInfo: type: WIFI[], state: CONNECTED/CONNECTED, reason: (unspecified), extra: (none), roaming: false, failover: false, isAvailable: true

W/WifiStateTracker(  189): getNetworkInfo : NetworkInfo: type: WIFI[], state: CONNECTED/CONNECTED, reason: (unspecified), extra: (none), roaming: false, failover: false, isAvailable: true

W/WifiStateTracker(  189): getNetworkInfo : NetworkInfo: type: WIFI[], state: CONNECTED/CONNECTED, reason: (unspecified), extra: (none), roaming: false, failover: false, isAvailable: true

W/WifiStateTracker(  189): getNetworkInfo : NetworkInfo: type: WIFI[], state: CONNECTED/CONNECTED, reason: (unspecified), extra: (none), roaming: false, failover: false, isAvailable: true

W/WifiStateTracker(  189): getNetworkInfo : NetworkInfo: type: WIFI[], state: CONNECTED/CONNECTED, reason: (unspecified), extra: (none), roaming: false, failover: false, isAvailable: true

W/WifiStateTracker(  189): getNetworkInfo : NetworkInfo: type: WIFI[], state: CONNECTED/CONNECTED, reason: (unspecified), extra: (none), roaming: false, failover: false, isAvailable: true

W/WifiStateTracker(  189): getNetworkInfo : NetworkInfo: type: WIFI[], state: CONNECTED/CONNECTED, reason: (unspecified), extra: (none), roaming: false, failover: false, isAvailable: true

W/WifiStateTracker(  189): getNetworkInfo : NetworkInfo: type: WIFI[], state: CONNECTED/CONNECTED, reason: (unspecified), extra: (none), roaming: false, failover: false, isAvailable: true

W/WifiStateTracker(  189): getNetworkInfo : NetworkInfo: type: WIFI[], state: CONNECTED/CONNECTED, reason: (unspecified), extra: (none), roaming: false, failover: false, isAvailable: true

W/WifiStateTracker(  189): getNetworkInfo : NetworkInfo: type: WIFI[], state: CONNECTED/CONNECTED, reason: (unspecified), extra: (none), roaming: false, failover: false, isAvailable: true

W/WifiStateTracker(  189): getNetworkInfo : NetworkInfo: type: WIFI[], state: CONNECTED/CONNECTED, reason: (unspecified), extra: (none), roaming: false, failover: false, isAvailable: true

W/WifiStateTracker(  189): getNetworkInfo : NetworkInfo: type: WIFI[], state: CONNECTED/CONNECTED, reason: (unspecified), extra: (none), roaming: false, failover: false, isAvailable: true

W/WifiStateTracker(  189): getNetworkInfo : NetworkInfo: type: WIFI[], state: CONNECTED/CONNECTED, reason: (unspecified), extra: (none), roaming: false, failover: false, isAvailable: true

W/WifiStateTracker(  189): getNetworkInfo : NetworkInfo: type: WIFI[], state: CONNECTED/CONNECTED, reason: (unspecified), extra: (none), roaming: false, failover: false, isAvailable: true

W/WifiStateTracker(  189): getNetworkInfo : NetworkInfo: type: WIFI[], state: CONNECTED/CONNECTED, reason: (unspecified), extra: (none), roaming: false, failover: false, isAvailable: true

W/WifiStateTracker(  189): getNetworkInfo : NetworkInfo: type: WIFI[], state: CONNECTED/CONNECTED, reason: (unspecified), extra: (none), roaming: false, failover: false, isAvailable: true

I/ActivityManager(  189): No longer want app.processName (pid 3985) (adj 13) : hidden #26

I/WindowManager(  189): WIN DEATH: win

W/WifiStateTracker(  189): getNetworkInfo : NetworkInfo: type: WIFI[], state: CONNECTED/CONNECTED, reason: (unspecified), extra: (none), roaming: false, failover: false, isAvailable: true

W/WifiStateTracker(  189): getNetworkInfo : NetworkInfo: type: WIFI[], state: CONNECTED/CONNECTED, reason: (unspecified), extra: (none), roaming: false, failover: false, isAvailable: true

W/WifiStateTracker(  189): getNetworkInfo : NetworkInfo: type: WIFI[], state: CONNECTED/CONNECTED, reason: (unspecified), extra: (none), roaming: false, failover: false, isAvailable: true

W/WifiStateTracker(  189): getNetworkInfo : NetworkInfo: type: WIFI[], state: CONNECTED/CONNECTED, reason: (unspecified), extra: (none), roaming: false, failover: false, isAvailable: true

W/WifiStateTracker(  189): getNetworkInfo : NetworkInfo: type: WIFI[], state: CONNECTED/CONNECTED, reason: (unspecified), extra: (none), roaming: false, failover: false, isAvailable: true

W/WifiStateTracker(  189): getNetworkInfo : NetworkInfo: type: WIFI[], state: CONNECTED/CONNECTED, reason: (unspecified), extra: (none), roaming: false, failover: false, isAvailable: true

W/WifiStateTracker(  189): getNetworkInfo : NetworkInfo: type: WIFI[], state: CONNECTED/CONNECTED, reason: (unspecified), extra: (none), roaming: false, failover: false, isAvailable: true

W/WifiStateTracker(  189): getNetworkInfo : NetworkInfo: type: WIFI[], state: CONNECTED/CONNECTED, reason: (unspecified), extra: (none), roaming: false, failover: false, isAvailable: true

W/WifiStateTracker(  189): getNetworkInfo : NetworkInfo: type: WIFI[], state: CONNECTED/CONNECTED, reason: (unspecified), extra: (none), roaming: false, failover: false, isAvailable: true

W/WifiStateTracker(  189): getNetworkInfo : NetworkInfo: type: WIFI[], state: CONNECTED/CONNECTED, reason: (unspecified), extra: (none), roaming: false, failover: false, isAvailable: true

W/WifiStateTracker(  189): getNetworkInfo : NetworkInfo: type: WIFI[], state: CONNECTED/CONNECTED, reason: (unspecified), extra: (none), roaming: false, failover: false, isAvailable: true

W/WifiStateTracker(  189): getNetworkInfo : NetworkInfo: type: WIFI[], state: CONNECTED/CONNECTED, reason: (unspecified), extra: (none), roaming: false, failover: false, isAvailable: true

W/PowerManagerService(  189): Timer 0x0->0x0|0x0

V/AlarmManager(  189): ClockReceiver onReceive() ACTION_TIME_TICK

V/AlarmManager(  189): waitForAlarm result :8

D/STATUSBAR-Clock(  272): onReceive() - ACTION_TIME_TICK

D/STATUSBAR-Clock(  272): updateClock :16:03

D/STATUSBAR-Clock(  272): onReceive() - ACTION_TIME_TICK

D/STATUSBAR-Clock(  272): updateClock :16:03

V/AlarmManager(  189): waitForAlarm result :4

V/AlarmManager(  189): trigger WAKEUP Alarm{42115bf0 type 2 com.google.android.gsf}

V/AlarmManager(  189): waitForAlarm result :4

V/AlarmManager(  189): trigger WAKEUP Alarm{424c9c00 type 2 com.google.android.gms}

D/UsbDeviceManager(  189): USB UEVENT: {USB_STATE=DISCONNECTED, SUBSYSTEM=android_usb, DEVPATH=/devices/virtual/android_usb/android0, SEQNUM=2049, ACTION=change}

D/UsbDeviceManager(  189): USB UEVENT: {USB_STATE=CONNECTED, SUBSYSTEM=android_usb, DEVPATH=/devices/virtual/android_usb/android0, SEQNUM=2050, ACTION=change}

D/UsbDeviceManager(  189): handleMessage -> MSG_UPDATE_STATE connected = 1,configured = 0

D/UsbDeviceManager(  189): updateUsbNotification : mConnected = true, mConfigured = false, mCurrentFunctions = mtp,adb

D/UsbDeviceManager(  189): updateAdbNotification : mAdbEnabled = true, mConnected = true, mAdbNotificationShown = false

D/UsbDeviceManager(  189): don't notify adb

D/UsbDeviceManager(  189): sending intent : ACTION_USB_STATE : connected = true, configured = false, functions = mtp,adb

I/ActivityManager(  189): No longer want app.processName (pid 5821) (adj 13) : hidden #26

D/UsbDeviceManager(  189): USB UEVENT: {USB_STATE=CONFIGURED, SUBSYSTEM=android_usb, DEVPATH=/devices/virtual/android_usb/android0, SEQNUM=2051, ACTION=change}

D/UsbDeviceManager(  189): handleMessage -> MSG_UPDATE_STATE connected = 1,configured = 1

D/UsbDeviceManager(  189): updateUsbNotification : mConnected = true, mConfigured = true, mCurrentFunctions = mtp,adb

D/UsbDeviceManager(  189): updateAdbNotification : mAdbEnabled = true, mConnected = true, mAdbNotificationShown = false

D/UsbDeviceManager(  189): don't notify adb

D/UsbDeviceManager(  189): sending intent : ACTION_USB_STATE : connected = true, configured = true, functions = mtp,adb

V/AlarmManager(  189): waitForAlarm result :4

V/AlarmManager(  189): trigger WAKEUP Alarm{42379ea8 type 2 android}

W/WifiStateTracker(  189): getNetworkInfo : NetworkInfo: type: WIFI[], state: CONNECTED/CONNECTED, reason: (unspecified), extra: (none), roaming: false, failover: false, isAvailable: true

W/WifiStateTracker(  189): getNetworkInfo : NetworkInfo: type: WIFI[], state: CONNECTED/CONNECTED, reason: (unspecified), extra: (none), roaming: false, failover: false, isAvailable: true

D/BatteryService(  189): update start

D/BatteryService(  189): level:89 scale:100 status:3 health:2 present:true voltage: 4128 temperature: 217 technology: Li-ion AC powered:false USB powered:true icon:17302819 invalid charger:0

D/WifiService(  189): ACTION_BATTERY_CHANGED pluggedType: 2

D/UiModeManager(  189): mLastBroadcastState = 0mCarModeEnabled = falseisDeskDockState(mDockState) = false

V/UiModeManager(  189): updateLocked: null action, mDockState=0, firing homeIntent: null

D/UiModeManager(  189): updateConfigurationLocked: mDockState=0; mCarMode=false; mNightMode=0; uiMode=17

D/STATUSBAR-BatteryController(  272): onReceive() - ACTION_BATTERY_CHANGED

D/STATUSBAR-BatteryController(  272): onReceive() - level:89

D/STATUSBAR-BatteryController(  272): onReceive() - plugged:2

D/STATUSBAR-BatteryController(  272): onReceive() - BATTERY_STATUS_DISCHARGING: tw_stat_sys_battery_usb_not_charge

D/TabletStatusBar(  272): ACTION_BATTERY_CHANGED

W/WifiStateTracker(  189): getNetworkInfo : NetworkInfo: type: WIFI[], state: CONNECTED/CONNECTED, reason: (unspecified), extra: (none), roaming: false, failover: false, isAvailable: true

D/TabletStatusBar(  272): NORMAL_BATTERY

W/WifiStateTracker(  189): getNetworkInfo : NetworkInfo: type: WIFI[], state: CONNECTED/CONNECTED, reason: (unspecified), extra: (none), roaming: false, failover: false, isAvailable: true

W/WifiStateTracker(  189): getNetworkInfo : NetworkInfo: type: WIFI[], state: CONNECTED/CONNECTED, reason: (unspecified), extra: (none), roaming: false, failover: false, isAvailable: true

W/WifiStateTracker(  189): getNetworkInfo : NetworkInfo: type: WIFI[], state: CONNECTED/CONNECTED, reason: (unspecified), extra: (none), roaming: false, failover: false, isAvailable: true

W/WifiStateTracker(  189): getNetworkInfo : NetworkInfo: type: WIFI[], state: CONNECTED/CONNECTED, reason: (unspecified), extra: (none), roaming: false, failover: false, isAvailable: true

D/UsbDeviceManager(  189): USB UEVENT: {USB_STATE=DISCONNECTED, SUBSYSTEM=android_usb, DEVPATH=/devices/virtual/android_usb/android0, SEQNUM=2053, ACTION=change}

D/UsbDeviceManager(  189): USB UEVENT: {USB_STATE=CONNECTED, SUBSYSTEM=android_usb, DEVPATH=/devices/virtual/android_usb/android0, SEQNUM=2054, ACTION=change}

D/UsbDeviceManager(  189): handleMessage -> MSG_UPDATE_STATE connected = 1,configured = 0

D/UsbDeviceManager(  189): updateUsbNotification : mConnected = true, mConfigured = false, mCurrentFunctions = mtp,adb

D/UsbDeviceManager(  189): updateAdbNotification : mAdbEnabled = true, mConnected = true, mAdbNotificationShown = false

D/UsbDeviceManager(  189): don't notify adb

D/UsbDeviceManager(  189): sending intent : ACTION_USB_STATE : connected = true, configured = false, functions = mtp,adb

D/UsbDeviceManager(  189): USB UEVENT: {USB_STATE=CONFIGURED, SUBSYSTEM=android_usb, DEVPATH=/devices/virtual/android_usb/android0, SEQNUM=2055, ACTION=change}

D/UsbDeviceManager(  189): handleMessage -> MSG_UPDATE_STATE connected = 1,configured = 1

D/UsbDeviceManager(  189): updateUsbNotification : mConnected = true, mConfigured = true, mCurrentFunctions = mtp,adb

D/UsbDeviceManager(  189): updateAdbNotification : mAdbEnabled = true, mConnected = true, mAdbNotificationShown = false

D/UsbDeviceManager(  189): don't notify adb

D/UsbDeviceManager(  189): sending intent : ACTION_USB_STATE : connected = true, configured = true, functions = mtp,adb

V/AlarmManager(  189): waitForAlarm result :8

W/WifiStateTracker(  189): getNetworkInfo : NetworkInfo: type: WIFI[], state: CONNECTED/CONNECTED, reason: (unspecified), extra: (none), roaming: false, failover: false, isAvailable: true

W/WifiStateTracker(  189): getNetworkInfo : NetworkInfo: type: WIFI[], state: CONNECTED/CONNECTED, reason: (unspecified), extra: (none), roaming: false, failover: false, isAvailable: true

D/PowerManagerService(  189): reactivateScreenLocksLocked mProxIgnoredBecauseScreenTurnedOff=false

D/PowerManagerService(  189): Screen__On : acquireWakeLock flags=0x1000001a tag=keyguard uid=1000 pid=189   myUID=1000 myPID=189 myTID=221

D/PowerManagerService(  189): enableLightSensorLocked enable=true mAutoBrightessEnabled=true

D/PowerManagerService(  189): sendNotificationLocked on=true

I/PowerManagerService(  189): Ulight 0->4|0

D/PowerManagerService(  189): setLightBrightness : mButtonLight : 96

D/PowerManagerService(  189): mNotificationTask : on

D/WifiService(  189): ACTION_SCREEN_ON

I/WindowManager(  189): Lock screen displayed!

I/PowerManagerService(  189): Ulight 7->7|1

D/STATUSBAR-Clock(  272): onReceive() - ACTION_SCREEN_ON

D/STATUSBAR-Clock(  272): updateClock :16:03

D/STATUSBAR-Clock(  272): onReceive() - ACTION_SCREEN_ON

D/STATUSBAR-Clock(  272): updateClock :16:03

D/PowerManagerService(  189): lightSensorChangedLocked 100

D/PowerManagerService(  189): lcdValue 96

D/PowerManagerService(  189): buttonValue 0

D/PowerManagerService(  189): keyboardValue 0

D/PowerManagerService(  189): lightSensorChangedLocked : mKeyboardLight : 0

I/PowerManagerService(  189): Light Animator Finished curIntValue=96

V/AlarmManager(  189): waitForAlarm result :8

W/WifiStateTracker(  189): getNetworkInfo : NetworkInfo: type: WIFI[], state: CONNECTED/CONNECTED, reason: (unspecified), extra: (none), roaming: false, failover: false, isAvailable: true

D/PowerManagerService(  189): acquireWakeLock flags=0x1000001a tag=keyguard uid=1000 pid=189   myUID=1000 myPID=189 myTID=221

D/PowerManagerService(  189): acquireWakeLock flags=0x1000001a tag=keyguard uid=1000 pid=189   myUID=1000 myPID=189 myTID=221

D/PowerManagerService(  189): acquireWakeLock flags=0x1000001a tag=keyguard uid=1000 pid=189   myUID=1000 myPID=189 myTID=221

D/PowerManagerService(  189): enableUserActivity true

D/PowerManagerService(  189): releaseWakeLockLocked flags=0x0 tag=keyguard myUID=1000 myPID=189 myTID=221

I/PowerManagerService(  189): Ulight 7->3|0

D/PowerManagerService(  189): setLightBrightness : mButtonLight : 0

D/PowerManagerService(  189): acquireWakeLock flags=0x1000001a tag=keyguard uid=1000 pid=189   myUID=1000 myPID=189 myTID=221

I/PowerManagerService(  189): Ulight 3->7|0

D/PowerManagerService(  189): setLightBrightness : mButtonLight : 96

D/WifiService(  189): Receive Unlock screen

E/TabletStatusBar(  272): closing mini mode apps panel

V/WindowManager(  189): rotationForOrientationLw(orient=-1, last=0); user=0 USER_ROTATION_LOCKED mLidOpen=-1 mDockMode=0 mHdmiPlugged=false mAccelerometerDefault=0 sensorRotation=-1

W/InputManagerService(  189): Window already focused, ignoring focus gain of: com.android.internal.view.IInputMethodClient$Stub$Proxy@41704378

I/TabletStatusBar(  272): DISABLE_CLOCK: no

E/TabletStatusBar(  272): closing mini mode apps panel

E/TabletStatusBar(  272): closing mini mode apps panel

W/PowerManagerService(  189): Timer 0x7->0x3|0x15

I/ActivityManager(  189): Killing 1601:com.android.settings/1000: remove task

I/ActivityManager(  189): Process app.processName (pid 1601) (adj 7) has died.

I/WindowManager(  189): WIN DEATH: win

I/WindowManager(  189): WIN DEATH: win

I/ActivityManager(  189): START {intent.toShortString} from pid 272

D/PowerManagerService(  189): acquireDVFSLockLocked : type : DVFS_MIN_LIMIT  frequency : 1000000  uid : 1000  pid : 189  tag : ActivityManager

W/ActivityManager(  189): mDVFSLock.acquire()

I/ActivityManager(  189): Start proc app.processName for activity hostingNameStr: pid=8971 uid=10110 gids={3003}

I/ActivityManager(  189): Start proc app.processName for broadcast hostingNameStr: pid=8983 uid=1000 gids={3003, 1015, 3002, 3001, 2001, 1006, 1023, 1007, 3007}

D/DEFERED_APP_VISIBILITY(  189): tweaking closing app

E/TabletStatusBar(  272): closing mini mode apps panel

W/PowerManagerService(  189): Timer 0x7->0x3|0x15

W/InputManagerService(  189): Starting input on non-focused client com.android.internal.view.IInputMethodClient$Stub$Proxy@41645740 (uid=10053 pid=414)

V/InputManagerService(  189): Starting input on non-focused client mCurClient info is ClientState{423517f0 uid 10110 pid 8971}

D/PowerManagerService(  189): releaseDVFSLockLocked : all DVFS_MIN_LIMIT are released

W/ActivityManager(  189): mDVFSLock.release()

D/DEFERED_APP_VISIBILITY(  189): tweaking closing app

I/ActivityManager(  189): No longer want app.processName (pid 4634) (adj 13) : hidden #26

D/PowerManagerService(  189): releaseWakeLockLocked flags=0x0 tag=keyguard myUID=1000 myPID=189 myTID=221

E/TabletStatusBar(  272): closing mini mode apps panel

W/ActivityManager(  189): removeTaskLocked: unknown taskId 15

W/ActivityManager(  189): removeTaskLocked: unknown taskId 10

W/WifiStateTracker(  189): getNetworkInfo : NetworkInfo: type: WIFI[], state: CONNECTED/CONNECTED, reason: (unspecified), extra: (none), roaming: false, failover: false, isAvailable: true

W/WifiStateTracker(  189): getNetworkInfo : NetworkInfo: type: WIFI[], state: CONNECTED/CONNECTED, reason: (unspecified), extra: (none), roaming: false, failover: false, isAvailable: true

W/AlarmManager(  189): setInexactRepeating ignored because interval 0 is invalid

W/InputManagerService(  189): Window already focused, ignoring focus gain of: com.android.internal.view.IInputMethodClient$Stub$Proxy@41fc43f0

E/TabletStatusBar(  272): closing mini mode apps panel

W/PowerManagerService(  189): Timer 0x7->0x3|0x0

I/PowerManagerService(  189): Ulight 7->3|0

D/PowerManagerService(  189): setLightBrightness : mButtonLight : 0

I/PowerManagerService(  189): Ulight 3->7|0

D/PowerManagerService(  189): setLightBrightness : mButtonLight : 96

E/TabletStatusBar(  272): closing mini mode apps panel

W/ActivityManager(  189): Activity destroy timeout for r

W/ActivityManager(  189): removeTaskLocked: unknown taskId 6

W/InputManagerService(  189): Window already focused, ignoring focus gain of: com.android.internal.view.IInputMethodClient$Stub$Proxy@418f6a68

E/TabletStatusBar(  272): closing mini mode apps panel

V/AlarmManager(  189): waitForAlarm result :4

V/AlarmManager(  189): trigger WAKEUP Alarm{4221bd60 type 2 android}

W/WifiStateTracker(  189): getNetworkInfo : NetworkInfo: type: WIFI[], state: CONNECTED/CONNECTED, reason: (unspecified), extra: (none), roaming: false, failover: false, isAvailable: true

D/BatteryService(  189): update start

D/BatteryService(  189): level:89 scale:100 status:3 health:2 present:true voltage: 4022 temperature: 218 technology: Li-ion AC powered:false USB powered:true icon:17302819 invalid charger:0

D/WifiService(  189): ACTION_BATTERY_CHANGED pluggedType: 2

D/UiModeManager(  189): mLastBroadcastState = 0mCarModeEnabled = falseisDeskDockState(mDockState) = false

V/UiModeManager(  189): updateLocked: null action, mDockState=0, firing homeIntent: null

D/UiModeManager(  189): updateConfigurationLocked: mDockState=0; mCarMode=false; mNightMode=0; uiMode=17

D/STATUSBAR-BatteryControl    ler(  272): onReceive() - ACTION_BATTERY_CHANGED

D/STATUSBAR-BatteryController(  272): onReceive() - level:89

D/STATUSBAR-BatteryController(  272): onReceive() - plugged:2

D/STATUSBAR-BatteryController(  272): onReceive() - BATTERY_STATUS_DISCHARGING: tw_stat_sys_battery_usb_not_charge

D/TabletStatusBar(  272): ACTION_BATTERY_CHANGED

D/TabletStatusBar(  272): NORMAL_BATTERY

--------- beginning of /dev/log/main

I/AudioPolicyManager(  113): getParamFromPolicy  deviceInt = 0, situationInt = 1, situationVolume = 0.300000

I/AudioPolicyManager(  113): startOutput() output 1, stream 1, session 118

I/AudioFlinger(  113): start output streamType (0, 1) for 1

D/AudioHardware(  113): AudioStreamOutALSA::setParameters() start_output_streamtype=1

I/InputReader(  189): Touch event's action is 0x1 (deviceType=0) [pCnt=1, pending(waiting finished signal)=0, s=]

I/InputDispatcher(  189): Delivering touch to current input target: action: 0x1

I/InputDispatcher(  189): Delivering touch to current input target: action: 0x1

V/RecentsPanelView(  272): show:true animate:true

I/        (  272): SurfaceBufferHelper set buffer count 2

E/TabletStatusBar(  272): closing mini mode apps panel

I/AudioPolicyManager(  113): stopOutput() output 1, stream 1, session 118

I/AudioFlinger(  113): stop output streamType (0, 1) for 1

D/AudioHardware(  113): AudioStreamOutALSA::setParameters() stop_output_streamtype=1

W/WifiStateTracker(  189): getNetworkInfo : NetworkInfo: type: WIFI[], state: CONNECTED/CONNECTED, reason: (unspecified), extra: (none), roaming: false, failover: false, isAvailable: true

W/WifiStateTracker(  189): getNetworkInfo : NetworkInfo: type: WIFI[], state: CONNECTED/CONNECTED, reason: (unspecified), extra: (none), roaming: false, failover: false, isAvailable: true

I/InputReader(  189): Touch event's action is 0x0 (deviceType=0) [pCnt=1, pending(waiting finished signal)=0, s=0.286 ]

I/InputDispatcher(  189): Delivering touch to current input target: action: 0x0

I/InputDispatcher(  189): Delivering touch to current input target: action: 0x0

I/InputReader(  189): Touch event's action is 0x1 (deviceType=0) [pCnt=1, pending(waiting finished signal)=0, s=]

I/InputDispatcher(  189): Delivering touch to current input target: action: 0x1

I/InputDispatcher(  189): Delivering touch to current input target: action: 0x1

I/AudioService(  189): playSoundEffect() type:0 volume:-1

I/AudioPolicyManagerBase(  113): getSituationVolume: isBTConnected:0 isHeadConnected:0

I/AudioPolicyManager(  113): getParamFromPolicy  deviceInt = 0, situationInt = 1, situationVolume = 0.300000

I/power   (  189): *** acquire_dvfs_lock : lockType : 1  freq : 1000000

I/AudioPolicyManager(  113): startOutput() output 1, stream 1, session 119

I/AudioFlinger(  113): start output streamType (0, 1) for 1

D/AudioHardware(  113): AudioStreamOutALSA::setParameters() start_output_streamtype=1

I/ActivityManager(  189): START {intent.toShortString} from pid 272

D/PowerManagerService(  189): acquireDVFSLockLocked : type : DVFS_MIN_LIMIT  frequency : 1000000  uid : 1000  pid : 189  tag : ActivityManager

W/ActivityManager(  189): mDVFSLock.acquire()

D/Launcher.HomeFragment(  414): onPause

D/Launcher(  414): onPause

V/RecentsPanelView(  272): show:false animate:true

D/ProgramMonitor( 1471): START onReceive()_intent : Intent { act=com.sec.android.intent.action.HOME_PAUSE flg=0x10 cmp=xxxx }

D/DateTimeIntentReceiver( 8983): Phone collapsed is received, dialog state : false

I/ActivityManager(  189): Start proc app.processName for activity hostingNameStr: pid=9029 uid=10031 gids={1015}

D/dalvikvm(  111): GC_EXPLICIT freed 39K, 14% free 6819K/7875K, paused 2ms+3ms

D/dalvikvm(  111): GC_EXPLICIT freed <1K, 14% free 6819K/7875K, paused 2ms+2ms

D/OpenGLRenderer(  414): Flushing caches (mode 1)

D/dalvikvm(  111): GC_EXPLICIT freed <1K, 14% free 6819K/7875K, paused 2ms+7ms

D/Launcher(  414): onTrimMemory. Level: 20

D/DEFERED_APP_VISIBILITY(  189): tweaking closing app

D/OpenGLRenderer(  414): Flushing caches (mode 0)

I/INFO    ( 9029): 0

D/OpenGLRenderer(  272): Flushing caches (mode 0)

I/AudioPolicyManager(  113): stopOutput() output 1, stream 1, session 119

I/AudioFlinger(  113): stop output streamType (0, 1) for 1

D/AudioHardware(  113): AudioStreamOutALSA::setParameters() stop_output_streamtype=1

D/dalvikvm( 9029): GC_CONCURRENT freed 852K, 16% free 7228K/8519K, paused 1ms+2ms

V/RunningAppsListActivity( 9029): updateKillAllBtn - false

V/RunningAppsListActivity( 9029): LoadPackageResource AsyncTask #1 thread start

V/RunningAppsListActivity( 9029): LoadPackageResource AsyncTask #1 thread end

D/dalvikvm( 9029): GC_CONCURRENT freed 1203K, 19% free 7276K/8967K, paused 4ms+3ms

D/dalvikvm( 9029): GC_FOR_ALLOC freed 1132K, 20% free 7301K/9031K, paused 16ms

V/RunningAppsListActivity( 9029): updateKillAllBtn - false

V/RunningAppsListActivity( 9029): LoadPackageResource AsyncTask #2 thread start

V/RunningAppsListActivity( 9029): LoadPackageResource AsyncTask #2 thread end

E/TabletStatusBar(  272): closing mini mode apps panel

V/PackageInfoItemFactory( 9029): saveCache() start!

V/PackageInfoItemFactory( 9029): saveCache() end!

V/RunningAppsListActivity( 9029): updateKillAllBtn - false

I/ClipboardServiceEx(  189): Send intent for dismiss clipboard dialog inside hideCurrentInputLocked() !

W/InputManagerService(  189): Starting input on non-focused client com.android.internal.view.IInputMethodClient$Stub$Proxy@41645740 (uid=10053 pid=414)

V/InputManagerService(  189): Starting input on non-focused client mCurClient info is ClientState{42382b18 uid 10031 pid 9029}

E/DataRouter(  107): usb connection is true

E/DataRouter(  107): DSR is ON. Don't send DTR ON.

I/ActivityManager(  189): Displayed shortComponentName: +1s69ms

I/power   (  189): *** release_dvfs_lock : lockType : 1

D/PowerManagerService(  189): releaseDVFSLockLocked : all DVFS_MIN_LIMIT are released

W/ActivityManager(  189): mDVFSLock.release()

V/RunningAppsListActivity( 9029): updateKillAllBtn - false

V/RunningAppsListActivity( 9029): updateKillAllBtn - false

D/CLIPBOARD( 9029): Hide Clipboard dialog at Starting input: finished by someone else... !

V/RunningAppsListActivity( 9029): updateKillAllBtn - false

D/Launcher.HomeFragment(  414): onStop

D/Launcher.Workspace(  414): onStop

D/Launcher(  414): onStop

W/PowerManagerService(  189): Timer 0x7->0x3|0x0

I/PowerManagerService(  189): Ulight 7->3|0

D/PowerManagerService(  189): setLightBrightness : mButtonLight : 0

V/RunningAppsListActivity( 9029): updateKillAllBtn - false

D/STATUSBAR-NetworkController(  272): onReceive() - RSSI_CHANGED_ACTION, WIFI_STATE, NETWORK_STATE

E/DataRouter(  107): usb connection is true

E/DataRouter(  107): DSR is ON. Don't send DTR ON.

E/AudioHardware(  113): AudioStreamOutALSA::standby spdifenable =0

D/AudioHardware(  113): AudioHardware pcm playback is going to standby.

V/AudioHardware(  113): closeMixer_l() mMixerOpenCnt: 1

V/AudioHardware(  113): closeMixer_l mMixerOpenCnt = 0 end

I/AudioHardware(  113): closePcmOut_l() mPcmOpenCnt: 1

V/AudioHardware(  113): closePcmOut_l end

I/InputReader(  189): Touch event's action is 0x0 (deviceType=0) [pCnt=1, pending(waiting finished signal)=0, s=0.287 ]

I/InputDispatcher(  189): Delivering touch to current input target: action: 0x0

I/InputDispatcher(  189): Delivering touch to current input target: action: 0x0

I/PowerManagerService(  189): Ulight 3->7|0

D/PowerManagerService(  189): setLightBrightness : mButtonLight : 96

D/RestrictionPolicy(  189): isHomeKeyEnabled :true

D/ViewRootImpl(  272): playSoundEffect: Sound effect play: 18

I/AudioService(  189): playSoundEffect() type:18 volume:-1

I/AudioPolicyManagerBase(  113): getSituationVolume: isBTConnected:0 isHeadConnected:0

I/AudioPolicyManager(  113): getParamFromPolicy  deviceInt = 0, situationInt = 1, situationVolume = 0.300000

I/AudioPolicyManager(  113): startOutput() output 1, stream 1, session 120

I/AudioFlinger(  113): start output streamType (0, 1) for 1

D/AudioHardware(  113): AudioStreamOutALSA::setParameters() start_output_streamtype=1

D/AudioHardware(  113): AudioHardware pcm playback is exiting standby.

V/AudioHardware(  113): open pcm_out driver

I/AudioHardware(  113): openPcmOut_l() mPcmOpenCnt: 0

I/InputReader(  189): Touch event's action is 0x1 (deviceType=0) [pCnt=1, pending(waiting finished signal)=0, s=]

I/InputDispatcher(  189): Delivering touch to current input target: action: 0x1

I/InputDispatcher(  189): Delivering touch to current input target: action: 0x1

D/RestrictionPolicy(  189): isHomeKeyEnabled :true

D/VoIPInterfaceManager(  189): isVoIPRinging()...

D/VoIPInterfaceManager(  189):     Not exist call session

W/InputManagerService(  189): onReceive() calling hidecurrentInputLocked

I/ActivityManager(  189): START {intent.toShortString} from pid 189

V/AudioHardware(  113): openPcmOut_l end

V/AudioHardware(  113): openMixer_l() mMixerOpenCnt: 0

V/AudioHardware(  113): openMixer_l end

V/AudioHardware(  113): open playback normal

V/AudioHardware(  113): write() wakeup setting route SPK

I/ClipboardServiceEx(  189): Send intent for dismiss clipboard dialog inside hideCurrentInputLocked() !

I/Launcher.StuckInEdit(  414): exitWidgetResizeMode State NORMAL

D/Launcher(  414): onRestart

D/Launcher(  414): onStart

D/Launcher.HomeFragment(  414): onStart

D/Launcher(  414): onResume

I/AudioHardware(  113): mSetVolumeIndex=0, mIsMusicPlaying=0, musicvolumeindex=-2

W/InputManagerService(  189): Unexpected intent Intent { act=android.sec.intent.action.CLICKED_HOMEKEY flg=0x10 }

D/DateTimeIntentReceiver( 8983): Phone collapsed is received, dialog state : false

E/Launcher(  414): Error finding setting, default accessibility to not found: accessibility_enabled

D/Launcher.HomeFragment(  414): onResume

D/MenuAppsGridFragment(  414): onResume

D/ProgramMonitor( 1471): START onReceive()_intent : Intent { act=com.sec.android.intent.action.HOME_RESUME flg=0x10 cmp=xxxx }

D/ProgramMonitor( 1471): LAUNCHER_RESUME

D/ProgramMonitor( 1471): isWidgetEnabled:0  mViews:null

D/DEFERED_APP_VISIBILITY(  189): tweaking closing app

I/ClipboardServiceEx(  189): Send intent for dismiss clipboard dialog inside hideCurrentInputLocked() !

W/InputManagerService(  189): Starting input on non-focused client com.android.internal.view.IInputMethodClient$Stub$Proxy@417579f0 (uid=10031 pid=9029)

V/InputManagerService(  189): Starting input on non-focused client mCurClient info is ClientState{41645990 uid 10053 pid 414}

I/AudioPolicyManager(  113): stopOutput() output 1, stream 1, session 120

I/AudioFlinger(  113): stop output streamType (0, 1) for 1

D/AudioHardware(  113): AudioStreamOutALSA::setParameters() stop_output_streamtype=1

I/InputReader(  189): Touch event's action is 0x0 (deviceType=0) [pCnt=1, pending(waiting finished signal)=0, s=0.288 ]

I/InputDispatcher(  189): Delivering touch to current input target: action: 0x0

I/InputDispatcher(  189): Delivering touch to current input target: action: 0x0

I/InputDispatcher(  189): Delivering touch to current input target: action: 0x0

I/InputReader(  189): Touch event's action is 0x1 (deviceType=0) [pCnt=1, pending(waiting finished signal)=0, s=]

I/InputDispatcher(  189): Delivering touch to current input target: action: 0x1

I/InputDispatcher(  189): Delivering touch to current input target: action: 0x1

I/InputDispatcher(  189): Delivering touch to current input target: action: 0x1

I/AudioService(  189): playSoundEffect() type:0 volume:-1

I/AudioPolicyManagerBase(  113): getSituationVolume: isBTConnected:0 isHeadConnected:0

I/AudioPolicyManager(  113): getParamFromPolicy  deviceInt = 0, situationInt = 1, situationVolume = 0.300000

I/AudioPolicyManager(  113): startOutput() output 1, stream 1, session 121

I/AudioFlinger(  113): start output streamType (0, 1) for 1

D/AudioHardware(  113): AudioStreamOutALSA::setParameters() start_output_streamtype=1

I/Launcher.StuckInEdit(  414): exitWidgetResizeMode State NORMAL

I/Launcher.MenuAppsGrid(  414): State change from UNKNOWN to NORMAL

E/DataRouter(  107): usb connection is true

E/DataRouter(  107): DSR is ON. Don't send DTR ON.

I/AudioPolicyManager(  113): stopOutput() output 1, stream 1, session 121

I/AudioFlinger(  113): stop output streamType (0, 1) for 1

D/AudioHardware(  113): AudioStreamOutALSA::setParameters() stop_output_streamtype=1

D/dalvikvm( 2697): GC_CONCURRENT freed 1152K, 20% free 7247K/8967K, paused 4ms+3ms

W/PowerManagerService(  189): Timer 0x7->0x3|0x0

I/PowerManagerService(  189): Ulight 7->3|0

D/PowerManagerService(  189): setLightBrightness : mButtonLight : 0

E/DataRouter(  107): usb connection is true

E/DataRouter(  107): DSR is ON. Don't send DTR ON.

D/STATUSBAR-NetworkController(  272): onReceive() - RSSI_CHANGED_ACTION, WIFI_STATE, NETWORK_STATE

E/AudioHardware(  113): AudioStreamOutALSA::standby spdifenable =0

D/AudioHardware(  113): AudioHardware pcm playback is going to standby.

V/AudioHardware(  113): closeMixer_l() mMixerOpenCnt: 1

V/AudioHardware(  113): closeMixer_l mMixerOpenCnt = 0 end

I/AudioHardware(  113): closePcmOut_l() mPcmOpenCnt: 1

V/AudioHardware(  113): closePcmOut_l end

E/DataRouter(  107): usb connection is true

E/DataRouter(  107): DSR is ON. Don't send DTR ON.

E/DataRouter(  107): usb connection is true

E/DataRouter(  107): DSR is ON. Don't send DTR ON.

E/Watchdog(  189): !@Sync 41

E/DataRouter(  107): usb connection is true

E/DataRouter(  107): DSR is ON. Don't send DTR ON.

E/DataRouter(  107): usb connection is true

E/DataRouter(  107): DSR is ON. Don't send DTR ON.

E/DataRouter(  107): usb connection is true

E/DataRouter(  107): DSR is ON. Don't send DTR ON.

E/DataRouter(  107): usb connection is true

E/DataRouter(  107): DSR is ON. Don't send DTR ON.

D/KeyguardUpdateMonitor(  189): received broadcast android.intent.action.TIME_TICK

D/KeyguardUpdateMonitor(  189): handleTimeUpdate

V/AlarmManager(  189): ClockReceiver onReceive() ACTION_TIME_TICK

V/AlarmManager(  189): waitForAlarm result :8

D/STATUSBAR-Clock(  272): onReceive() - ACTION_TIME_TICK

D/STATUSBAR-Clock(  272): updateClock :16:04

D/STATUSBAR-Clock(  272): onReceive() - ACTION_TIME_TICK

D/STATUSBAR-Clock(  272): updateClock :16:04

D/Tethering(  189): getTetheredIfacePairs

E/DataRouter(  107): usb connection is true

E/DataRouter(  107): DSR is ON. Don't send DTR ON.

E/DataRouter(  107): usb connection is true

E/DataRouter(  107): DSR is ON. Don't send DTR ON.

E/DataRouter(  107): usb connection is true

E/DataRouter(  107): DSR is ON. Don't send DTR ON.

E/DataRouter(  107): usb connection is true

E/DataRouter(  107): DSR is ON. Don't send DTR ON.

W/PowerManagerService(  189): Timer 0x3->0x1|0x0

I/PowerManagerService(  189): Ulight 3->1|0

I/PowerManagerService(  189): Light Animator Finished curIntValue=20

D/BatteryService(  189): update start

D/BatteryService(  189): level:89 scale:100 status:3 health:2 present:true voltage: 4051 temperature: 217 technology: Li-ion AC powered:false USB powered:true icon:17302819 invalid charger:0

D/KeyguardUpdateMonitor(  189): received broadcast android.intent.action.BATTERY_CHANGED

D/KeyguardUpdateMonitor(  189): handleBatteryUpdate

D/WifiService(  189): ACTION_BATTERY_CHANGED pluggedType: 2

D/UiModeManager(  189): mLastBroadcastState = 0mCarModeEnabled = falseisDeskDockState(mDockState) = false

V/UiModeManager(  189): updateLocked: null action, mDockState=0, firing homeIntent: null

D/UiModeManager(  189): updateConfigurationLocked: mDockState=0; mCarMode=false; mNightMode=0; uiMode=17

D/STATUSBAR-BatteryController(  272): onReceive() - ACTION_BATTERY_CHANGED

I/RilActionService(  845): BroadcastReceiverandroid.intent.action.BATTERY_CHANGED

D/STATUSBAR-BatteryController(  272): onReceive() - level:89

D/STATUSBAR-BatteryController(  272): onReceive() - plugged:2

D/STATUSBAR-BatteryController(  272): onReceive() - BATTERY_STATUS_DISCHARGING: tw_stat_sys_battery_usb_not_charge

D/TabletStatusBar(  272): ACTION_BATTERY_CHANGED

D/TabletStatusBar(  272): NORMAL_BATTERY

E/DataRouter(  107): usb connection is true

E/DataRouter(  107): DSR is ON. Don't send DTR ON.

E/DataRouter(  107): usb connection is true

E/DataRouter(  107): DSR is ON. Don't send DTR ON.

D/dalvikvm( 2697): GC_CONCURRENT freed 1157K, 20% free 7247K/8967K, paused 1ms+3ms

E/DataRouter(  107): usb connection is true

E/DataRouter(  107): DSR is ON. Don't send DTR ON.

W/PowerManagerService(  189): Timer 0x1->0x0|0x0

D/PowerManagerService(  189): Screen__Off : Timeout

I/PowerManagerService(  189): Ulight 1->0|0

I/power   (  189): *** set_screen_state 0

D/SensorManager(  189): unregisterListener:: disable all sensors for this listener,  listener = com.android.server.PowerManagerService$15@41401728

I/Sensors (  189): setDelay :: handle = 7   delay = 200000000

D/SensorManager(  189): unregisterListener:: disable all sensors for this listener,  listener = com.android.server.PowerManagerService$16@41401858

D/Sensors (  189): Remain listener = Sending .. normal delay 200ms

I/Sensors (  189): sendDelay --- 200000000

I/Sensors (  189): setDelay :: handle = 4   delay = 200000000

