E/DataRouter(  107): usb connection is true

E/DataRouter(  107): DSR is ON. Don't send DTR ON.

E/AudioHardware(  113): AudioStreamOutALSA::standby spdifenable =0

D/AudioHardware(  113): AudioHardware pcm playback is going to standby.

V/AudioHardware(  113): closeMixer_l() mMixerOpenCnt: 1

V/AudioHardware(  113): closeMixer_l mMixerOpenCnt = 0 end

I/AudioHardware(  113): closePcmOut_l() mPcmOpenCnt: 1

V/AudioHardware(  113): closePcmOut_l end

E/DataRouter(  107): usb connection is true

E/DataRouter(  107): DSR is ON. Don't send DTR ON.

D/dalvikvm( 2697): GC_CONCURRENT freed 1165K, 20% free 7242K/8967K, paused 5ms+2ms

E/Watchdog(  189): !@Sync 45

E/DataRouter(  107): usb connection is true

E/DataRouter(  107): DSR is ON. Don't send DTR ON.

I/RilActionService(  845): BroadcastReceiverandroid.intent.action.BATTERY_CHANGED

D/KeyguardUpdateMonitor(  189): received broadcast android.intent.action.BATTERY_CHANGED

D/KeyguardUpdateMonitor(  189): handleBatteryUpdate

D/BatteryService(  189): update start

D/BatteryService(  189): level:89 scale:100 status:3 health:2 present:true voltage: 4037 temperature: 219 technology: Li-ion AC powered:false USB powered:true icon:17302819 invalid charger:0

D/WifiService(  189): ACTION_BATTERY_CHANGED pluggedType: 2

D/UiModeManager(  189): mLastBroadcastState = 0mCarModeEnabled = falseisDeskDockState(mDockState) = false

V/UiModeManager(  189): updateLocked: null action, mDockState=0, firing homeIntent: null

D/UiModeManager(  189): updateConfigurationLocked: mDockState=0; mCarMode=false; mNightMode=0; uiMode=17

D/STATUSBAR-BatteryController(  272): onReceive() - ACTION_BATTERY_CHANGED

D/STATUSBAR-BatteryController(  272): onReceive() - level:89

D/STATUSBAR-BatteryController(  272): onReceive() - plugged:2

D/STATUSBAR-BatteryController(  272): onReceive() - BATTERY_STATUS_DISCHARGING: tw_stat_sys_battery_usb_not_charge

D/TabletStatusBar(  272): ACTION_BATTERY_CHANGED

D/TabletStatusBar(  272): NORMAL_BATTERY

E/DataRouter(  107): usb connection is true

E/DataRouter(  107): DSR is ON. Don't send DTR ON.

E/DataRouter(  107): usb connection is true

E/DataRouter(  107): DSR is ON. Don't send DTR ON.

E/DataRouter(  107): usb connection is true

E/DataRouter(  107): DSR is ON. Don't send DTR ON.

V/AlarmManager(  189): waitForAlarm result :8

V/AlarmManager(  189): ClockReceiver onReceive() ACTION_TIME_TICK

D/KeyguardUpdateMonitor(  189): received broadcast android.intent.action.TIME_TICK

D/KeyguardUpdateMonitor(  189): handleTimeUpdate

D/STATUSBAR-Clock(  272): onReceive() - ACTION_TIME_TICK

D/STATUSBAR-Clock(  272): updateClock :16:06

D/STATUSBAR-Clock(  272): onReceive() - ACTION_TIME_TICK

D/STATUSBAR-Clock(  272): updateClock :16:06

E/DataRouter(  107): usb connection is true

E/DataRouter(  107): DSR is ON. Don't send DTR ON.

E/DataRouter(  107): usb connection is true

E/DataRouter(  107): DSR is ON. Don't send DTR ON.

D/Tethering(  189): getTetheredIfacePairs

E/DataRouter(  107): usb connection is true

E/DataRouter(  107): DSR is ON. Don't send DTR ON.

E/DataRouter(  107): usb connection is true

E/DataRouter(  107): DSR is ON. Don't send DTR ON.

D/dalvikvm( 2697): GC_CONCURRENT freed 1170K, 20% free 7247K/8967K, paused 2ms+2ms

E/DataRouter(  107): usb connection is true

E/DataRouter(  107): DSR is ON. Don't send DTR ON.

W/PowerManagerService(  189): Timer 0x3->0x1|0x0

I/PowerManagerService(  189): Ulight 3->1|0

I/PowerManagerService(  189): Light Animator Finished curIntValue=20

E/DataRouter(  107): usb connection is true

E/DataRouter(  107): DSR is ON. Don't send DTR ON.

E/DataRouter(  107): usb connection is true

E/DataRouter(  107): DSR is ON. Don't send DTR ON.

E/DataRouter(  107): usb connection is true

E/DataRouter(  107): DSR is ON. Don't send DTR ON.

W/PowerManagerService(  189): Timer 0x1->0x0|0x0

D/PowerManagerService(  189): Screen__Off : Timeout

I/PowerManagerService(  189): Ulight 1->0|0

D/PowerManagerService(  189): Light onSensorChanged : return, isScreenTurningOffLocked : true

E/DataRouter(  107): usb connection is true

E/DataRouter(  107): DSR is ON. Don't send DTR ON.

D/PowerManagerService(  189): Tilt onSensorChanged : return, isScreenTurningOffLocked : true

I/power   (  189): *** set_screen_state 0

I/PowerManagerService(  189): Light Animator Finished curIntValue=0

D/SensorManager(  189): unregisterListener:: disable all sensors for this listener,  listener = com.android.server.PowerManagerService$15@41401728

I/Sensors (  189): setDelay :: handle = 7   delay = 200000000

D/SensorManager(  189): unregisterListener:: disable all sensors for this listener,  listener = com.android.server.PowerManagerService$16@41401858

D/PowerManagerService(  189): enableLightSensorLocked enable=false mAutoBrightessEnabled=true

D/Sensors (  189): Remain listener = Sending .. normal delay 200ms

I/Sensors (  189): sendDelay --- 200000000

I/Sensors (  189): setDelay :: handle = 4   delay = 200000000

D/MPLSensor(  189): setDelay : handle=4, delay=200000000

D/SensorManager(  189): JNI - sendDelay

I/SensorManager(  189): Set normal delay = true

D/MPLSensor(  189): handle : 4 en: 0

D/MPLSensor(  189):  enabled_sensors: 0 dmp_started: 1

D/MPLSensor(  189):   set_power_states > MLDmpStop()

I/        (  189): mpu3050_suspend: suspending sensors to 0000

I/        (  189): mpu3050_suspend: Will resume next to 0070

D/MPLSensor(  189):   MLSetMPUSensors: 0

D/MPLSensor(  189):   set_power_states > MLDmpStart()

I/        (  189): mpu3050_resume: Resuming to 0000

D/SurfaceFlinger(  110): About to give-up screen, flinger = 0x1943b18

D/MPLSensor(  189):   set_power_states > MLDmpStop()

I/        (  189): mpu3050_suspend: suspending sensors to 0000

I/        (  189): mpu3050_suspend: Will resume next to 0000

D/MPLSensor(  189):   set_power_states > MLStoreCalibration()

I/Sensors (  189): setDelay :: handle = 4   delay = 200000000

D/MPLSensor(  189): setDelay : handle=4, delay=200000000

D/KeyguardViewMediator(  189): onScreenTurnedOff(3)

D/KeyguardViewMediator(  189): setting alarm to turn off keyguard, seq = 10

W/PowerManagerService(  189): CurLockF mPS:0 mUS=0

W/PowerManagerService(  189): mPokeLocks.size=0:

D/PowerManagerService(  189): sendNotificationLocked on=false

D/PowerManagerService(  189): mNotificationTask : off

D/AudioHardware(  113): AudioHardware::setParameters() screen_state=off

D/WifiService(  189): ACTION_SCREEN_OFF

W/AudioPolicyManager(  113): FM radio recording off

W/AudioPolicyManager(  113): FM radio recording off

W/AudioPolicyManager(  113): FM radio recording off

D/VolumePanel(  189): onVolumeChanged(streamType: 3, flags: 64)

V/RecentsPanelView(  272): show:false animate:false

I/Launcher.StuckInEdit(  414): exitWidgetResizeMode State NORMAL

D/comsamsungapp( 1104): [MSC_Accu]>>> WS:57 [0:0] act:androidintentactionSCREEN_OFF

D/DateTimeIntentReceiver( 8983): Phone collapsed is received, dialog state : false

D/newswidget( 1351): [MSC]>>> APNW:310 [0:0] onReceive : actionactionwidgetnewsHOME_PAUSE

D/comsamsungapp( 1104): [MSC_Accu]>>> WWP:437 [0:0] onReceive@ widgetappweatherclockactionSERVICE_SCREEN_OFF

D/comsamsungapp( 1104): [MSC_Accu]>>> WIM:53 [0:0] AccuWeatherClockWidgetID_Length

D/comsamsungapp( 1104): [MSC_Accu]>>> WIM:54 [0:0] getPrefIDs@lngth:1

D/comsamsungapp( 1104): [MSC_Accu]>>> WIM:60 [0:0] getPrefIDs@Ids1:2

D/comsamsungapp( 1104): [MSC_Accu]>>> WWP:2561 [0:0] !!! mHandler is null !!!

D/comsamsungapp( 1104): [MSC_Accu]>>> WWP:429 [0:0] !!! refreshhandler is null !!!

E/DataRouter(  107): usb connection is true

E/DataRouter(  107): DSR is ON. Don't send DTR ON.

E/DataRouter(  107): usb connection is true

E/DataRouter(  107): DSR is ON. Don't send DTR ON.

V/AlarmManager(  189): waitForAlarm result :4

V/AlarmManager(  189): trigger WAKEUP Alarm{4194b0c0 type 2 android}

D/KeyguardViewMediator(  189): received DELAYED_KEYGUARD_ACTION with seq = 10, mDelayedShowingSequence = 10

D/KeyguardViewMediator(  189): doKeyguard: showing the lock screen

D/KeyguardViewMediator(  189): KeyguardGetAudioService.dismissVolumePanel() run

D/KeyguardViewMediator(  189): showLocked

D/KeyguardViewMediator(  189): handleShow

D/KeyguardViewManager(  189): show(); mKeyguardView==null

D/KeyguardViewManager(  189): Rotation sensor for lock screen On!

D/KeyguardViewManager(  189): keyguard view is null, creating it...

D/LockPatternKeyguardView(  189): phone state: 0

V/LockPatternKeyguardView(  189): **** UPDATE SCREEN: mode=LockScreen last mode=LockScreen, force = false

V/LockScreen(  189): ***** CREATING LOCK SCREEN

V/LockScreen(  189): Cur orient=2 res orient=2

V/LockScreen(  189): Creation orientation = 2

V/TransportControlView(  189): Create TCV com.android.internal.widget.TransportControlView@416075d8

E/Watchdog(  189): !@Sync 46

D/dalvikvm(  189): GC_CONCURRENT freed 1206K, 70% free 13926K/45127K, paused 13ms+34ms

I/dalvikvm-heap(  189): Grow heap (frag case) to 18.340MB for 698912-byte allocation

V/KeyguardStatusView(  189): KeyguardStatusViewManager()

V/KeyguardStatusView(  189): updateStatusLines(false)

D/KeyguardStatusView(  189): updateCarrierTextWithSimStatus(), simState = null

V/KeyguardStatusView(  189): updateStatusLines(false)

V/KeyguardStatusView(  189): updateStatusLines(false)

D/KeyguardStatusView(  189): updateCarrierTextWithSimStatus(), simState = ABSENT

V/KeyguardStatusView(  189): updateStatusLines(false)

V/KeyguardStatusView(  189): updateStatusLines(false)

V/KeyguardStatusView(  189): updateStatusLines(true)

V/LockScreen(  189): *** LockScreen accel is off

D/LockPatternKeyguardView(  189): isLockScreenWallpaperOn  = true

D/WallpaperWidget(  189): mIsLiveWallpaper = false

E/DataRouter(  107): usb connection is true

E/DataRouter(  107): DSR is ON. Don't send DTR ON.

D/dalvikvm(  189): GC_CONCURRENT freed 61K, 62% free 17501K/45127K, paused 15ms+38ms

I/dalvikvm-heap(  189): Grow heap (frag case) to 27.940MB for 6553616-byte allocation

D/BatteryService(  189): update start

D/BatteryService(  189): level:89 scale:100 status:3 health:2 present:true voltage: 4112 temperature: 219 technology: Li-ion AC powered:false USB powered:true icon:17302819 invalid charger:0

D/KeyguardUpdateMonitor(  189): received broadcast android.intent.action.BATTERY_CHANGED

D/STATUSBAR-BatteryController(  272): onReceive() - ACTION_BATTERY_CHANGED

D/STATUSBAR-BatteryController(  272): onReceive() - level:89

D/STATUSBAR-BatteryController(  272): onReceive() - plugged:2

D/STATUSBAR-BatteryController(  272): onReceive() - BATTERY_STATUS_DISCHARGING: tw_stat_sys_battery_usb_not_charge

D/WifiService(  189): ACTION_BATTERY_CHANGED pluggedType: 2

D/UiModeManager(  189): mLastBroadcastState = 0mCarModeEnabled = falseisDeskDockState(mDockState) = false

V/UiModeManager(  189): updateLocked: null action, mDockState=0, firing homeIntent: null

D/UiModeManager(  189): updateConfigurationLocked: mDockState=0; mCarMode=false; mNightMode=0; uiMode=17

I/RilActionService(  845): BroadcastReceiverandroid.intent.action.BATTERY_CHANGED

D/dalvikvm(  189): GC_CONCURRENT freed 20K, 48% free 23898K/45127K, paused 20ms+35ms

D/TabletStatusBar(  272): ACTION_BATTERY_CHANGED

D/TabletStatusBar(  272): NORMAL_BATTERY

V/LockPatternKeyguardView(  189): Gone=null

V/LockPatternKeyguardView(  189): Visible=com.android.internal.policy.impl.LockScreen@4163a6d0

D/LockPatternKeyguardView(  189): max failed attempt for device disable :0

E/LockPatternKeyguardView(  189): mIsVoiceUnlockOn=false

V/LockScreen(  189): ***** LOCK ATTACHED TO WINDOW

V/LockScreen(  189): Cur orient=2, new config={1.0 0mcc0mnc es_US layoutdir=0 sw800dp w1280dp h752dp xlrg land finger -keyb/v/h -nav/h s.4 FlipFont=0}

W/LockPatternKeyguardView(  189): no unlock screen when trying to enable fallback

V/KeyguardStatusView(  189): onResume()

E/KeyguardUpdateMonitor(  189): Object tried to add another INFO callback

E/KeyguardUpdateMonitor(  189): Object tried to add another SIM callback

V/KeyguardStatusView(  189): updateStatusLines(true)

D/KeyguardViewMediator(  189): adjustUserActivityLocked mShowing: true mHidden: false

D/PowerManagerService(  189): enableUserActivity false

D/KeyguardViewMediator(  189): adjustStatusBarLocked: mShowing=true mHidden=false isSecure=true --> flags=0x1290000

E/KeyguardViewMediator(  189): 2. Lockscreen lock

I/TabletStatusBar(  272): DISABLE_EXPAND: yes

E/KeyguardViewMediator(  189): [adjustLocked] Phone is boot completed. so can broadcast

W/Vibrator(  189): Vibrator.cancel()

D/DateTimeIntentReceiver( 8983): Phone collapsed is received, dialog state : false

E/TabletStatusBar(  272): closing mini mode apps panel

D/DateTimeIntentReceiver( 8983): Phone collapsed is received, dialog state : false

V/WindowManager(  189): rotationForOrientationLw(orient=4, last=0); user=0 USER_ROTATION_LOCKED mLidOpen=-1 mDockMode=0 mHdmiPlugged=false mAccelerometerDefault=0 sensorRotation=-1

D/KeyguardUpdateMonitor(  189): handleClockVisibilityChanged()

D/KeyguardViewMediator(  189): adjustStatusBarLocked: mShowing=true mHidden=false isSecure=true --> flags=0x1290000

D/KeyguardUpdateMonitor(  189): handleBatteryUpdate

V/LockPatternKeyguardView(  189): View com.android.internal.widget.TransportControlView@416075d8 requested hide transports

D/LockPatternKeyguardView(  189): focused

I/TabletStatusBar(  272): DISABLE_CLOCK: yes

E/TabletStatusBar(  272): closing mini mode apps panel

D/KeyguardUpdateMonitor(  189): handleClockVisibilityChanged()

D/KeyguardViewMediator(  189): adjustStatusBarLocked: mShowing=true mHidden=false isSecure=true --> flags=0x1290000

E/DataRouter(  107): usb connection is true

E/DataRouter(  107): DSR is ON. Don't send DTR ON.

E/DataRouter(  107): usb connection is true

E/DataRouter(  107): DSR is ON. Don't send DTR ON.

D/dalvikvm( 2697): GC_CONCURRENT freed 1187K, 20% free 7243K/8967K, paused 6ms+9ms

E/DataRouter(  107): usb connection is true

E/DataRouter(  107): DSR is ON. Don't send DTR ON.

D/Tethering(  189): getTetheredIfacePairs

E/DataRouter(  107): usb connection is true

E/DataRouter(  107): DSR is ON. Don't send DTR ON.

W/PowerManagerService(  189): Timer 0x0->0x0|0x0

E/DataRouter(  107): usb connection is true

E/DataRouter(  107): DSR is ON. Don't send DTR ON.

E/DataRouter(  107): usb connection is true

E/DataRouter(  107): DSR is ON. Don't send DTR ON.

E/DataRouter(  107): usb connection is true

E/DataRouter(  107): DSR is ON. Don't send DTR ON.

V/AlarmManager(  189): waitForAlarm result :8

E/DataRouter(  107): usb connection is true

E/DataRouter(  107): DSR is ON. Don't send DTR ON.

E/DataRouter(  107): usb connection is true

E/DataRouter(  107): DSR is ON. Don't send DTR ON.

E/DataRouter(  107): usb connection is true

E/DataRouter(  107): DSR is ON. Don't send DTR ON.

E/DataRouter(  107): usb connection is true

E/DataRouter(  107): DSR is ON. Don't send DTR ON.

D/dalvikvm( 2697): GC_CONCURRENT freed 1157K, 20% free 7247K/8967K, paused 6ms+7ms

D/SocialHub( 1220): [ContactCache] onChange() >> Contact Provider is changed!! self - false

E/DataRouter(  107): usb connection is true

E/DataRouter(  107): DSR is ON. Don't send DTR ON.

V/AlarmManager(  189): waitForAlarm result :4

V/AlarmManager(  189): trigger WAKEUP Alarm{423749d8 type 2 com.google.android.gsf}

V/AlarmManager(  189): waitForAlarm result :4

V/AlarmManager(  189): trigger WAKEUP Alarm{41998ce0 type 2 com.google.android.gms}

E/DataRouter(  107): usb connection is true

E/DataRouter(  107): DSR is ON. Don't send DTR ON.

E/DataRouter(  107): usb connection is true

E/DataRouter(  107): DSR is ON. Don't send DTR ON.

D/InputReader(  189): Input event: value=1

D/KeyguardViewMediator(  189): onWakeKeyWhenKeyguardShowing(26)

D/KeyguardViewMediator(  189): wakeWhenReadyLocked(26)

D/KeyguardViewMediator(  189): handleWakeWhenReady(26)

D/KeyguardViewMediator(  189): RuntimeException is just debugging log

D/KeyguardViewMediator(  189): handleWakeWhenReady

D/KeyguardViewMediator(  189): java.lang.RuntimeException

D/KeyguardViewMediator(  189): 	at com.android.internal.policy.impl.KeyguardViewMediator.handleWakeWhenReady(KeyguardViewMediator.java:1390)

D/KeyguardViewMediator(  189): 	at com.android.internal.policy.impl.KeyguardViewMediator.access$1400(KeyguardViewMediator.java:107)

D/KeyguardViewMediator(  189): 	at com.android.internal.policy.impl.KeyguardViewMediator$2.handleMessage(KeyguardViewMediator.java:1116)

D/KeyguardViewMediator(  189): 	at android.os.Handler.dispatchMessage(Handler.java:99)

D/KeyguardViewMediator(  189): 	at android.os.Looper.loop(Looper.java:137)

D/KeyguardViewMediator(  189): 	at com.android.server.wm.WindowManagerService$PolicyThread.run(WindowManagerService.java:792)

D/KeyguardViewManager(  189): wakeWhenReady(26)

D/LockPatternKeyguardView(  189): onWakeKey

D/LockPatternKeyguardView(  189): poking wake lock immediately

D/KeyguardViewMediator(  189): pokeWakelock(10000)

I/power   (  189): *** set_screen_state 1

D/SensorManager(  189): registerListener :: handle = 7  name= BH1721FVC Light Sensor delay= 200000 Listener= com.android.server.PowerManagerService$15@41401728

D/PowerManagerService(  189): reactivateScreenLocksLocked mProxIgnoredBecauseScreenTurnedOff=false

D/PowerManagerService(  189): Screen__On : acquireWakeLock flags=0x1000001a tag=keyguard uid=1000 pid=189   myUID=1000 myPID=189 myTID=221

D/PowerManagerService(  189): enableLightSensorLocked enable=true mAutoBrightessEnabled=true

I/Sensors (  189): setDelay :: handle = 7   delay = 200000000

I/Sensors (  189): setDelay :: handle = 7   delay = 200000000

D/SensorManager(  189): registerListener :: handle = 4  name= KXTF9 Accelerometer Sensor delay= 200000 Listener= com.android.server.PowerManagerService$16@41401858

D/MPLSensor(  189): handle : 4 en: 1

D/MPLSensor(  189):  enabled_sensors: 16 dmp_started: 0

D/MPLSensor(  189):   MLSetMPUSensors: 70

I/MPL-ml  (  189): Actual ODR: 25 Hz

D/MPLSensor(  189):   set_power_states > MLDmpStart()

I/        (  189): mpu3050_resume: Resuming to 0070

I/        (  189): mpu3050_suspend: suspending sensors to 0000

I/        (  189): mpu3050_suspend: Will resume next to 0070

I/MPL-ml  (  189): Actual ODR: 25 Hz

I/        (  189): mpu3050_resume: Resuming to 0070

I/Sensors (  189): setDelay :: handle = 4   delay = 200000000

D/MPLSensor(  189): setDelay : handle=4, delay=200000000

I/Sensors (  189): setDelay :: handle = 4   delay = 200000000

D/MPLSensor(  189): setDelay : handle=4, delay=200000000

D/KeyguardViewMediator(  189): onScreenTurnedOn, seq = 11

D/KeyguardViewMediator(  189): notifyScreenOnLocked

D/KeyguardViewMediator(  189): handleNotifyScreenOn

D/KeyguardViewManager(  189): onScreenTurnedOn()

D/LockPatternKeyguardView(  189): screen on

V/KeyguardStatusView(  189): onResume()

E/KeyguardUpdateMonitor(  189): Object tried to add another INFO callback

E/KeyguardUpdateMonitor(  189): Object tried to add another SIM callback

V/KeyguardStatusView(  189): updateStatusLines(true)

I/power   (  189): *** acquire_dvfs_lock : lockType : 1  freq : 1000000

V/LockPatternKeyguardView(  189): Restoring widget state

D/PowerManagerService(  189): sendNotificationLocked on=true

I/PowerManagerService(  189): Ulight 0->4|0

D/PowerManagerService(  189): setLightBrightness : mButtonLight : 96

D/PowerManagerService(  189): mNotificationTask : on

D/PowerManagerService(  189): acquireDVFSLockLocked : type : DVFS_MIN_LIMIT  frequency : 1000000  uid : 1000  pid : 189  tag : ActivityManager

W/ActivityManager(  189): mDVFSLock.acquire()

I/WindowManager(  189): Lock screen displayed!

I/PowerManagerService(  189): Ulight 7->7|1

D/WifiService(  189): ACTION_SCREEN_ON

D/AudioHardware(  113): AudioHardware::setParameters() screen_state=on

D/STATUSBAR-NetworkController(  272): onReceive() - RSSI_CHANGED_ACTION, WIFI_STATE, NETWORK_STATE

D/InputReader(  189): Input event: value=0

W/AudioPolicyManager(  113): FM radio recording off

W/AudioPolicyManager(  113): FM radio recording off

W/AudioPolicyManager(  113): FM radio recording off

D/VolumePanel(  189): onVolumeChanged(streamType: 3, flags: 64)

D/STATUSBAR-Clock(  272): onReceive() - ACTION_SCREEN_ON

D/STATUSBAR-Clock(  272): updateClock :16:06

D/STATUSBAR-Clock(  272): onReceive() - ACTION_SCREEN_ON

D/STATUSBAR-Clock(  272): updateClock :16:06

D/comsamsungapp( 1104): [MSC_Accu]>>> WS:57 [0:0] act:androidintentactionSCREEN_ON

D/PowerManagerService(  189): lightSensorChangedLocked 100

D/PowerManagerService(  189): lcdValue 96

D/PowerManagerService(  189): buttonValue 0

D/PowerManagerService(  189): keyboardValue 0

D/PowerManagerService(  189): lightSensorChangedLocked : mKeyboardLight : 0

D/newswidget( 1351): [MSC]>>> APNW:310 [0:0] onReceive : actionactionwidgetnewsHOME_RESUME

D/newswidget( 1351): [MSC]>>> U:406 [0:0] cARS --> 0

D/comsamsungapp( 1104): [MSC_Accu]>>> WWP:437 [0:0] onReceive@ widgetappweatherclockactionSERVICE_SCREEN_ON

D/comsamsungapp( 1104): [MSC_Accu]>>> WIM:53 [0:0] AccuWeatherClockWidgetID_Length

D/comsamsungapp( 1104): [MSC_Accu]>>> WIM:54 [0:0] getPrefIDs@lngth:1

D/comsamsungapp( 1104): [MSC_Accu]>>> WIM:60 [0:0] getPrefIDs@Ids1:2

D/comsamsungapp( 1104): [MSC_Accu]>>> WWP:429 [0:0] !!! refreshhandler is null !!!

D/comsamsungapp( 1104): [MSC_Accu]>>> WWP:2446 [0:0] cityId:1245731

D/comsamsungapp( 1104): [MSC_Accu]>>> WWP:1889 [0:0] WthrDt:2 2130903101 false

D/comsamsungapp( 1104): [MSC_Accu]>>> WWP:1900 [0:0] mWthrCnt:1

D/comsamsungapp( 1104): [MSC_Accu]>>> WWP:1936 [0:0] onReceive cityId:1245731

D/SurfaceFlinger(  110): Screen about to return, flinger = 0x1943b18

D/comsamsungapp( 1104): [MSC_Accu]>>> WWP:2778 [0:0] mainLayoutId:4003, icon : 2, bgID : 2130837695

I/PowerManagerService(  189): Light Animator Finished curIntValue=96

D/comsamsungapp( 1104): [MSC_Accu]>>> WWP:2179 [0:0] ApWdgId:2

D/dalvikvm( 1104): GC_CONCURRENT freed 1191K, 19% free 7543K/9223K, paused 13ms+4ms

E/Watchdog(  189): !@Sync 47

E/DataRouter(  107): usb connection is true

E/DataRouter(  107): DSR is ON. Don't send DTR ON.

I/power   (  189): *** release_dvfs_lock : lockType : 1

D/KeyguardUpdateMonitor(  189): received broadcast android.intent.action.BATTERY_CHANGED

D/KeyguardUpdateMonitor(  189): handleBatteryUpdate

I/InputReader(  189): Touch event's action is 0x0 (deviceType=0) [pCnt=1, pending(waiting finished signal)=0, s=0.296 ]

I/InputDispatcher(  189): Delivering touch to current input target: action: 0x0

I/InputDispatcher(  189): Delivering touch to current input target: action: 0x0

D/CircleLockScreen(  189): handleTouchEvent() in CircleUnlockView event = 0

D/KeyguardViewMediator(  189): pokeWakelock(10000)

D/CircleLockScreen(  189): Image = 0

D/PowerManagerService(  189): releaseDVFSLockLocked : all DVFS_MIN_LIMIT are released

W/ActivityManager(  189): mDVFSLock.release()

D/BatteryService(  189): update start

D/BatteryService(  189): level:89 scale:100 status:3 health:2 present:true voltage: 4036 temperature: 220 technology: Li-ion AC powered:false USB powered:true icon:17302819 invalid charger:0

D/WifiService(  189): ACTION_BATTERY_CHANGED pluggedType: 2

D/UiModeManager(  189): mLastBroadcastState = 0mCarModeEnabled = falseisDeskDockState(mDockState) = false

V/UiModeManager(  189): updateLocked: null action, mDockState=0, firing homeIntent: null

D/UiModeManager(  189): updateConfigurationLocked: mDockState=0; mCarMode=false; mNightMode=0; uiMode=17

D/PowerManagerService(  189): acquireWakeLock flags=0x1000001a tag=keyguard uid=1000 pid=189   myUID=1000 myPID=189 myTID=221

I/RilActionService(  845): BroadcastReceiverandroid.intent.action.BATTERY_CHANGED

D/STATUSBAR-BatteryController(  272): onReceive() - ACTION_BATTERY_CHANGED

D/STATUSBAR-BatteryController(  272): onReceive() - level:89

D/STATUSBAR-BatteryController(  272): onReceive() - plugged:2

D/STATUSBAR-BatteryController(  272): onReceive() - BATTERY_STATUS_DISCHARGING: tw_stat_sys_battery_usb_not_charge

D/TabletStatusBar(  272): ACTION_BATTERY_CHANGED

D/TabletStatusBar(  272): NORMAL_BATTERY

D/CircleLockScreen(  189): circleUnlockAnimation value : 0.0

D/CircleLockScreen(  189): handleTouchEvent() in CircleUnlockView event = 2

D/KeyguardViewMediator(  189): pokeWakelock(10000)

D/CircleLockScreen(  189): onTouchEvent() : threshold=209.0, distance=0.0, distanceRatio =0.0

D/CircleLockScreen(  189): circleUnlockAnimation value : 0.0

D/CircleLockScreen(  189): Image = 0

D/PowerManagerService(  189): acquireWakeLock flags=0x1000001a tag=keyguard uid=1000 pid=189   myUID=1000 myPID=189 myTID=221

D/CircleLockScreen(  189): handleTouchEvent() in CircleUnlockView event = 2

D/KeyguardViewMediator(  189): pokeWakelock(10000)

D/CircleLockScreen(  189): onTouchEvent() : threshold=209.0, distance=68.00735254367721, distanceRatio =0.3253940313094604

D/CircleLockScreen(  189): circleUnlockAnimation value : 0.3253940313094604

D/CircleLockScreen(  189): Image = 5

D/PowerManagerService(  189): acquireWakeLock flags=0x1000001a tag=keyguard uid=1000 pid=189   myUID=1000 myPID=189 myTID=221

D/CircleLockScreen(  189): handleTouchEvent() in CircleUnlockView event = 2

D/KeyguardViewMediator(  189): pokeWakelock(10000)

D/CircleLockScreen(  189): onTouchEvent() : threshold=209.0, distance=260.731662825979, distanceRatio =1.2475199178276508

D/CircleLockScreen(  189): circleUnlockAnimation value : 1.2475199178276508

D/CircleLockScreen(  189): Image = 19

D/PowerManagerService(  189): acquireWakeLock flags=0x1000001a tag=keyguard uid=1000 pid=189   myUID=1000 myPID=189 myTID=221

D/CircleLockScreen(  189): handleTouchEvent() in CircleUnlockView event = 2

D/KeyguardViewMediator(  189): pokeWakelock(10000)

D/CircleLockScreen(  189): onTouchEvent() : threshold=209.0, distance=353.63823322712153, distanceRatio =1.692048962809194

D/PowerManagerService(  189): acquireWakeLock flags=0x1000001a tag=keyguard uid=1000 pid=189   myUID=1000 myPID=189 myTID=221

D/CircleLockScreen(  189): circleUnlockAnimation value : 1.692048962809194

D/CircleLockScreen(  189): Image = 19

D/KeyguardViewMediator(  189): keyguardDone(true)

D/KeyguardViewMediator(  189): handleKeyguardDone

D/KeyguardViewMediator(  189): handleHide

D/AudioService(  189): getStreamVolume(2)

I/AudioPolicyManager(  113): startOutput() output 1, stream 1, session 127

I/AudioFlinger(  113): start output streamType (0, 1) for 1

D/AudioHardware(  113): AudioStreamOutALSA::setParameters() start_output_streamtype=1

D/KeyguardViewManager(  189): hide()

D/KeyguardViewMediator(  189): adjustUserActivityLocked mShowing: false mHidden: false

D/KeyguardViewMediator(  189): adjustStatusBarLocked: mShowing=false mHidden=false isSecure=true --> flags=0x0

E/KeyguardViewMediator(  189): 3. Lockscreen unlock

E/KeyguardViewMediator(  189): [adjustLocked] Phone is boot completed. so can broadcast

E/KeyguardViewMediator(  189): Phone is boot completed. so can broadcast

D/PowerManagerService(  189): enableUserActivity true

D/PowerManagerService(  189): releaseWakeLockLocked flags=0x0 tag=keyguard myUID=1000 myPID=189 myTID=221

I/PowerManagerService(  189): Ulight 7->3|0

D/PowerManagerService(  189): setLightBrightness : mButtonLight : 0

E/MTPRx   ( 9069): In MtpReceiverandroid.intent.action.USER_PRESENT

D/AudioHardware(  113): AudioHardware pcm playback is exiting standby.

E/MTPRx   ( 9069): value of boot_completed is1

E/MTPRx   ( 9069): booting is completed

V/AudioHardware(  113): open pcm_out driver

I/AudioHardware(  113): openPcmOut_l() mPcmOpenCnt: 0

D/WifiService(  189): Receive Unlock screen

E/MTPRx   ( 9069): Sd-Card path/mnt/sdcard/extStorages/SdCard

E/MTPRx   ( 9069): Status for mount/Unmount :removed

E/MTPRx   ( 9069): SDcard is not available

E/MTPRx   ( 9069): The value of first_boot is  1

E/MTPRx   ( 9069): [ 662] The value of first_boot is  1NORMAL SEQUENCE

D/OpenGLRenderer(  189): Flushing caches (mode 0)

D/Tethering(  189): getTetheredIfaces

I/InputReader(  189): Touch event's action is 0x1 (deviceType=0) [pCnt=1, pending(waiting finished signal)=0, s=]

I/InputDispatcher(  189): Delivering touch to current input target: action: 0x1

I/InputDispatcher(  189): Delivering touch to current input target: action: 0x1

D/CircleLockScreen(  189): handleTouchEvent() in CircleUnlockView event = 1

D/CircleLockScreen(  189): onTouchEvent(ACTION_UP) : distanceRatio =0.0

V/WindowManager(  189): rotationForOrientationLw(orient=-1, last=0); user=0 USER_ROTATION_LOCKED mLidOpen=-1 mDockMode=0 mHdmiPlugged=false mAccelerometerDefault=0 sensorRotation=-1

W/InputManagerService(  189): Window already focused, ignoring focus gain of: com.android.internal.view.IInputMethodClient$Stub$Proxy@424fc3a8

D/LockPatternKeyguardView(  189): unfocused

E/TabletStatusBar(  272): closing mini mode apps panel

I/TabletStatusBar(  272): DISABLE_CLOCK: no

V/AudioHardware(  113): openPcmOut_l end

V/AudioHardware(  113): openMixer_l() mMixerOpenCnt: 0

V/AudioHardware(  113): openMixer_l end

V/AudioHardware(  113): open playback normal

V/AudioHardware(  113): write() wakeup setting route SPK

E/TabletStatusBar(  272): closing mini mode apps panel

I/AudioHardware(  113): mSetVolumeIndex=0, mIsMusicPlaying=0, musicvolumeindex=-2

I/AudioPolicyManager(  113): stopOutput() output 1, stream 1, session 127

I/AudioFlinger(  113): stop output streamType (0, 1) for 1

D/AudioHardware(  113): AudioStreamOutALSA::setParameters() stop_output_streamtype=1

V/KeyguardStatusView(  189): onPause()

D/WallpaperWidget(  189): cleanUp()

D/STATUSBAR-NetworkController(  272): onReceive() - RSSI_CHANGED_ACTION, WIFI_STATE, NETWORK_STATE

E/DataRouter(  107): usb connection is true

E/DataRouter(  107): DSR is ON. Don't send DTR ON.

W/PowerManagerService(  189): Timer 0x3->0x3|0x0

D/Tethering(  189): getTetheredIfacePairs

I/InputReader(  189): Touch event's action is 0x0 (deviceType=0) [pCnt=1, pending(waiting finished signal)=0, s=0.297 ]

I/InputDispatcher(  189): Delivering touch to current input target: action: 0x0

I/InputDispatcher(  189): Delivering touch to current input target: action: 0x0

I/PowerManagerService(  189): Ulight 3->7|0

D/PowerManagerService(  189): setLightBrightness : mButtonLight : 96

V/webview ( 9175): NO_FAST_DRAW = false

I/InputReader(  189): Touch event's action is 0x1 (deviceType=0) [pCnt=1, pending(waiting finished signal)=0, s=]

I/InputDispatcher(  189): Delivering touch to current input target: action: 0x1

I/InputDispatcher(  189): Delivering touch to current input target: action: 0x1

V/webview ( 9175):  singleCursorHandlerTouchEvent -getEditableSupport  FASLE

I/AudioService(  189): playSoundEffect() type:0 volume:-1

I/AudioPolicyManagerBase(  113): getSituationVolume: isBTConnected:0 isHeadConnected:0

I/AudioPolicyManager(  113): getParamFromPolicy  deviceInt = 0, situationInt = 1, situationVolume = 0.300000

I/AudioPolicyManager(  113): startOutput() output 1, stream 1, session 128

I/AudioFlinger(  113): start output streamType (0, 1) for 1

D/AudioHardware(  113): AudioStreamOutALSA::setParameters() start_output_streamtype=1

I/ClipboardServiceEx(  189): Send intent for dismiss clipboard dialog inside hideCurrentInputLocked() !

E/DataRouter(  107): usb connection is true

E/DataRouter(  107): DSR is ON. Don't send DTR ON.

I/AudioPolicyManager(  113): stopOutput() output 1, stream 1, session 128

I/AudioFlinger(  113): stop output streamType (0, 1) for 1

D/AudioHardware(  113): AudioStreamOutALSA::setParameters() stop_output_streamtype=1

W/PowerManagerService(  189): Timer 0x7->0x3|0x0

I/PowerManagerService(  189): Ulight 7->3|0

D/PowerManagerService(  189): setLightBrightness : mButtonLight : 0

I/InputReader(  189): Touch event's action is 0x0 (deviceType=0) [pCnt=1, pending(waiting finished signal)=0, s=0.298 ]

I/InputDispatcher(  189): Delivering touch to current input target: action: 0x0

I/InputDispatcher(  189): Delivering touch to current input target: action: 0x0

V/webview ( 9175): NO_FAST_DRAW = false

I/PowerManagerService(  189): Ulight 3->7|0

D/PowerManagerService(  189): setLightBrightness : mButtonLight : 96

E/DataRouter(  107): usb connection is true

E/DataRouter(  107): DSR is ON. Don't send DTR ON.

I/InputReader(  189): Touch event's action is 0x1 (deviceType=0) [pCnt=1, pending(waiting finished signal)=0, s=]

I/InputDispatcher(  189): Delivering touch to current input target: action: 0x1

I/InputDispatcher(  189): Delivering touch to current input target: action: 0x1

V/webview ( 9175):  singleCursorHandlerTouchEvent -getEditableSupport  FASLE

I/AudioService(  189): playSoundEffect() type:0 volume:-1

I/AudioPolicyManagerBase(  113): getSituationVolume: isBTConnected:0 isHeadConnected:0

I/AudioPolicyManager(  113): getParamFromPolicy  deviceInt = 0, situationInt = 1, situationVolume = 0.300000

I/AudioPolicyManager(  113): startOutput() output 1, stream 1, session 129

I/AudioFlinger(  113): start output streamType (0, 1) for 1

D/AudioHardware(  113): AudioStreamOutALSA::setParameters() start_output_streamtype=1

I/ClipboardServiceEx(  189): Send intent for dismiss clipboard dialog inside hideCurrentInputLocked() !

D/MPLSensor(  189): cb_onMotion:2

I/AudioPolicyManager(  113): stopOutput() output 1, stream 1, session 129

I/AudioFlinger(  113): stop output streamType (0, 1) for 1

D/AudioHardware(  113): AudioStreamOutALSA::setParameters() stop_output_streamtype=1

V/AlarmManager(  189): waitForAlarm result :8

D/KeyguardUpdateMonitor(  189): received broadcast android.intent.action.TIME_TICK

D/KeyguardUpdateMonitor(  189): handleTimeUpdate

V/AlarmManager(  189): ClockReceiver onReceive() ACTION_TIME_TICK

D/STATUSBAR-Clock(  272): onReceive() - ACTION_TIME_TICK

D/STATUSBAR-Clock(  272): updateClock :16:07

D/STATUSBAR-Clock(  272): onReceive() - ACTION_TIME_TICK

D/STATUSBAR-Clock(  272): updateClock :16:07

W/PowerManagerService(  189): Timer 0x7->0x3|0x0

I/PowerManagerService(  189): Ulight 7->3|0

D/PowerManagerService(  189): setLightBrightness : mButtonLight : 0

E/DataRouter(  107): usb connection is true

E/DataRouter(  107): DSR is ON. Don't send DTR ON.

I/InputReader(  189): Touch event's action is 0x0 (deviceType=0) [pCnt=1, pending(waiting finished signal)=0, s=0.299 ]

I/InputDispatcher(  189): Delivering touch to current input target: action: 0x0

I/InputDispatcher(  189): Delivering touch to current input target: action: 0x0

V/webview ( 9175): NO_FAST_DRAW = false

I/PowerManagerService(  189): Ulight 3->7|0

D/PowerManagerService(  189): setLightBrightness : mButtonLight : 96

I/InputReader(  189): Touch event's action is 0x1 (deviceType=0) [pCnt=1, pending(waiting finished signal)=0, s=]

I/InputDispatcher(  189): Delivering touch to current input target: action: 0x1

I/InputDispatcher(  189): Delivering touch to current input target: action: 0x1

V/webview ( 9175):  singleCursorHandlerTouchEvent -getEditableSupport  FASLE

I/ClipboardServiceEx(  189): Send intent for dismiss clipboard dialog inside hideCurrentInputLocked() !

E/AudioHardware(  113): AudioStreamOutALSA::standby spdifenable =0

D/AudioHardware(  113): AudioHardware pcm playback is going to standby.

V/AudioHardware(  113): closeMixer_l() mMixerOpenCnt: 1

V/AudioHardware(  113): closeMixer_l mMixerOpenCnt = 0 end

I/AudioHardware(  113): closePcmOut_l() mPcmOpenCnt: 1

V/AudioHardware(  113): closePcmOut_l end

D/dalvikvm( 2697): GC_CONCURRENT freed 1173K, 20% free 7256K/8967K, paused 3ms+2ms

E/DataRouter(  107): usb connection is true

E/DataRouter(  107): DSR is ON. Don't send DTR ON.

W/PowerManagerService(  189): Timer 0x7->0x3|0x0

I/PowerManagerService(  189): Ulight 7->3|0

D/PowerManagerService(  189): setLightBrightness : mButtonLight : 0

D/KeyguardViewMediator(  189): handleTimeout

I/InputReader(  189): Touch event's action is 0x0 (deviceType=0) [pCnt=1, pending(waiting finished signal)=0, s=0.300 ]

I/InputDispatcher(  189): Delivering touch to current input target: action: 0x0

I/InputDispatcher(  189): Delivering touch to current input target: action: 0x0

V/webview ( 9175): NO_FAST_DRAW = false

I/PowerManagerService(  189): Ulight 3->7|0

D/PowerManagerService(  189): setLightBrightness : mButtonLight : 96

I/InputReader(  189): Touch event's action is 0x1 (deviceType=0) [pCnt=1, pending(waiting finished signal)=0, s=]

I/InputDispatcher(  189): Delivering touch to current input target: action: 0x1

I/InputDispatcher(  189): Delivering touch to current input target: action: 0x1

V/webview ( 9175):  singleCursorHandlerTouchEvent -getEditableSupport  FASLE

I/ClipboardServiceEx(  189): Send intent for dismiss clipboard dialog inside hideCurrentInputLocked() !

I/InputReader(  189): Touch event's action is 0x0 (deviceType=0) [pCnt=1, pending(waiting finished signal)=0, s=0.301 ]

I/InputDispatcher(  189): Delivering touch to current input target: action: 0x0

I/InputDispatcher(  189): Delivering touch to current input target: action: 0x0

V/webview ( 9175): NO_FAST_DRAW = false

I/InputReader(  189): Touch event's action is 0x1 (deviceType=0) [pCnt=1, pending(waiting finished signal)=0, s=]

I/InputDispatcher(  189): Delivering touch to current input target: action: 0x1

I/InputDispatcher(  189): Delivering touch to current input target: action: 0x1

V/webview ( 9175):  singleCursorHandlerTouchEvent -getEditableSupport  FASLE

I/ClipboardServiceEx(  189): Send intent for dismiss clipboard dialog inside hideCurrentInputLocked() !

I/InputReader(  189): Touch event's action is 0x0 (deviceType=0) [pCnt=1, pending(waiting finished signal)=0, s=0.302 ]

I/InputDispatcher(  189): Delivering touch to current input target: action: 0x0

I/InputDispatcher(  189): Delivering touch to current input target: action: 0x0

V/webview ( 9175): NO_FAST_DRAW = false

I/InputReader(  189): Touch event's action is 0x1 (deviceType=0) [pCnt=1, pending(waiting finished signal)=0, s=]

I/InputDispatcher(  189): Delivering touch to current input target: action: 0x1

I/InputDispatcher(  189): Delivering touch to current input target: action: 0x1

V/webview ( 9175):  singleCursorHandlerTouchEvent -getEditableSupport  FASLE

I/ClipboardServiceEx(  189): Send intent for dismiss clipboard dialog inside hideCurrentInputLocked() !

I/InputReader(  189): Touch event's action is 0x0 (deviceType=0) [pCnt=1, pending(waiting finished signal)=0, s=0.303 ]

I/InputDispatcher(  189): Delivering touch to current input target: action: 0x0

I/InputDispatcher(  189): Delivering touch to current input target: action: 0x0

V/webview ( 9175): NO_FAST_DRAW = false

I/InputReader(  189): Touch event's action is 0x1 (deviceType=0) [pCnt=1, pending(waiting finished signal)=0, s=]

I/InputDispatcher(  189): Delivering touch to current input target: action: 0x1

I/InputDispatcher(  189): Delivering touch to current input target: action: 0x1

V/webview ( 9175):  singleCursorHandlerTouchEvent -getEditableSupport  FASLE

I/ClipboardServiceEx(  189): Send intent for dismiss clipboard dialog inside hideCurrentInputLocked() !

I/InputReader(  189): Touch event's action is 0x0 (deviceType=0) [pCnt=1, pending(waiting finished signal)=0, s=0.304 ]

I/InputDispatcher(  189): Delivering touch to current input target: action: 0x0

I/InputDispatcher(  189): Delivering touch to current input target: action: 0x0

V/webview ( 9175): NO_FAST_DRAW = false

I/InputReader(  189): Touch event's action is 0x1 (deviceType=0) [pCnt=1, pending(waiting finished signal)=0, s=]

I/InputDispatcher(  189): Delivering touch to current input target: action: 0x1

I/InputDispatcher(  189): Delivering touch to current input target: action: 0x1

V/webview ( 9175):  singleCursorHandlerTouchEvent -getEditableSupport  FASLE

I/ClipboardServiceEx(  189): Send intent for dismiss clipboard dialog inside hideCurrentInputLocked() !

E/DataRouter(  107): usb connection is true

E/DataRouter(  107): DSR is ON. Don't send DTR ON.

I/InputReader(  189): Touch event's action is 0x0 (deviceType=0) [pCnt=1, pending(waiting finished signal)=0, s=0.305 ]

I/InputDispatcher(  189): Delivering touch to current input target: action: 0x0

I/InputDispatcher(  189): Delivering touch to current input target: action: 0x0

V/webview ( 9175): NO_FAST_DRAW = false

I/InputReader(  189): Touch event's action is 0x1 (deviceType=0) [pCnt=1, pending(waiting finished signal)=0, s=]

I/InputDispatcher(  189): Delivering touch to current input target: action: 0x1

I/InputDispatcher(  189): Delivering touch to current input target: action: 0x1

V/webview ( 9175):  singleCursorHandlerTouchEvent -getEditableSupport  FASLE

I/ClipboardServiceEx(  189): Send intent for dismiss clipboard dialog inside hideCurrentInputLocked() !

I/InputReader(  189): Touch event's action is 0x0 (deviceType=0) [pCnt=1, pending(waiting finished signal)=0, s=0.306 ]

I/InputDispatcher(  189): Delivering touch to current input target: action: 0x0

I/InputDispatcher(  189): Delivering touch to current input target: action: 0x0

V/webview ( 9175): NO_FAST_DRAW = false

I/InputReader(  189): Touch event's action is 0x1 (deviceType=0) [pCnt=1, pending(waiting finished signal)=0, s=]

I/InputDispatcher(  189): Delivering touch to current input target: action: 0x1

I/InputDispatcher(  189): Delivering touch to current input target: action: 0x1

V/webview ( 9175):  singleCursorHandlerTouchEvent -getEditableSupport  FASLE

I/ClipboardServiceEx(  189): Send intent for dismiss clipboard dialog inside hideCurrentInputLocked() !

E/DataRouter(  107): usb connection is true

E/DataRouter(  107): DSR is ON. Don't send DTR ON.

W/PowerManagerService(  189): Timer 0x7->0x3|0x0

I/PowerManagerService(  189): Ulight 7->3|0

D/PowerManagerService(  189): setLightBrightness : mButtonLight : 0

I/InputReader(  189): Touch event's action is 0x0 (deviceType=0) [pCnt=1, pending(waiting finished signal)=0, s=0.307 ]

I/InputDispatcher(  189): Delivering touch to current input target: action: 0x0

I/InputDispatcher(  189): Delivering touch to current input target: action: 0x0

V/webview ( 9175): NO_FAST_DRAW = false

I/PowerManagerService(  189): Ulight 3->7|0

D/PowerManagerService(  189): setLightBrightness : mButtonLight : 96

I/InputReader(  189): Touch event's action is 0x1 (deviceType=0) [pCnt=1, pending(waiting finished signal)=0, s=]

I/InputDispatcher(  189): Delivering touch to current input target: action: 0x1

I/InputDispatcher(  189): Delivering touch to current input target: action: 0x1

V/webview ( 9175):  singleCursorHandlerTouchEvent -getEditableSupport  FASLE

I/AudioService(  189): playSoundEffect() type:0 volume:-1

I/AudioPolicyManagerBase(  113): getSituationVolume: isBTConnected:0 isHeadConnected:0

I/AudioPolicyManager(  113): getParamFromPolicy  deviceInt = 0, situationInt = 1, situationVolume = 0.300000

I/AudioPolicyManager(  113): startOutput() output 1, stream 1, session 130

I/AudioFlinger(  113): start output streamType (0, 1) for 1

D/AudioHardware(  113): AudioStreamOutALSA::setParameters() start_output_streamtype=1

D/AudioHardware(  113): AudioHardware pcm playback is exiting standby.

V/AudioHardware(  113): open pcm_out driver

I/AudioHardware(  113): openPcmOut_l() mPcmOpenCnt: 0

I/ClipboardServiceEx(  189): Send intent for dismiss clipboard dialog inside hideCurrentInputLocked() !

V/AudioHardware(  113): openPcmOut_l end

V/AudioHardware(  113): openMixer_l() mMixerOpenCnt: 0

V/AudioHardware(  113): openMixer_l end

V/AudioHardware(  113): open playback normal

V/AudioHardware(  113): write() wakeup setting route SPK

I/AudioHardware(  113): mSetVolumeIndex=0, mIsMusicPlaying=0, musicvolumeindex=-2

I/AudioPolicyManager(  113): stopOutput() output 1, stream 1, session 130

I/AudioFlinger(  113): stop output streamType (0, 1) for 1

D/AudioHardware(  113): AudioStreamOutALSA::setParameters() stop_output_streamtype=1

E/DataRouter(  107): usb connection is true

E/DataRouter(  107): DSR is ON. Don't send DTR ON.

D/STATUSBAR-NetworkController(  272): onReceive() - RSSI_CHANGED_ACTION, WIFI_STATE, NETWORK_STATE

W/PowerManagerService(  189): Timer 0x7->0x3|0x0

I/PowerManagerService(  189): Ulight 7->3|0

D/PowerManagerService(  189): setLightBrightness : mButtonLight : 0

E/DataRouter(  107): usb connection is true

E/DataRouter(  107): DSR is ON. Don't send DTR ON.

I/InputReader(  189): Touch event's action is 0x0 (deviceType=0) [pCnt=1, pending(waiting finished signal)=0, s=0.308 ]

I/InputDispatcher(  189): Delivering touch to current input target: action: 0x0

I/InputDispatcher(  189): Delivering touch to current input target: action: 0x0

I/PowerManagerService(  189): Ulight 3->7|0

D/PowerManagerService(  189): setLightBrightness : mButtonLight : 96

V/webview ( 9175): NO_FAST_DRAW = false

I/InputReader(  189): Touch event's action is 0x1 (deviceType=0) [pCnt=1, pending(waiting finished signal)=0, s=]

I/InputDispatcher(  189): Delivering touch to current input target: action: 0x1

I/InputDispatcher(  189): Delivering touch to current input target: action: 0x1

V/webview ( 9175):  singleCursorHandlerTouchEvent -getEditableSupport  FASLE

I/AudioService(  189): playSoundEffect() type:0 volume:-1

I/AudioPolicyManagerBase(  113): getSituationVolume: isBTConnected:0 isHeadConnected:0

I/AudioPolicyManager(  113): getParamFromPolicy  deviceInt = 0, situationInt = 1, situationVolume = 0.300000

I/AudioPolicyManager(  113): startOutput() output 1, stream 1, session 131

I/AudioFlinger(  113): start output streamType (0, 1) for 1

D/AudioHardware(  113): AudioStreamOutALSA::setParameters() start_output_streamtype=1

I/ClipboardServiceEx(  189): Send intent for dismiss clipboard dialog inside hideCurrentInputLocked() !

I/AudioPolicyManager(  113): stopOutput() output 1, stream 1, session 131

I/AudioFlinger(  113): stop output streamType (0, 1) for 1

D/AudioHardware(  113): AudioStreamOutALSA::setParameters() stop_output_streamtype=1

D/STATUSBAR-NetworkController(  272): onReceive() - RSSI_CHANGED_ACTION, WIFI_STATE, NETWORK_STATE

W/PowerManagerService(  189): Timer 0x7->0x3|0x0

I/PowerManagerService(  189): Ulight 7->3|0

D/PowerManagerService(  189): setLightBrightness : mButtonLight : 0

E/DataRouter(  107): usb connection is true

E/DataRouter(  107): DSR is ON. Don't send DTR ON.

E/AudioHardware(  113): AudioStreamOutALSA::standby spdifenable =0

D/AudioHardware(  113): AudioHardware pcm playback is going to standby.

V/AudioHardware(  113): closeMixer_l() mMixerOpenCnt: 1

V/AudioHardware(  113): closeMixer_l mMixerOpenCnt = 0 end

I/AudioHardware(  113): closePcmOut_l() mPcmOpenCnt: 1

V/AudioHardware(  113): closePcmOut_l end

E/DataRouter(  107): usb connection is true

E/DataRouter(  107): DSR is ON. Don't send DTR ON.

W/WifiStateTracker(  189): getNetworkInfo : NetworkInfo: type: WIFI[], state: CONNECTED/CONNECTED, reason: (unspecified), extra: (none), roaming: false, failover: false, isAvailable: true

E/DataRouter(  107): usb connection is true

E/DataRouter(  107): DSR is ON. Don't send DTR ON.

E/DataRouter(  107): usb connection is true

E/DataRouter(  107): DSR is ON. Don't send DTR ON.

E/DataRouter(  107): usb connection is true

E/DataRouter(  107): DSR is ON. Don't send DTR ON.

E/Watchdog(  189): !@Sync 48

E/DataRouter(  107): usb connection is true

E/DataRouter(  107): DSR is ON. Don't send DTR ON.

D/BatteryService(  189): update start

D/BatteryService(  189): level:89 scale:100 status:3 health:2 present:true voltage: 4044 temperature: 220 technology: Li-ion AC powered:false USB powered:true icon:17302819 invalid charger:0

D/KeyguardUpdateMonitor(  189): received broadcast android.intent.action.BATTERY_CHANGED

D/KeyguardUpdateMonitor(  189): handleBatteryUpdate

D/WifiService(  189): ACTION_BATTERY_CHANGED pluggedType: 2

D/STATUSBAR-BatteryController(  272): onReceive() - ACTION_BATTERY_CHANGED

D/STATUSBAR-BatteryController(  272): onReceive() - level:89

D/STATUSBAR-BatteryController(  272): onReceive() - plugged:2

D/STATUSBAR-BatteryController(  272): onReceive() - BATTERY_STATUS_DISCHARGING: tw_stat_sys_battery_usb_not_charge

D/UiModeManager(  189): mLastBroadcastState = 0mCarModeEnabled = falseisDeskDockState(mDockState) = false

I/RilActionService(  845): BroadcastReceiverandroid.intent.action.BATTERY_CHANGED

V/UiModeManager(  189): updateLocked: null action, mDockState=0, firing homeIntent: null

D/UiModeManager(  189): updateConfigurationLocked: mDockState=0; mCarMode=false; mNightMode=0; uiMode=17

D/TabletStatusBar(  272): ACTION_BATTERY_CHANGED

D/TabletStatusBar(  272): NORMAL_BATTERY

E/DataRouter(  107): usb connection is true

E/DataRouter(  107): DSR is ON. Don't send DTR ON.

E/DataRouter(  107): usb connection is true

E/DataRouter(  107): DSR is ON. Don't send DTR ON.

E/DataRouter(  107): usb connection is true

E/DataRouter(  107): DSR is ON. Don't send DTR ON.

E/DataRouter(  107): usb connection is true

E/DataRouter(  107): DSR is ON. Don't send DTR ON.

E/DataRouter(  107): usb connection is true

E/DataRouter(  107): DSR is ON. Don't send DTR ON.

W/PowerManagerService(  189): Timer 0x3->0x1|0x0

I/PowerManagerService(  189): Ulight 3->1|0

I/PowerManagerService(  189): Light Animator Finished curIntValue=20

E/DataRouter(  107): usb connection is true

E/DataRouter(  107): DSR is ON. Don't send DTR ON.

E/DataRouter(  107): usb connection is true

E/DataRouter(  107): DSR is ON. Don't send DTR ON.

E/DataRouter(  107): usb connection is true

E/DataRouter(  107): DSR is ON. Don't send DTR ON.

E/DataRouter(  107): usb connection is true

E/DataRouter(  107): DSR is ON. Don't send DTR ON.

W/PowerManagerService(  189): Timer 0x1->0x0|0x0

D/PowerManagerService(  189): Screen__Off : Timeout

I/PowerManagerService(  189): Ulight 1->0|0

D/PowerManagerService(  189): Light onSensorChanged : return, isScreenTurningOffLocked : true

D/PowerManagerService(  189): Tilt onSensorChanged : return, isScreenTurningOffLocked : true

